[INFO] [1787211131.765424883] [camera.camera]: RealSense ROS v4.58.1
[INFO] [1787211131.765464843] [camera.camera]: Built with LibRealSense v2.58.1
[INFO] [1787211131.765469022] [camera.camera]: Running with LibRealSense v2.58.1
[INFO] [1787211131.850185331] [camera.camera]: Device with serial number 254622074096 was found.

[INFO] [1787211131.850287449] [camera.camera]: Device with physical ID /sys/devices/pci0000:00/0000:00:14.0/usb2/2-4/2-4:1.0/video4linux/video0 was found.
[INFO] [1787211131.850318318] [camera.camera]: Device with name Intel RealSense D435 was found.
[INFO] [1787211131.850813009] [camera.camera]: Device with port number 2-4 was found.
[INFO] [1787211131.850831161] [camera.camera]: Device USB type: 3.2
[INFO] [1787211131.850843846] [camera.camera]: Resetting device...
[INFO] [1787211133.864321675] [camera.camera]: Device with serial number 254622074096 was found.

[INFO] [1787211133.864444424] [camera.camera]: Device with physical ID /sys/devices/pci0000:00/0000:00:14.0/usb2/2-4/2-4:1.0/video4linux/video0 was found.
[INFO] [1787211133.864466825] [camera.camera]: Device with name Intel RealSense D435 was found.
[INFO] [1787211133.864921927] [camera.camera]: Device with port number 2-4 was found.
[INFO] [1787211133.864941818] [camera.camera]: Device USB type: 3.2
[INFO] [1787211133.865072075] [camera.camera]: getParameters...
[INFO] [1787211133.865997489] [camera.camera]: JSON file is not provided
[INFO] [1787211133.866023329] [camera.camera]: Device Name: Intel RealSense D435
[INFO] [1787211133.866037239] [camera.camera]: Device Serial No: 254622074096
[INFO] [1787211133.866050164] [camera.camera]: Device physical port: /sys/devices/pci0000:00/0000:00:14.0/usb2/2-4/2-4:1.0/video4linux/video0
[INFO] [1787211133.866067347] [camera.camera]: Device FW version: 5.17.0.10
[INFO] [1787211133.866082154] [camera.camera]: Device Product ID: 0x0B07
[INFO] [1787211133.866096141] [camera.camera]: Sync Mode: On
[WARN] [1787211133.963683386] [camera.camera]: re-enable the stream for the change to take effect.
[INFO] [1787211133.964648558] [camera.camera]: Set ROS param depth_module.infra_profile to default: 848x480x30
[WARN] [1787211133.971678998] [camera.camera]: re-enable the stream for the change to take effect.
[INFO] [1787211133.974841279] [camera.camera]: Stopping Sensor: Depth Module
[INFO] [1787211133.974873207] [camera.camera]: Stopping Sensor: RGB Camera
[INFO] [1787211133.986950810] [camera.camera]: Starting Sensor: Depth Module
[INFO] [1787211133.990320577] [camera.camera]: Open profile: stream_type: Depth(0), Format: Z16, Width: 1280, Height: 720, FPS: 15
[INFO] [1787211134.021617771] [camera.camera]: Starting Sensor: RGB Camera
[INFO] [1787211134.037586027] [camera.camera]: Open profile: stream_type: Color(0), Format: RGB8, Width: 1920, Height: 1080, FPS: 15
[INFO] [1787211134.043233389] [camera.camera]: RealSense Node Is Up!
[INFO] [1787211141.081918971] [rclcpp]: signal_handler(SIGINT/SIGTERM)
