-- The C compiler identification is GNU 13.3.0
-- The CXX compiler identification is GNU 13.3.0
-- Detecting C compiler ABI info
-- Detecting C compiler ABI info - done
-- Check for working C compiler: /usr/bin/cc - skipped
-- Detecting C compile features
-- Detecting C compile features - done
-- Detecting CXX compiler ABI info
-- Detecting CXX compiler ABI info - done
-- Check for working CXX compiler: /usr/bin/c++ - skipped
-- Detecting CXX compile features
-- Detecting CXX compile features - done
-- Found ament_cmake: 2.5.6 (/opt/ros/jazzy/share/ament_cmake/cmake)
-- Found Python3: /usr/bin/python3 (found version "3.12.3") found components: Interpreter 
-- Override CMake install command with custom implementation using symlinks instead of copying resources
-- Found urdf: 2.10.0 (/opt/ros/jazzy/share/urdf/cmake)
-- Found TinyXML2 via Config file: /usr/lib/x86_64-linux-gnu/cmake/tinyxml2
-- Found ament_lint_auto: 0.17.5 (/opt/ros/jazzy/share/ament_lint_auto/cmake)
-- Added test 'lint_cmake' to check CMake code style
-- Added test 'xmllint' to check XML markup files
-- Configuring done (0.6s)
-- Generating done (0.0s)
-- Build files have been written to: /home/juchan-yoon/FR5_robot_control/robot_ws/build/fairino_description
-- Install configuration: ""
-- Execute custom install script
-- Symlinking: /home/juchan-yoon/FR5_robot_control/robot_ws/install/fairino_description/share/fairino_description/meshes/FR3WML/collision/base_link.STL
-- Symlinking: /home/juchan-yoon/FR5_robot_control/robot_ws/install/fairino_description/share/fairino_description/meshes/FR3WML/collision/forearm_Link.STL
-- Symlinking: /home/juchan-yoon/FR5_robot_control/robot_ws/install/fairino_description/share/fairino_description/meshes/FR3WML/collision/shoulder_Link.STL
-- Symlinking: /home/juchan-yoon/FR5_robot_control/robot_ws/install/fairino_description/share/fairino_description/meshes/FR3WML/collision/upperarm_Link.STL
-- Symlinking: /home/juchan-yoon/FR5_robot_control/robot_ws/install/fairino_description/share/fairino_description/meshes/FR3WML/collision/wrist1_Link.STL
-- Symlinking: /home/juchan-yoon/FR5_robot_control/robot_ws/install/fairino_description/share/fairino_description/meshes/FR3WML/collision/wrist2_Link.STL
-- Symlinking: /home/juchan-yoon/FR5_robot_control/robot_ws/install/fairino_description/share/fairino_description/meshes/FR3WML/collision/wrist3_Link.STL
-- Symlinking: /home/juchan-yoon/FR5_robot_control/robot_ws/install/fairino_description/share/fairino_description/meshes/FR3WML/visual/base_link.dae
-- Symlinking: /home/juchan-yoon/FR5_robot_control/robot_ws/install/fairino_description/share/fairino_description/meshes/FR3WML/visual/forearm_Link.dae
-- Symlinking: /home/juchan-yoon/FR5_robot_control/robot_ws/install/fairino_description/share/fairino_description/meshes/FR3WML/visual/shoulder_Link.dae
-- Symlinking: /home/juchan-yoon/FR5_robot_control/robot_ws/install/fairino_description/share/fairino_description/meshes/FR3WML/visual/upperarm_Link.dae
-- Symlinking: /home/juchan-yoon/FR5_robot_control/robot_ws/install/fairino_description/share/fairino_description/meshes/FR3WML/visual/wrist1_Link.dae
-- Symlinking: /home/juchan-yoon/FR5_robot_control/robot_ws/install/fairino_description/share/fairino_description/meshes/FR3WML/visual/wrist2_Link.dae
-- Symlinking: /home/juchan-yoon/FR5_robot_control/robot_ws/install/fairino_description/share/fairino_description/meshes/FR3WML/visual/wrist3_Link.dae
-- Symlinking: /home/juchan-yoon/FR5_robot_control/robot_ws/install/fairino_description/share/fairino_description/meshes/FR3WMS/collision/base_link.STL
-- Symlinking: /home/juchan-yoon/FR5_robot_control/robot_ws/install/fairino_description/share/fairino_description/meshes/FR3WMS/collision/forearm_Link.STL
-- Symlinking: /home/juchan-yoon/FR5_robot_control/robot_ws/install/fairino_description/share/fairino_description/meshes/FR3WMS/collision/shoulder_Link.STL
-- Symlinking: /home/juchan-yoon/FR5_robot_control/robot_ws/install/fairino_description/share/fairino_description/meshes/FR3WMS/collision/upperarm_Link.STL
-- Symlinking: /home/juchan-yoon/FR5_robot_control/robot_ws/install/fairino_description/share/fairino_description/meshes/FR3WMS/collision/wrist1_Link.STL
-- Symlinking: /home/juchan-yoon/FR5_robot_control/robot_ws/install/fairino_description/share/fairino_description/meshes/FR3WMS/collision/wrist2_Link.STL
-- Symlinking: /home/juchan-yoon/FR5_robot_control/robot_ws/install/fairino_description/share/fairino_description/meshes/FR3WMS/collision/wrist3_Link.STL
-- Symlinking: /home/juchan-yoon/FR5_robot_control/robot_ws/install/fairino_description/share/fairino_description/meshes/FR3WMS/visual/base_link.dae
-- Symlinking: /home/juchan-yoon/FR5_robot_control/robot_ws/install/fairino_description/share/fairino_description/meshes/FR3WMS/visual/forearm_Link.dae
-- Symlinking: /home/juchan-yoon/FR5_robot_control/robot_ws/install/fairino_description/share/fairino_description/meshes/FR3WMS/visual/shoulder_Link.dae
-- Symlinking: /home/juchan-yoon/FR5_robot_control/robot_ws/install/fairino_description/share/fairino_description/meshes/FR3WMS/visual/upperarm_Link.dae
-- Symlinking: /home/juchan-yoon/FR5_robot_control/robot_ws/install/fairino_description/share/fairino_description/meshes/FR3WMS/visual/wrist1_Link.dae
-- Symlinking: /home/juchan-yoon/FR5_robot_control/robot_ws/install/fairino_description/share/fairino_description/meshes/FR3WMS/visual/wrist2_Link.dae
-- Symlinking: /home/juchan-yoon/FR5_robot_control/robot_ws/install/fairino_description/share/fairino_description/meshes/FR3WMS/visual/wrist3_Link.dae
-- Symlinking: /home/juchan-yoon/FR5_robot_control/robot_ws/install/fairino_description/share/fairino_description/meshes/FR5WM/collision/base_link.STL
-- Symlinking: /home/juchan-yoon/FR5_robot_control/robot_ws/install/fairino_description/share/fairino_description/meshes/FR5WM/collision/forearm_Link.STL
-- Symlinking: /home/juchan-yoon/FR5_robot_control/robot_ws/install/fairino_description/share/fairino_description/meshes/FR5WM/collision/shoulder_Link.STL
-- Symlinking: /home/juchan-yoon/FR5_robot_control/robot_ws/install/fairino_description/share/fairino_description/meshes/FR5WM/collision/upperarm_Link.STL
-- Symlinking: /home/juchan-yoon/FR5_robot_control/robot_ws/install/fairino_description/share/fairino_description/meshes/FR5WM/collision/wrist1_Link.STL
-- Symlinking: /home/juchan-yoon/FR5_robot_control/robot_ws/install/fairino_description/share/fairino_description/meshes/FR5WM/collision/wrist2_Link.STL
-- Symlinking: /home/juchan-yoon/FR5_robot_control/robot_ws/install/fairino_description/share/fairino_description/meshes/FR5WM/collision/wrist3_Link.STL
-- Symlinking: /home/juchan-yoon/FR5_robot_control/robot_ws/install/fairino_description/share/fairino_description/meshes/FR5WM/visual/base_link.dae
-- Symlinking: /home/juchan-yoon/FR5_robot_control/robot_ws/install/fairino_description/share/fairino_description/meshes/FR5WM/visual/forearm_Link.dae
-- Symlinking: /home/juchan-yoon/FR5_robot_control/robot_ws/install/fairino_description/share/fairino_description/meshes/FR5WM/visual/shoulder_Link.dae
-- Symlinking: /home/juchan-yoon/FR5_robot_control/robot_ws/install/fairino_description/share/fairino_description/meshes/FR5WM/visual/upperarm_Link.dae
-- Symlinking: /home/juchan-yoon/FR5_robot_control/robot_ws/install/fairino_description/share/fairino_description/meshes/FR5WM/visual/wrist1_Link.dae
-- Symlinking: /home/juchan-yoon/FR5_robot_control/robot_ws/install/fairino_description/share/fairino_description/meshes/FR5WM/visual/wrist2_Link.dae
-- Symlinking: /home/juchan-yoon/FR5_robot_control/robot_ws/install/fairino_description/share/fairino_description/meshes/FR5WM/visual/wrist3_Link.dae
-- Symlinking: /home/juchan-yoon/FR5_robot_control/robot_ws/install/fairino_description/share/fairino_description/meshes/fairino10_v6/base_link.STL
-- Symlinking: /home/juchan-yoon/FR5_robot_control/robot_ws/install/fairino_description/share/fairino_description/meshes/fairino10_v6/forearm_link.STL
-- Symlinking: /home/juchan-yoon/FR5_robot_control/robot_ws/install/fairino_description/share/fairino_description/meshes/fairino10_v6/shoulder_link.STL
-- Symlinking: /home/juchan-yoon/FR5_robot_control/robot_ws/install/fairino_description/share/fairino_description/meshes/fairino10_v6/upperarm_link.STL
-- Symlinking: /home/juchan-yoon/FR5_robot_control/robot_ws/install/fairino_description/share/fairino_description/meshes/fairino10_v6/wrist1_link.STL
-- Symlinking: /home/juchan-yoon/FR5_robot_control/robot_ws/install/fairino_description/share/fairino_description/meshes/fairino10_v6/wrist2_link.STL
-- Symlinking: /home/juchan-yoon/FR5_robot_control/robot_ws/install/fairino_description/share/fairino_description/meshes/fairino10_v6/wrist3_link.STL
-- Symlinking: /home/juchan-yoon/FR5_robot_control/robot_ws/install/fairino_description/share/fairino_description/meshes/fairino16_v6/base_link.STL
-- Symlinking: /home/juchan-yoon/FR5_robot_control/robot_ws/install/fairino_description/share/fairino_description/meshes/fairino16_v6/forearm_link.STL
-- Symlinking: /home/juchan-yoon/FR5_robot_control/robot_ws/install/fairino_description/share/fairino_description/meshes/fairino16_v6/shoulder_link.STL
-- Symlinking: /home/juchan-yoon/FR5_robot_control/robot_ws/install/fairino_description/share/fairino_description/meshes/fairino16_v6/upperarm_link.STL
-- Symlinking: /home/juchan-yoon/FR5_robot_control/robot_ws/install/fairino_description/share/fairino_description/meshes/fairino16_v6/wrist1_link.STL
-- Symlinking: /home/juchan-yoon/FR5_robot_control/robot_ws/install/fairino_description/share/fairino_description/meshes/fairino16_v6/wrist2_link.STL
-- Symlinking: /home/juchan-yoon/FR5_robot_control/robot_ws/install/fairino_description/share/fairino_description/meshes/fairino16_v6/wrist3_link.STL
-- Symlinking: /home/juchan-yoon/FR5_robot_control/robot_ws/install/fairino_description/share/fairino_description/meshes/fairino20_v6/base_link.STL
-- Symlinking: /home/juchan-yoon/FR5_robot_control/robot_ws/install/fairino_description/share/fairino_description/meshes/fairino20_v6/forearm_link.STL
-- Symlinking: /home/juchan-yoon/FR5_robot_control/robot_ws/install/fairino_description/share/fairino_description/meshes/fairino20_v6/shoulder_link.STL
-- Symlinking: /home/juchan-yoon/FR5_robot_control/robot_ws/install/fairino_description/share/fairino_description/meshes/fairino20_v6/upperarm_link.STL
-- Symlinking: /home/juchan-yoon/FR5_robot_control/robot_ws/install/fairino_description/share/fairino_description/meshes/fairino20_v6/wrist1_link.STL
-- Symlinking: /home/juchan-yoon/FR5_robot_control/robot_ws/install/fairino_description/share/fairino_description/meshes/fairino20_v6/wrist2_link.STL
-- Symlinking: /home/juchan-yoon/FR5_robot_control/robot_ws/install/fairino_description/share/fairino_description/meshes/fairino20_v6/wrist3_link.STL
-- Symlinking: /home/juchan-yoon/FR5_robot_control/robot_ws/install/fairino_description/share/fairino_description/meshes/fairino30_v6/base_link.STL
-- Symlinking: /home/juchan-yoon/FR5_robot_control/robot_ws/install/fairino_description/share/fairino_description/meshes/fairino30_v6/forearm_link.STL
-- Symlinking: /home/juchan-yoon/FR5_robot_control/robot_ws/install/fairino_description/share/fairino_description/meshes/fairino30_v6/shoulder_link.STL
-- Symlinking: /home/juchan-yoon/FR5_robot_control/robot_ws/install/fairino_description/share/fairino_description/meshes/fairino30_v6/tool_link.STL
-- Symlinking: /home/juchan-yoon/FR5_robot_control/robot_ws/install/fairino_description/share/fairino_description/meshes/fairino30_v6/uppperarm_link.STL
-- Symlinking: /home/juchan-yoon/FR5_robot_control/robot_ws/install/fairino_description/share/fairino_description/meshes/fairino30_v6/wrist1_link.STL
-- Symlinking: /home/juchan-yoon/FR5_robot_control/robot_ws/install/fairino_description/share/fairino_description/meshes/fairino30_v6/wrist2_link.STL
-- Symlinking: /home/juchan-yoon/FR5_robot_control/robot_ws/install/fairino_description/share/fairino_description/meshes/fairino30_v6/wrist3_link.STL
-- Symlinking: /home/juchan-yoon/FR5_robot_control/robot_ws/install/fairino_description/share/fairino_description/meshes/fairino3_mt_v6/base_link.STL
-- Symlinking: /home/juchan-yoon/FR5_robot_control/robot_ws/install/fairino_description/share/fairino_description/meshes/fairino3_mt_v6/forearm_link.STL
-- Symlinking: /home/juchan-yoon/FR5_robot_control/robot_ws/install/fairino_description/share/fairino_description/meshes/fairino3_mt_v6/shoulder_link.STL
-- Symlinking: /home/juchan-yoon/FR5_robot_control/robot_ws/install/fairino_description/share/fairino_description/meshes/fairino3_mt_v6/upperarm_link.STL
-- Symlinking: /home/juchan-yoon/FR5_robot_control/robot_ws/install/fairino_description/share/fairino_description/meshes/fairino3_mt_v6/wrist1_link.STL
-- Symlinking: /home/juchan-yoon/FR5_robot_control/robot_ws/install/fairino_description/share/fairino_description/meshes/fairino3_mt_v6/wrist2_link.STL
-- Symlinking: /home/juchan-yoon/FR5_robot_control/robot_ws/install/fairino_description/share/fairino_description/meshes/fairino3_mt_v6/wrist3_link.STL
-- Symlinking: /home/juchan-yoon/FR5_robot_control/robot_ws/install/fairino_description/share/fairino_description/meshes/fairino3_v6/base_link.STL
-- Symlinking: /home/juchan-yoon/FR5_robot_control/robot_ws/install/fairino_description/share/fairino_description/meshes/fairino3_v6/forearm_link.STL
-- Symlinking: /home/juchan-yoon/FR5_robot_control/robot_ws/install/fairino_description/share/fairino_description/meshes/fairino3_v6/shoulder_link.STL
-- Symlinking: /home/juchan-yoon/FR5_robot_control/robot_ws/install/fairino_description/share/fairino_description/meshes/fairino3_v6/upperarm_link.STL
-- Symlinking: /home/juchan-yoon/FR5_robot_control/robot_ws/install/fairino_description/share/fairino_description/meshes/fairino3_v6/wrist1_link.STL
-- Symlinking: /home/juchan-yoon/FR5_robot_control/robot_ws/install/fairino_description/share/fairino_description/meshes/fairino3_v6/wrist2_link.STL
-- Symlinking: /home/juchan-yoon/FR5_robot_control/robot_ws/install/fairino_description/share/fairino_description/meshes/fairino3_v6/wrist3_link.STL
-- Symlinking: /home/juchan-yoon/FR5_robot_control/robot_ws/install/fairino_description/share/fairino_description/meshes/fairino5_v6/base_link.STL
-- Symlinking: /home/juchan-yoon/FR5_robot_control/robot_ws/install/fairino_description/share/fairino_description/meshes/fairino5_v6/forearm_link.STL
-- Symlinking: /home/juchan-yoon/FR5_robot_control/robot_ws/install/fairino_description/share/fairino_description/meshes/fairino5_v6/shoulder_link.STL
-- Symlinking: /home/juchan-yoon/FR5_robot_control/robot_ws/install/fairino_description/share/fairino_description/meshes/fairino5_v6/upperarm_link.STL
-- Symlinking: /home/juchan-yoon/FR5_robot_control/robot_ws/install/fairino_description/share/fairino_description/meshes/fairino5_v6/wrist1_link.STL
-- Symlinking: /home/juchan-yoon/FR5_robot_control/robot_ws/install/fairino_description/share/fairino_description/meshes/fairino5_v6/wrist2_link.STL
-- Symlinking: /home/juchan-yoon/FR5_robot_control/robot_ws/install/fairino_description/share/fairino_description/meshes/fairino5_v6/wrist3_link.STL
-- Symlinking: /home/juchan-yoon/FR5_robot_control/robot_ws/install/fairino_description/share/fairino_description/urdf/FR3WML.urdf
-- Symlinking: /home/juchan-yoon/FR5_robot_control/robot_ws/install/fairino_description/share/fairino_description/urdf/FR3WMS.urdf
-- Symlinking: /home/juchan-yoon/FR5_robot_control/robot_ws/install/fairino_description/share/fairino_description/urdf/FR5WM.urdf
-- Symlinking: /home/juchan-yoon/FR5_robot_control/robot_ws/install/fairino_description/share/fairino_description/urdf/fairino10_v6.urdf
-- Symlinking: /home/juchan-yoon/FR5_robot_control/robot_ws/install/fairino_description/share/fairino_description/urdf/fairino16_v6.urdf
-- Symlinking: /home/juchan-yoon/FR5_robot_control/robot_ws/install/fairino_description/share/fairino_description/urdf/fairino20_v6.urdf
-- Symlinking: /home/juchan-yoon/FR5_robot_control/robot_ws/install/fairino_description/share/fairino_description/urdf/fairino30_v6.urdf
-- Symlinking: /home/juchan-yoon/FR5_robot_control/robot_ws/install/fairino_description/share/fairino_description/urdf/fairino3_mt_v6.urdf
-- Symlinking: /home/juchan-yoon/FR5_robot_control/robot_ws/install/fairino_description/share/fairino_description/urdf/fairino3_v6.urdf
-- Symlinking: /home/juchan-yoon/FR5_robot_control/robot_ws/install/fairino_description/share/fairino_description/urdf/fairino5_v6.urdf
-- Symlinking: /home/juchan-yoon/FR5_robot_control/robot_ws/install/fairino_description/share/ament_index/resource_index/package_run_dependencies/fairino_description
-- Symlinking: /home/juchan-yoon/FR5_robot_control/robot_ws/install/fairino_description/share/ament_index/resource_index/parent_prefix_path/fairino_description
-- Symlinking: /home/juchan-yoon/FR5_robot_control/robot_ws/install/fairino_description/share/fairino_description/environment/ament_prefix_path.sh
-- Symlinking: /home/juchan-yoon/FR5_robot_control/robot_ws/install/fairino_description/share/fairino_description/environment/ament_prefix_path.dsv
-- Symlinking: /home/juchan-yoon/FR5_robot_control/robot_ws/install/fairino_description/share/fairino_description/environment/path.sh
-- Symlinking: /home/juchan-yoon/FR5_robot_control/robot_ws/install/fairino_description/share/fairino_description/environment/path.dsv
-- Symlinking: /home/juchan-yoon/FR5_robot_control/robot_ws/install/fairino_description/share/fairino_description/local_setup.bash
-- Symlinking: /home/juchan-yoon/FR5_robot_control/robot_ws/install/fairino_description/share/fairino_description/local_setup.sh
-- Symlinking: /home/juchan-yoon/FR5_robot_control/robot_ws/install/fairino_description/share/fairino_description/local_setup.zsh
-- Symlinking: /home/juchan-yoon/FR5_robot_control/robot_ws/install/fairino_description/share/fairino_description/local_setup.dsv
-- Symlinking: /home/juchan-yoon/FR5_robot_control/robot_ws/install/fairino_description/share/fairino_description/package.dsv
-- Symlinking: /home/juchan-yoon/FR5_robot_control/robot_ws/install/fairino_description/share/ament_index/resource_index/packages/fairino_description
-- Symlinking: /home/juchan-yoon/FR5_robot_control/robot_ws/install/fairino_description/share/fairino_description/cmake/fairino_descriptionConfig.cmake
-- Symlinking: /home/juchan-yoon/FR5_robot_control/robot_ws/install/fairino_description/share/fairino_description/cmake/fairino_descriptionConfig-version.cmake
-- Symlinking: /home/juchan-yoon/FR5_robot_control/robot_ws/install/fairino_description/share/fairino_description/package.xml
