[0.070s] DEBUG:colcon:Command line arguments: ['/usr/bin/colcon', 'build', '--symlink-install']
[0.070s] DEBUG:colcon:Parsed command line arguments: Namespace(log_base=None, log_level=None, verb_name='build', build_base='build', install_base='install', merge_install=False, symlink_install=True, test_result_base=None, continue_on_error=False, executor='parallel', parallel_workers=16, event_handlers=None, ignore_user_meta=False, metas=['./colcon.meta'], base_paths=['.'], packages_ignore=None, packages_ignore_regex=None, paths=None, packages_up_to=None, packages_up_to_regex=None, packages_above=None, packages_above_and_dependencies=None, packages_above_depth=None, packages_select_by_dep=None, packages_skip_by_dep=None, packages_skip_up_to=None, packages_select_build_failed=False, packages_skip_build_finished=False, packages_select_test_failures=False, packages_skip_test_passed=False, packages_select=None, packages_skip=None, packages_select_regex=None, packages_skip_regex=None, packages_start=None, packages_end=None, allow_overriding=[], cmake_args=None, cmake_target=None, cmake_target_skip_unavailable=False, cmake_clean_cache=False, cmake_clean_first=False, cmake_force_configure=False, ament_cmake_args=None, catkin_cmake_args=None, catkin_skip_building_tests=False, mixin_files=None, mixin=None, verb_parser=<colcon_mixin.mixin.mixin_argument.MixinArgumentDecorator object at 0x791777dbb2f0>, verb_extension=<colcon_core.verb.build.BuildVerb object at 0x791777dbb0b0>, main=<bound method BuildVerb.main of <colcon_core.verb.build.BuildVerb object at 0x791777dbb0b0>>, mixin_verb=('build',))
[0.091s] Level 1:colcon.colcon_core.package_discovery:discover_packages(colcon_meta) check parameters
[0.091s] Level 1:colcon.colcon_core.package_discovery:discover_packages(recursive) check parameters
[0.091s] Level 1:colcon.colcon_core.package_discovery:discover_packages(ignore) check parameters
[0.091s] Level 1:colcon.colcon_core.package_discovery:discover_packages(path) check parameters
[0.091s] Level 1:colcon.colcon_core.package_discovery:discover_packages(colcon_meta) discover
[0.091s] Level 1:colcon.colcon_core.package_discovery:discover_packages(recursive) discover
[0.091s] INFO:colcon.colcon_core.package_discovery:Crawling recursively for packages in '/home/juchan-yoon/FR5_robot_control/ros2_ws'
[0.091s] Level 1:colcon.colcon_core.package_identification:_identify(.) by extensions ['ignore', 'ignore_ament_install']
[0.091s] Level 1:colcon.colcon_core.package_identification:_identify(.) by extension 'ignore'
[0.091s] Level 1:colcon.colcon_core.package_identification:_identify(.) by extension 'ignore_ament_install'
[0.091s] Level 1:colcon.colcon_core.package_identification:_identify(.) by extensions ['colcon_pkg']
[0.091s] Level 1:colcon.colcon_core.package_identification:_identify(.) by extension 'colcon_pkg'
[0.091s] Level 1:colcon.colcon_core.package_identification:_identify(.) by extensions ['colcon_meta']
[0.091s] Level 1:colcon.colcon_core.package_identification:_identify(.) by extension 'colcon_meta'
[0.091s] Level 1:colcon.colcon_core.package_identification:_identify(.) by extensions ['ros']
[0.091s] Level 1:colcon.colcon_core.package_identification:_identify(.) by extension 'ros'
[0.105s] Level 1:colcon.colcon_core.package_identification:_identify(.) by extensions ['cmake', 'python']
[0.105s] Level 1:colcon.colcon_core.package_identification:_identify(.) by extension 'cmake'
[0.105s] Level 1:colcon.colcon_core.package_identification:_identify(.) by extension 'python'
[0.106s] Level 1:colcon.colcon_core.package_identification:_identify(.) by extensions ['python_setup_py']
[0.106s] Level 1:colcon.colcon_core.package_identification:_identify(.) by extension 'python_setup_py'
[0.106s] Level 1:colcon.colcon_core.package_identification:_identify(build) by extensions ['ignore', 'ignore_ament_install']
[0.106s] Level 1:colcon.colcon_core.package_identification:_identify(build) by extension 'ignore'
[0.106s] Level 1:colcon.colcon_core.package_identification:_identify(build) ignored
[0.106s] Level 1:colcon.colcon_core.package_identification:_identify(install) by extensions ['ignore', 'ignore_ament_install']
[0.106s] Level 1:colcon.colcon_core.package_identification:_identify(install) by extension 'ignore'
[0.106s] Level 1:colcon.colcon_core.package_identification:_identify(install) ignored
[0.106s] Level 1:colcon.colcon_core.package_identification:_identify(log) by extensions ['ignore', 'ignore_ament_install']
[0.106s] Level 1:colcon.colcon_core.package_identification:_identify(log) by extension 'ignore'
[0.106s] Level 1:colcon.colcon_core.package_identification:_identify(log) ignored
[0.106s] Level 1:colcon.colcon_core.package_identification:_identify(src) by extensions ['ignore', 'ignore_ament_install']
[0.106s] Level 1:colcon.colcon_core.package_identification:_identify(src) by extension 'ignore'
[0.106s] Level 1:colcon.colcon_core.package_identification:_identify(src) by extension 'ignore_ament_install'
[0.106s] Level 1:colcon.colcon_core.package_identification:_identify(src) by extensions ['colcon_pkg']
[0.106s] Level 1:colcon.colcon_core.package_identification:_identify(src) by extension 'colcon_pkg'
[0.106s] Level 1:colcon.colcon_core.package_identification:_identify(src) by extensions ['colcon_meta']
[0.106s] Level 1:colcon.colcon_core.package_identification:_identify(src) by extension 'colcon_meta'
[0.106s] Level 1:colcon.colcon_core.package_identification:_identify(src) by extensions ['ros']
[0.106s] Level 1:colcon.colcon_core.package_identification:_identify(src) by extension 'ros'
[0.106s] Level 1:colcon.colcon_core.package_identification:_identify(src) by extensions ['cmake', 'python']
[0.106s] Level 1:colcon.colcon_core.package_identification:_identify(src) by extension 'cmake'
[0.106s] Level 1:colcon.colcon_core.package_identification:_identify(src) by extension 'python'
[0.106s] Level 1:colcon.colcon_core.package_identification:_identify(src) by extensions ['python_setup_py']
[0.106s] Level 1:colcon.colcon_core.package_identification:_identify(src) by extension 'python_setup_py'
[0.106s] Level 1:colcon.colcon_core.package_identification:_identify(src/fr5_process_sequences) by extensions ['ignore', 'ignore_ament_install']
[0.106s] Level 1:colcon.colcon_core.package_identification:_identify(src/fr5_process_sequences) by extension 'ignore'
[0.106s] Level 1:colcon.colcon_core.package_identification:_identify(src/fr5_process_sequences) by extension 'ignore_ament_install'
[0.106s] Level 1:colcon.colcon_core.package_identification:_identify(src/fr5_process_sequences) by extensions ['colcon_pkg']
[0.106s] Level 1:colcon.colcon_core.package_identification:_identify(src/fr5_process_sequences) by extension 'colcon_pkg'
[0.106s] Level 1:colcon.colcon_core.package_identification:_identify(src/fr5_process_sequences) by extensions ['colcon_meta']
[0.106s] Level 1:colcon.colcon_core.package_identification:_identify(src/fr5_process_sequences) by extension 'colcon_meta'
[0.106s] Level 1:colcon.colcon_core.package_identification:_identify(src/fr5_process_sequences) by extensions ['ros']
[0.106s] Level 1:colcon.colcon_core.package_identification:_identify(src/fr5_process_sequences) by extension 'ros'
[0.108s] DEBUG:colcon.colcon_core.package_identification:Package 'src/fr5_process_sequences' with type 'ros.ament_python' and name 'fr5_process_sequences'
[0.108s] Level 1:colcon.colcon_core.package_identification:_identify(src/vision_interfaces) by extensions ['ignore', 'ignore_ament_install']
[0.108s] Level 1:colcon.colcon_core.package_identification:_identify(src/vision_interfaces) by extension 'ignore'
[0.108s] Level 1:colcon.colcon_core.package_identification:_identify(src/vision_interfaces) by extension 'ignore_ament_install'
[0.108s] Level 1:colcon.colcon_core.package_identification:_identify(src/vision_interfaces) by extensions ['colcon_pkg']
[0.108s] Level 1:colcon.colcon_core.package_identification:_identify(src/vision_interfaces) by extension 'colcon_pkg'
[0.108s] Level 1:colcon.colcon_core.package_identification:_identify(src/vision_interfaces) by extensions ['colcon_meta']
[0.108s] Level 1:colcon.colcon_core.package_identification:_identify(src/vision_interfaces) by extension 'colcon_meta'
[0.108s] Level 1:colcon.colcon_core.package_identification:_identify(src/vision_interfaces) by extensions ['ros']
[0.108s] Level 1:colcon.colcon_core.package_identification:_identify(src/vision_interfaces) by extension 'ros'
[0.108s] DEBUG:colcon.colcon_core.package_identification:Package 'src/vision_interfaces' with type 'ros.ament_cmake' and name 'vision_interfaces'
[0.108s] Level 1:colcon.colcon_core.package_identification:_identify(src/vision_server) by extensions ['ignore', 'ignore_ament_install']
[0.108s] Level 1:colcon.colcon_core.package_identification:_identify(src/vision_server) by extension 'ignore'
[0.108s] Level 1:colcon.colcon_core.package_identification:_identify(src/vision_server) by extension 'ignore_ament_install'
[0.108s] Level 1:colcon.colcon_core.package_identification:_identify(src/vision_server) by extensions ['colcon_pkg']
[0.108s] Level 1:colcon.colcon_core.package_identification:_identify(src/vision_server) by extension 'colcon_pkg'
[0.108s] Level 1:colcon.colcon_core.package_identification:_identify(src/vision_server) by extensions ['colcon_meta']
[0.108s] Level 1:colcon.colcon_core.package_identification:_identify(src/vision_server) by extension 'colcon_meta'
[0.109s] Level 1:colcon.colcon_core.package_identification:_identify(src/vision_server) by extensions ['ros']
[0.109s] Level 1:colcon.colcon_core.package_identification:_identify(src/vision_server) by extension 'ros'
[0.109s] DEBUG:colcon.colcon_core.package_identification:Package 'src/vision_server' with type 'ros.ament_python' and name 'vision_server'
[0.109s] Level 1:colcon.colcon_core.package_discovery:discover_packages(recursive) using defaults
[0.109s] Level 1:colcon.colcon_core.package_discovery:discover_packages(ignore) discover
[0.109s] Level 1:colcon.colcon_core.package_discovery:discover_packages(ignore) using defaults
[0.109s] Level 1:colcon.colcon_core.package_discovery:discover_packages(path) discover
[0.109s] Level 1:colcon.colcon_core.package_discovery:discover_packages(path) using defaults
[0.120s] Level 1:colcon.colcon_core.package_discovery:discover_packages(prefix_path) check parameters
[0.120s] Level 1:colcon.colcon_core.package_discovery:discover_packages(prefix_path) discover
[0.123s] DEBUG:colcon.colcon_installed_package_information.package_discovery:Found 16 installed packages in /home/juchan-yoon/turtlebot3_ws/install
[0.124s] DEBUG:colcon.colcon_installed_package_information.package_discovery:Found 396 installed packages in /opt/ros/jazzy
[0.125s] Level 1:colcon.colcon_core.package_discovery:discover_packages(prefix_path) using defaults
[0.162s] Level 5:colcon.colcon_core.verb:set package 'fr5_process_sequences' build argument 'cmake_args' from command line to 'None'
[0.162s] Level 5:colcon.colcon_core.verb:set package 'fr5_process_sequences' build argument 'cmake_target' from command line to 'None'
[0.162s] Level 5:colcon.colcon_core.verb:set package 'fr5_process_sequences' build argument 'cmake_target_skip_unavailable' from command line to 'False'
[0.162s] Level 5:colcon.colcon_core.verb:set package 'fr5_process_sequences' build argument 'cmake_clean_cache' from command line to 'False'
[0.162s] Level 5:colcon.colcon_core.verb:set package 'fr5_process_sequences' build argument 'cmake_clean_first' from command line to 'False'
[0.162s] Level 5:colcon.colcon_core.verb:set package 'fr5_process_sequences' build argument 'cmake_force_configure' from command line to 'False'
[0.162s] Level 5:colcon.colcon_core.verb:set package 'fr5_process_sequences' build argument 'ament_cmake_args' from command line to 'None'
[0.162s] Level 5:colcon.colcon_core.verb:set package 'fr5_process_sequences' build argument 'catkin_cmake_args' from command line to 'None'
[0.162s] Level 5:colcon.colcon_core.verb:set package 'fr5_process_sequences' build argument 'catkin_skip_building_tests' from command line to 'False'
[0.162s] DEBUG:colcon.colcon_core.verb:Building package 'fr5_process_sequences' with the following arguments: {'ament_cmake_args': None, 'build_base': '/home/juchan-yoon/FR5_robot_control/ros2_ws/build/fr5_process_sequences', 'catkin_cmake_args': None, 'catkin_skip_building_tests': False, 'cmake_args': None, 'cmake_clean_cache': False, 'cmake_clean_first': False, 'cmake_force_configure': False, 'cmake_target': None, 'cmake_target_skip_unavailable': False, 'install_base': '/home/juchan-yoon/FR5_robot_control/ros2_ws/install/fr5_process_sequences', 'merge_install': False, 'path': '/home/juchan-yoon/FR5_robot_control/ros2_ws/src/fr5_process_sequences', 'symlink_install': True, 'test_result_base': None}
[0.163s] Level 5:colcon.colcon_core.verb:set package 'vision_interfaces' build argument 'cmake_args' from command line to 'None'
[0.163s] Level 5:colcon.colcon_core.verb:set package 'vision_interfaces' build argument 'cmake_target' from command line to 'None'
[0.163s] Level 5:colcon.colcon_core.verb:set package 'vision_interfaces' build argument 'cmake_target_skip_unavailable' from command line to 'False'
[0.163s] Level 5:colcon.colcon_core.verb:set package 'vision_interfaces' build argument 'cmake_clean_cache' from command line to 'False'
[0.163s] Level 5:colcon.colcon_core.verb:set package 'vision_interfaces' build argument 'cmake_clean_first' from command line to 'False'
[0.163s] Level 5:colcon.colcon_core.verb:set package 'vision_interfaces' build argument 'cmake_force_configure' from command line to 'False'
[0.163s] Level 5:colcon.colcon_core.verb:set package 'vision_interfaces' build argument 'ament_cmake_args' from command line to 'None'
[0.163s] Level 5:colcon.colcon_core.verb:set package 'vision_interfaces' build argument 'catkin_cmake_args' from command line to 'None'
[0.163s] Level 5:colcon.colcon_core.verb:set package 'vision_interfaces' build argument 'catkin_skip_building_tests' from command line to 'False'
[0.163s] DEBUG:colcon.colcon_core.verb:Building package 'vision_interfaces' with the following arguments: {'ament_cmake_args': None, 'build_base': '/home/juchan-yoon/FR5_robot_control/ros2_ws/build/vision_interfaces', 'catkin_cmake_args': None, 'catkin_skip_building_tests': False, 'cmake_args': None, 'cmake_clean_cache': False, 'cmake_clean_first': False, 'cmake_force_configure': False, 'cmake_target': None, 'cmake_target_skip_unavailable': False, 'install_base': '/home/juchan-yoon/FR5_robot_control/ros2_ws/install/vision_interfaces', 'merge_install': False, 'path': '/home/juchan-yoon/FR5_robot_control/ros2_ws/src/vision_interfaces', 'symlink_install': True, 'test_result_base': None}
[0.163s] Level 5:colcon.colcon_core.verb:set package 'vision_server' build argument 'cmake_args' from command line to 'None'
[0.163s] Level 5:colcon.colcon_core.verb:set package 'vision_server' build argument 'cmake_target' from command line to 'None'
[0.163s] Level 5:colcon.colcon_core.verb:set package 'vision_server' build argument 'cmake_target_skip_unavailable' from command line to 'False'
[0.163s] Level 5:colcon.colcon_core.verb:set package 'vision_server' build argument 'cmake_clean_cache' from command line to 'False'
[0.163s] Level 5:colcon.colcon_core.verb:set package 'vision_server' build argument 'cmake_clean_first' from command line to 'False'
[0.163s] Level 5:colcon.colcon_core.verb:set package 'vision_server' build argument 'cmake_force_configure' from command line to 'False'
[0.163s] Level 5:colcon.colcon_core.verb:set package 'vision_server' build argument 'ament_cmake_args' from command line to 'None'
[0.163s] Level 5:colcon.colcon_core.verb:set package 'vision_server' build argument 'catkin_cmake_args' from command line to 'None'
[0.163s] Level 5:colcon.colcon_core.verb:set package 'vision_server' build argument 'catkin_skip_building_tests' from command line to 'False'
[0.163s] DEBUG:colcon.colcon_core.verb:Building package 'vision_server' with the following arguments: {'ament_cmake_args': None, 'build_base': '/home/juchan-yoon/FR5_robot_control/ros2_ws/build/vision_server', 'catkin_cmake_args': None, 'catkin_skip_building_tests': False, 'cmake_args': None, 'cmake_clean_cache': False, 'cmake_clean_first': False, 'cmake_force_configure': False, 'cmake_target': None, 'cmake_target_skip_unavailable': False, 'install_base': '/home/juchan-yoon/FR5_robot_control/ros2_ws/install/vision_server', 'merge_install': False, 'path': '/home/juchan-yoon/FR5_robot_control/ros2_ws/src/vision_server', 'symlink_install': True, 'test_result_base': None}
[0.163s] INFO:colcon.colcon_core.executor:Executing jobs using 'parallel' executor
[0.163s] DEBUG:colcon.colcon_parallel_executor.executor.parallel:run_until_complete
[0.164s] INFO:colcon.colcon_ros.task.ament_cmake.build:Building ROS package in '/home/juchan-yoon/FR5_robot_control/ros2_ws/src/vision_interfaces' with build type 'ament_cmake'
[0.164s] INFO:colcon.colcon_cmake.task.cmake.build:Building CMake package in '/home/juchan-yoon/FR5_robot_control/ros2_ws/src/vision_interfaces'
[0.166s] INFO:colcon.colcon_core.plugin_system:Skipping extension 'colcon_core.shell.bat': Not used on non-Windows systems
[0.166s] INFO:colcon.colcon_core.shell:Skip shell extension 'powershell' for command environment: Not usable outside of PowerShell
[0.166s] DEBUG:colcon.colcon_core.shell:Skip shell extension 'dsv' for command environment
[0.169s] INFO:colcon.colcon_ros.task.ament_python.build:Building ROS package in '/home/juchan-yoon/FR5_robot_control/ros2_ws/src/fr5_process_sequences' with build type 'ament_python'
[0.169s] Level 1:colcon.colcon_core.shell:create_environment_hook('fr5_process_sequences', 'ament_prefix_path')
[0.169s] INFO:colcon.colcon_core.shell:Creating environment hook '/home/juchan-yoon/FR5_robot_control/ros2_ws/install/fr5_process_sequences/share/fr5_process_sequences/hook/ament_prefix_path.ps1'
[0.170s] INFO:colcon.colcon_core.shell:Creating environment descriptor '/home/juchan-yoon/FR5_robot_control/ros2_ws/install/fr5_process_sequences/share/fr5_process_sequences/hook/ament_prefix_path.dsv'
[0.170s] INFO:colcon.colcon_core.shell:Creating environment hook '/home/juchan-yoon/FR5_robot_control/ros2_ws/install/fr5_process_sequences/share/fr5_process_sequences/hook/ament_prefix_path.sh'
[0.170s] INFO:colcon.colcon_core.shell:Skip shell extension 'powershell' for command environment: Not usable outside of PowerShell
[0.170s] DEBUG:colcon.colcon_core.shell:Skip shell extension 'dsv' for command environment
[0.174s] DEBUG:colcon.colcon_core.event_handler.log_command:Invoking command in '/home/juchan-yoon/FR5_robot_control/ros2_ws/build/vision_interfaces': CMAKE_PREFIX_PATH=${CMAKE_PREFIX_PATH}:/home/juchan-yoon/turtlebot3_ws/install/turtlebot3_test:/home/juchan-yoon/turtlebot3_ws/install/turtlebot3_teleop:/home/juchan-yoon/turtlebot3_ws/install/turtlebot3_example:/opt/ros/jazzy DEBUGINFOD_URLS=https://debuginfod.ubuntu.com /usr/bin/cmake /home/juchan-yoon/FR5_robot_control/ros2_ws/src/vision_interfaces -DAMENT_CMAKE_SYMLINK_INSTALL=1 -DCMAKE_INSTALL_PREFIX=/home/juchan-yoon/FR5_robot_control/ros2_ws/install/vision_interfaces
[0.320s] INFO:colcon.colcon_core.task.python.build:Building Python package in '/home/juchan-yoon/FR5_robot_control/ros2_ws/src/fr5_process_sequences'
[0.320s] INFO:colcon.colcon_core.shell:Skip shell extension 'powershell' for command environment: Not usable outside of PowerShell
[0.320s] DEBUG:colcon.colcon_core.shell:Skip shell extension 'dsv' for command environment
[0.903s] DEBUG:colcon.colcon_core.event_handler.log_command:Invoking command in '/home/juchan-yoon/FR5_robot_control/ros2_ws/build/fr5_process_sequences': DEBUGINFOD_URLS=https://debuginfod.ubuntu.com PYTHONPATH=/home/juchan-yoon/FR5_robot_control/ros2_ws/build/fr5_process_sequences/prefix_override:/usr/lib/python3/dist-packages/colcon_core/task/python/colcon_distutils_commands:/home/juchan-yoon/FR5_robot_control/ros2_ws/install/fr5_process_sequences/lib/python3.12/site-packages:${PYTHONPATH} /usr/bin/python3 -W ignore:setup.py install is deprecated -W ignore:easy_install command is deprecated setup.py develop --editable --build-directory /home/juchan-yoon/FR5_robot_control/ros2_ws/build/fr5_process_sequences/build --no-deps symlink_data
[1.362s] Level 1:colcon.colcon_core.shell:create_environment_hook('fr5_process_sequences', 'pythonpath_develop')
[1.362s] INFO:colcon.colcon_core.shell:Creating environment hook '/home/juchan-yoon/FR5_robot_control/ros2_ws/build/fr5_process_sequences/share/fr5_process_sequences/hook/pythonpath_develop.ps1'
[1.362s] DEBUG:colcon.colcon_core.event_handler.log_command:Invoked command in '/home/juchan-yoon/FR5_robot_control/ros2_ws/build/fr5_process_sequences' returned '0': DEBUGINFOD_URLS=https://debuginfod.ubuntu.com PYTHONPATH=/home/juchan-yoon/FR5_robot_control/ros2_ws/build/fr5_process_sequences/prefix_override:/usr/lib/python3/dist-packages/colcon_core/task/python/colcon_distutils_commands:/home/juchan-yoon/FR5_robot_control/ros2_ws/install/fr5_process_sequences/lib/python3.12/site-packages:${PYTHONPATH} /usr/bin/python3 -W ignore:setup.py install is deprecated -W ignore:easy_install command is deprecated setup.py develop --editable --build-directory /home/juchan-yoon/FR5_robot_control/ros2_ws/build/fr5_process_sequences/build --no-deps symlink_data
[1.363s] INFO:colcon.colcon_core.shell:Creating environment descriptor '/home/juchan-yoon/FR5_robot_control/ros2_ws/build/fr5_process_sequences/share/fr5_process_sequences/hook/pythonpath_develop.dsv'
[1.363s] INFO:colcon.colcon_core.shell:Creating environment hook '/home/juchan-yoon/FR5_robot_control/ros2_ws/build/fr5_process_sequences/share/fr5_process_sequences/hook/pythonpath_develop.sh'
[1.367s] Level 1:colcon.colcon_core.environment:checking '/home/juchan-yoon/FR5_robot_control/ros2_ws/install/fr5_process_sequences' for CMake module files
[1.367s] Level 1:colcon.colcon_core.environment:checking '/home/juchan-yoon/FR5_robot_control/ros2_ws/install/fr5_process_sequences' for CMake config files
[1.367s] Level 1:colcon.colcon_core.environment:checking '/home/juchan-yoon/FR5_robot_control/ros2_ws/install/fr5_process_sequences/lib'
[1.367s] Level 1:colcon.colcon_core.environment:checking '/home/juchan-yoon/FR5_robot_control/ros2_ws/install/fr5_process_sequences/bin'
[1.367s] Level 1:colcon.colcon_core.environment:checking '/home/juchan-yoon/FR5_robot_control/ros2_ws/install/fr5_process_sequences/lib/pkgconfig/fr5_process_sequences.pc'
[1.367s] Level 1:colcon.colcon_core.environment:checking '/home/juchan-yoon/FR5_robot_control/ros2_ws/install/fr5_process_sequences/lib/python3.12/site-packages'
[1.368s] Level 1:colcon.colcon_core.shell:create_environment_hook('fr5_process_sequences', 'pythonpath')
[1.368s] INFO:colcon.colcon_core.shell:Creating environment hook '/home/juchan-yoon/FR5_robot_control/ros2_ws/install/fr5_process_sequences/share/fr5_process_sequences/hook/pythonpath.ps1'
[1.368s] INFO:colcon.colcon_core.shell:Creating environment descriptor '/home/juchan-yoon/FR5_robot_control/ros2_ws/install/fr5_process_sequences/share/fr5_process_sequences/hook/pythonpath.dsv'
[1.368s] INFO:colcon.colcon_core.shell:Creating environment hook '/home/juchan-yoon/FR5_robot_control/ros2_ws/install/fr5_process_sequences/share/fr5_process_sequences/hook/pythonpath.sh'
[1.368s] Level 1:colcon.colcon_core.environment:checking '/home/juchan-yoon/FR5_robot_control/ros2_ws/install/fr5_process_sequences/bin'
[1.368s] Level 1:colcon.colcon_core.environment:create_environment_scripts_only(fr5_process_sequences)
[1.369s] INFO:colcon.colcon_core.shell:Creating package script '/home/juchan-yoon/FR5_robot_control/ros2_ws/install/fr5_process_sequences/share/fr5_process_sequences/package.ps1'
[1.369s] INFO:colcon.colcon_core.shell:Creating package descriptor '/home/juchan-yoon/FR5_robot_control/ros2_ws/install/fr5_process_sequences/share/fr5_process_sequences/package.dsv'
[1.370s] INFO:colcon.colcon_core.shell:Creating package script '/home/juchan-yoon/FR5_robot_control/ros2_ws/install/fr5_process_sequences/share/fr5_process_sequences/package.sh'
[1.370s] INFO:colcon.colcon_core.shell:Creating package script '/home/juchan-yoon/FR5_robot_control/ros2_ws/install/fr5_process_sequences/share/fr5_process_sequences/package.bash'
[1.370s] INFO:colcon.colcon_core.shell:Creating package script '/home/juchan-yoon/FR5_robot_control/ros2_ws/install/fr5_process_sequences/share/fr5_process_sequences/package.zsh'
[1.371s] Level 1:colcon.colcon_core.environment:create_file_with_runtime_dependencies(/home/juchan-yoon/FR5_robot_control/ros2_ws/install/fr5_process_sequences/share/colcon-core/packages/fr5_process_sequences)
[2.763s] DEBUG:colcon.colcon_core.event_handler.log_command:Invoked command in '/home/juchan-yoon/FR5_robot_control/ros2_ws/build/vision_interfaces' returned '0': CMAKE_PREFIX_PATH=${CMAKE_PREFIX_PATH}:/home/juchan-yoon/turtlebot3_ws/install/turtlebot3_test:/home/juchan-yoon/turtlebot3_ws/install/turtlebot3_teleop:/home/juchan-yoon/turtlebot3_ws/install/turtlebot3_example:/opt/ros/jazzy DEBUGINFOD_URLS=https://debuginfod.ubuntu.com /usr/bin/cmake /home/juchan-yoon/FR5_robot_control/ros2_ws/src/vision_interfaces -DAMENT_CMAKE_SYMLINK_INSTALL=1 -DCMAKE_INSTALL_PREFIX=/home/juchan-yoon/FR5_robot_control/ros2_ws/install/vision_interfaces
[2.763s] DEBUG:colcon.colcon_core.event_handler.log_command:Invoking command in '/home/juchan-yoon/FR5_robot_control/ros2_ws/build/vision_interfaces': CMAKE_PREFIX_PATH=${CMAKE_PREFIX_PATH}:/home/juchan-yoon/turtlebot3_ws/install/turtlebot3_test:/home/juchan-yoon/turtlebot3_ws/install/turtlebot3_teleop:/home/juchan-yoon/turtlebot3_ws/install/turtlebot3_example:/opt/ros/jazzy DEBUGINFOD_URLS=https://debuginfod.ubuntu.com /usr/bin/cmake --build /home/juchan-yoon/FR5_robot_control/ros2_ws/build/vision_interfaces -- -j16 -l16
[5.016s] DEBUG:colcon.colcon_core.event_handler.log_command:Invoked command in '/home/juchan-yoon/FR5_robot_control/ros2_ws/build/vision_interfaces' returned '0': CMAKE_PREFIX_PATH=${CMAKE_PREFIX_PATH}:/home/juchan-yoon/turtlebot3_ws/install/turtlebot3_test:/home/juchan-yoon/turtlebot3_ws/install/turtlebot3_teleop:/home/juchan-yoon/turtlebot3_ws/install/turtlebot3_example:/opt/ros/jazzy DEBUGINFOD_URLS=https://debuginfod.ubuntu.com /usr/bin/cmake --build /home/juchan-yoon/FR5_robot_control/ros2_ws/build/vision_interfaces -- -j16 -l16
[5.024s] DEBUG:colcon.colcon_core.event_handler.log_command:Invoking command in '/home/juchan-yoon/FR5_robot_control/ros2_ws/build/vision_interfaces': CMAKE_PREFIX_PATH=${CMAKE_PREFIX_PATH}:/home/juchan-yoon/turtlebot3_ws/install/turtlebot3_test:/home/juchan-yoon/turtlebot3_ws/install/turtlebot3_teleop:/home/juchan-yoon/turtlebot3_ws/install/turtlebot3_example:/opt/ros/jazzy DEBUGINFOD_URLS=https://debuginfod.ubuntu.com /usr/bin/cmake --install /home/juchan-yoon/FR5_robot_control/ros2_ws/build/vision_interfaces
[6.574s] Level 1:colcon.colcon_core.environment:create_environment_scripts_only(vision_interfaces)
[6.574s] Level 1:colcon.colcon_core.environment:checking '/home/juchan-yoon/FR5_robot_control/ros2_ws/install/vision_interfaces' for CMake module files
[6.574s] DEBUG:colcon.colcon_core.event_handler.log_command:Invoked command in '/home/juchan-yoon/FR5_robot_control/ros2_ws/build/vision_interfaces' returned '0': CMAKE_PREFIX_PATH=${CMAKE_PREFIX_PATH}:/home/juchan-yoon/turtlebot3_ws/install/turtlebot3_test:/home/juchan-yoon/turtlebot3_ws/install/turtlebot3_teleop:/home/juchan-yoon/turtlebot3_ws/install/turtlebot3_example:/opt/ros/jazzy DEBUGINFOD_URLS=https://debuginfod.ubuntu.com /usr/bin/cmake --install /home/juchan-yoon/FR5_robot_control/ros2_ws/build/vision_interfaces
[6.574s] Level 1:colcon.colcon_core.environment:checking '/home/juchan-yoon/FR5_robot_control/ros2_ws/install/vision_interfaces' for CMake config files
[6.575s] Level 1:colcon.colcon_core.shell:create_environment_hook('vision_interfaces', 'cmake_prefix_path')
[6.575s] INFO:colcon.colcon_core.shell:Creating environment hook '/home/juchan-yoon/FR5_robot_control/ros2_ws/install/vision_interfaces/share/vision_interfaces/hook/cmake_prefix_path.ps1'
[6.575s] INFO:colcon.colcon_core.shell:Creating environment descriptor '/home/juchan-yoon/FR5_robot_control/ros2_ws/install/vision_interfaces/share/vision_interfaces/hook/cmake_prefix_path.dsv'
[6.575s] INFO:colcon.colcon_core.shell:Creating environment hook '/home/juchan-yoon/FR5_robot_control/ros2_ws/install/vision_interfaces/share/vision_interfaces/hook/cmake_prefix_path.sh'
[6.575s] Level 1:colcon.colcon_core.environment:checking '/home/juchan-yoon/FR5_robot_control/ros2_ws/install/vision_interfaces/lib'
[6.575s] Level 1:colcon.colcon_core.shell:create_environment_hook('vision_interfaces', 'ld_library_path_lib')
[6.576s] INFO:colcon.colcon_core.shell:Creating environment hook '/home/juchan-yoon/FR5_robot_control/ros2_ws/install/vision_interfaces/share/vision_interfaces/hook/ld_library_path_lib.ps1'
[6.576s] INFO:colcon.colcon_core.shell:Creating environment descriptor '/home/juchan-yoon/FR5_robot_control/ros2_ws/install/vision_interfaces/share/vision_interfaces/hook/ld_library_path_lib.dsv'
[6.576s] INFO:colcon.colcon_core.shell:Creating environment hook '/home/juchan-yoon/FR5_robot_control/ros2_ws/install/vision_interfaces/share/vision_interfaces/hook/ld_library_path_lib.sh'
[6.576s] Level 1:colcon.colcon_core.environment:checking '/home/juchan-yoon/FR5_robot_control/ros2_ws/install/vision_interfaces/bin'
[6.576s] Level 1:colcon.colcon_core.environment:checking '/home/juchan-yoon/FR5_robot_control/ros2_ws/install/vision_interfaces/lib/pkgconfig/vision_interfaces.pc'
[6.576s] Level 1:colcon.colcon_core.environment:checking '/home/juchan-yoon/FR5_robot_control/ros2_ws/install/vision_interfaces/lib/python3.12/site-packages'
[6.576s] Level 1:colcon.colcon_core.shell:create_environment_hook('vision_interfaces', 'pythonpath')
[6.576s] INFO:colcon.colcon_core.shell:Creating environment hook '/home/juchan-yoon/FR5_robot_control/ros2_ws/install/vision_interfaces/share/vision_interfaces/hook/pythonpath.ps1'
[6.577s] INFO:colcon.colcon_core.shell:Creating environment descriptor '/home/juchan-yoon/FR5_robot_control/ros2_ws/install/vision_interfaces/share/vision_interfaces/hook/pythonpath.dsv'
[6.577s] INFO:colcon.colcon_core.shell:Creating environment hook '/home/juchan-yoon/FR5_robot_control/ros2_ws/install/vision_interfaces/share/vision_interfaces/hook/pythonpath.sh'
[6.577s] Level 1:colcon.colcon_core.environment:checking '/home/juchan-yoon/FR5_robot_control/ros2_ws/install/vision_interfaces/bin'
[6.577s] INFO:colcon.colcon_core.shell:Creating package script '/home/juchan-yoon/FR5_robot_control/ros2_ws/install/vision_interfaces/share/vision_interfaces/package.ps1'
[6.578s] INFO:colcon.colcon_core.shell:Creating package descriptor '/home/juchan-yoon/FR5_robot_control/ros2_ws/install/vision_interfaces/share/vision_interfaces/package.dsv'
[6.578s] INFO:colcon.colcon_core.shell:Creating package script '/home/juchan-yoon/FR5_robot_control/ros2_ws/install/vision_interfaces/share/vision_interfaces/package.sh'
[6.578s] INFO:colcon.colcon_core.shell:Creating package script '/home/juchan-yoon/FR5_robot_control/ros2_ws/install/vision_interfaces/share/vision_interfaces/package.bash'
[6.578s] INFO:colcon.colcon_core.shell:Creating package script '/home/juchan-yoon/FR5_robot_control/ros2_ws/install/vision_interfaces/share/vision_interfaces/package.zsh'
[6.579s] Level 1:colcon.colcon_core.environment:create_file_with_runtime_dependencies(/home/juchan-yoon/FR5_robot_control/ros2_ws/install/vision_interfaces/share/colcon-core/packages/vision_interfaces)
[6.579s] Level 1:colcon.colcon_core.environment:create_environment_scripts_only(vision_interfaces)
[6.579s] Level 1:colcon.colcon_core.environment:checking '/home/juchan-yoon/FR5_robot_control/ros2_ws/install/vision_interfaces' for CMake module files
[6.579s] Level 1:colcon.colcon_core.environment:checking '/home/juchan-yoon/FR5_robot_control/ros2_ws/install/vision_interfaces' for CMake config files
[6.580s] Level 1:colcon.colcon_core.shell:create_environment_hook('vision_interfaces', 'cmake_prefix_path')
[6.580s] INFO:colcon.colcon_core.shell:Creating environment hook '/home/juchan-yoon/FR5_robot_control/ros2_ws/install/vision_interfaces/share/vision_interfaces/hook/cmake_prefix_path.ps1'
[6.580s] INFO:colcon.colcon_core.shell:Creating environment descriptor '/home/juchan-yoon/FR5_robot_control/ros2_ws/install/vision_interfaces/share/vision_interfaces/hook/cmake_prefix_path.dsv'
[6.580s] INFO:colcon.colcon_core.shell:Creating environment hook '/home/juchan-yoon/FR5_robot_control/ros2_ws/install/vision_interfaces/share/vision_interfaces/hook/cmake_prefix_path.sh'
[6.580s] Level 1:colcon.colcon_core.environment:checking '/home/juchan-yoon/FR5_robot_control/ros2_ws/install/vision_interfaces/lib'
[6.580s] Level 1:colcon.colcon_core.shell:create_environment_hook('vision_interfaces', 'ld_library_path_lib')
[6.580s] INFO:colcon.colcon_core.shell:Creating environment hook '/home/juchan-yoon/FR5_robot_control/ros2_ws/install/vision_interfaces/share/vision_interfaces/hook/ld_library_path_lib.ps1'
[6.581s] INFO:colcon.colcon_core.shell:Creating environment descriptor '/home/juchan-yoon/FR5_robot_control/ros2_ws/install/vision_interfaces/share/vision_interfaces/hook/ld_library_path_lib.dsv'
[6.581s] INFO:colcon.colcon_core.shell:Creating environment hook '/home/juchan-yoon/FR5_robot_control/ros2_ws/install/vision_interfaces/share/vision_interfaces/hook/ld_library_path_lib.sh'
[6.581s] Level 1:colcon.colcon_core.environment:checking '/home/juchan-yoon/FR5_robot_control/ros2_ws/install/vision_interfaces/bin'
[6.581s] Level 1:colcon.colcon_core.environment:checking '/home/juchan-yoon/FR5_robot_control/ros2_ws/install/vision_interfaces/lib/pkgconfig/vision_interfaces.pc'
[6.581s] Level 1:colcon.colcon_core.environment:checking '/home/juchan-yoon/FR5_robot_control/ros2_ws/install/vision_interfaces/lib/python3.12/site-packages'
[6.581s] Level 1:colcon.colcon_core.shell:create_environment_hook('vision_interfaces', 'pythonpath')
[6.581s] INFO:colcon.colcon_core.shell:Creating environment hook '/home/juchan-yoon/FR5_robot_control/ros2_ws/install/vision_interfaces/share/vision_interfaces/hook/pythonpath.ps1'
[6.581s] INFO:colcon.colcon_core.shell:Creating environment descriptor '/home/juchan-yoon/FR5_robot_control/ros2_ws/install/vision_interfaces/share/vision_interfaces/hook/pythonpath.dsv'
[6.582s] INFO:colcon.colcon_core.shell:Creating environment hook '/home/juchan-yoon/FR5_robot_control/ros2_ws/install/vision_interfaces/share/vision_interfaces/hook/pythonpath.sh'
[6.582s] Level 1:colcon.colcon_core.environment:checking '/home/juchan-yoon/FR5_robot_control/ros2_ws/install/vision_interfaces/bin'
[6.582s] INFO:colcon.colcon_core.shell:Creating package script '/home/juchan-yoon/FR5_robot_control/ros2_ws/install/vision_interfaces/share/vision_interfaces/package.ps1'
[6.583s] INFO:colcon.colcon_core.shell:Creating package descriptor '/home/juchan-yoon/FR5_robot_control/ros2_ws/install/vision_interfaces/share/vision_interfaces/package.dsv'
[6.583s] INFO:colcon.colcon_core.shell:Creating package script '/home/juchan-yoon/FR5_robot_control/ros2_ws/install/vision_interfaces/share/vision_interfaces/package.sh'
[6.583s] INFO:colcon.colcon_core.shell:Creating package script '/home/juchan-yoon/FR5_robot_control/ros2_ws/install/vision_interfaces/share/vision_interfaces/package.bash'
[6.583s] INFO:colcon.colcon_core.shell:Creating package script '/home/juchan-yoon/FR5_robot_control/ros2_ws/install/vision_interfaces/share/vision_interfaces/package.zsh'
[6.583s] Level 1:colcon.colcon_core.environment:create_file_with_runtime_dependencies(/home/juchan-yoon/FR5_robot_control/ros2_ws/install/vision_interfaces/share/colcon-core/packages/vision_interfaces)
[6.584s] INFO:colcon.colcon_ros.task.ament_python.build:Building ROS package in '/home/juchan-yoon/FR5_robot_control/ros2_ws/src/vision_server' with build type 'ament_python'
[6.584s] Level 1:colcon.colcon_core.shell:create_environment_hook('vision_server', 'ament_prefix_path')
[6.584s] INFO:colcon.colcon_core.shell:Creating environment hook '/home/juchan-yoon/FR5_robot_control/ros2_ws/install/vision_server/share/vision_server/hook/ament_prefix_path.ps1'
[6.584s] INFO:colcon.colcon_core.shell:Creating environment descriptor '/home/juchan-yoon/FR5_robot_control/ros2_ws/install/vision_server/share/vision_server/hook/ament_prefix_path.dsv'
[6.584s] INFO:colcon.colcon_core.shell:Creating environment hook '/home/juchan-yoon/FR5_robot_control/ros2_ws/install/vision_server/share/vision_server/hook/ament_prefix_path.sh'
[6.585s] INFO:colcon.colcon_core.shell:Skip shell extension 'powershell' for command environment: Not usable outside of PowerShell
[6.585s] DEBUG:colcon.colcon_core.shell:Skip shell extension 'dsv' for command environment
[6.754s] INFO:colcon.colcon_core.task.python.build:Building Python package in '/home/juchan-yoon/FR5_robot_control/ros2_ws/src/vision_server'
[6.754s] INFO:colcon.colcon_core.shell:Skip shell extension 'powershell' for command environment: Not usable outside of PowerShell
[6.754s] DEBUG:colcon.colcon_core.shell:Skip shell extension 'dsv' for command environment
[7.183s] DEBUG:colcon.colcon_core.event_handler.log_command:Invoking command in '/home/juchan-yoon/FR5_robot_control/ros2_ws/build/vision_server': AMENT_PREFIX_PATH=/home/juchan-yoon/FR5_robot_control/ros2_ws/install/vision_interfaces:${AMENT_PREFIX_PATH} CMAKE_PREFIX_PATH=/home/juchan-yoon/FR5_robot_control/ros2_ws/install/vision_interfaces:${CMAKE_PREFIX_PATH} DEBUGINFOD_URLS=https://debuginfod.ubuntu.com LD_LIBRARY_PATH=/home/juchan-yoon/FR5_robot_control/ros2_ws/install/vision_interfaces/lib:${LD_LIBRARY_PATH} PYTHONPATH=/home/juchan-yoon/FR5_robot_control/ros2_ws/build/vision_server/prefix_override:/usr/lib/python3/dist-packages/colcon_core/task/python/colcon_distutils_commands:/home/juchan-yoon/FR5_robot_control/ros2_ws/install/vision_server/lib/python3.12/site-packages:/home/juchan-yoon/FR5_robot_control/ros2_ws/install/vision_interfaces/lib/python3.12/site-packages:${PYTHONPATH} /usr/bin/python3 -W ignore:setup.py install is deprecated -W ignore:easy_install command is deprecated setup.py develop --editable --build-directory /home/juchan-yoon/FR5_robot_control/ros2_ws/build/vision_server/build --no-deps symlink_data
[7.633s] Level 1:colcon.colcon_core.shell:create_environment_hook('vision_server', 'pythonpath_develop')
[7.633s] INFO:colcon.colcon_core.shell:Creating environment hook '/home/juchan-yoon/FR5_robot_control/ros2_ws/build/vision_server/share/vision_server/hook/pythonpath_develop.ps1'
[7.633s] DEBUG:colcon.colcon_core.event_handler.log_command:Invoked command in '/home/juchan-yoon/FR5_robot_control/ros2_ws/build/vision_server' returned '0': AMENT_PREFIX_PATH=/home/juchan-yoon/FR5_robot_control/ros2_ws/install/vision_interfaces:${AMENT_PREFIX_PATH} CMAKE_PREFIX_PATH=/home/juchan-yoon/FR5_robot_control/ros2_ws/install/vision_interfaces:${CMAKE_PREFIX_PATH} DEBUGINFOD_URLS=https://debuginfod.ubuntu.com LD_LIBRARY_PATH=/home/juchan-yoon/FR5_robot_control/ros2_ws/install/vision_interfaces/lib:${LD_LIBRARY_PATH} PYTHONPATH=/home/juchan-yoon/FR5_robot_control/ros2_ws/build/vision_server/prefix_override:/usr/lib/python3/dist-packages/colcon_core/task/python/colcon_distutils_commands:/home/juchan-yoon/FR5_robot_control/ros2_ws/install/vision_server/lib/python3.12/site-packages:/home/juchan-yoon/FR5_robot_control/ros2_ws/install/vision_interfaces/lib/python3.12/site-packages:${PYTHONPATH} /usr/bin/python3 -W ignore:setup.py install is deprecated -W ignore:easy_install command is deprecated setup.py develop --editable --build-directory /home/juchan-yoon/FR5_robot_control/ros2_ws/build/vision_server/build --no-deps symlink_data
[7.634s] INFO:colcon.colcon_core.shell:Creating environment descriptor '/home/juchan-yoon/FR5_robot_control/ros2_ws/build/vision_server/share/vision_server/hook/pythonpath_develop.dsv'
[7.634s] INFO:colcon.colcon_core.shell:Creating environment hook '/home/juchan-yoon/FR5_robot_control/ros2_ws/build/vision_server/share/vision_server/hook/pythonpath_develop.sh'
[7.634s] Level 1:colcon.colcon_core.environment:checking '/home/juchan-yoon/FR5_robot_control/ros2_ws/install/vision_server' for CMake module files
[7.634s] Level 1:colcon.colcon_core.environment:checking '/home/juchan-yoon/FR5_robot_control/ros2_ws/install/vision_server' for CMake config files
[7.635s] Level 1:colcon.colcon_core.environment:checking '/home/juchan-yoon/FR5_robot_control/ros2_ws/install/vision_server/lib'
[7.635s] Level 1:colcon.colcon_core.environment:checking '/home/juchan-yoon/FR5_robot_control/ros2_ws/install/vision_server/bin'
[7.635s] Level 1:colcon.colcon_core.environment:checking '/home/juchan-yoon/FR5_robot_control/ros2_ws/install/vision_server/lib/pkgconfig/vision_server.pc'
[7.635s] Level 1:colcon.colcon_core.environment:checking '/home/juchan-yoon/FR5_robot_control/ros2_ws/install/vision_server/lib/python3.12/site-packages'
[7.635s] Level 1:colcon.colcon_core.shell:create_environment_hook('vision_server', 'pythonpath')
[7.635s] INFO:colcon.colcon_core.shell:Creating environment hook '/home/juchan-yoon/FR5_robot_control/ros2_ws/install/vision_server/share/vision_server/hook/pythonpath.ps1'
[7.635s] INFO:colcon.colcon_core.shell:Creating environment descriptor '/home/juchan-yoon/FR5_robot_control/ros2_ws/install/vision_server/share/vision_server/hook/pythonpath.dsv'
[7.635s] INFO:colcon.colcon_core.shell:Creating environment hook '/home/juchan-yoon/FR5_robot_control/ros2_ws/install/vision_server/share/vision_server/hook/pythonpath.sh'
[7.636s] Level 1:colcon.colcon_core.environment:checking '/home/juchan-yoon/FR5_robot_control/ros2_ws/install/vision_server/bin'
[7.636s] Level 1:colcon.colcon_core.environment:create_environment_scripts_only(vision_server)
[7.636s] INFO:colcon.colcon_core.shell:Creating package script '/home/juchan-yoon/FR5_robot_control/ros2_ws/install/vision_server/share/vision_server/package.ps1'
[7.636s] INFO:colcon.colcon_core.shell:Creating package descriptor '/home/juchan-yoon/FR5_robot_control/ros2_ws/install/vision_server/share/vision_server/package.dsv'
[7.636s] INFO:colcon.colcon_core.shell:Creating package script '/home/juchan-yoon/FR5_robot_control/ros2_ws/install/vision_server/share/vision_server/package.sh'
[7.637s] INFO:colcon.colcon_core.shell:Creating package script '/home/juchan-yoon/FR5_robot_control/ros2_ws/install/vision_server/share/vision_server/package.bash'
[7.637s] INFO:colcon.colcon_core.shell:Creating package script '/home/juchan-yoon/FR5_robot_control/ros2_ws/install/vision_server/share/vision_server/package.zsh'
[7.637s] Level 1:colcon.colcon_core.environment:create_file_with_runtime_dependencies(/home/juchan-yoon/FR5_robot_control/ros2_ws/install/vision_server/share/colcon-core/packages/vision_server)
[7.637s] DEBUG:colcon.colcon_parallel_executor.executor.parallel:closing loop
[7.637s] DEBUG:colcon.colcon_parallel_executor.executor.parallel:loop closed
[7.637s] DEBUG:colcon.colcon_parallel_executor.executor.parallel:run_until_complete finished with '0'
[7.637s] DEBUG:colcon.colcon_core.event_reactor:joining thread
[7.642s] INFO:colcon.colcon_core.plugin_system:Skipping extension 'colcon_notification.desktop_notification.terminal_notifier': Not used on non-Darwin systems
[7.642s] INFO:colcon.colcon_core.plugin_system:Skipping extension 'colcon_notification.desktop_notification.win32': Not used on non-Windows systems
[7.642s] INFO:colcon.colcon_notification.desktop_notification:Sending desktop notification using 'notify2'
[7.654s] DEBUG:colcon.colcon_core.event_reactor:joined thread
[7.655s] INFO:colcon.colcon_core.shell:Creating prefix script '/home/juchan-yoon/FR5_robot_control/ros2_ws/install/local_setup.ps1'
[7.655s] INFO:colcon.colcon_core.shell:Creating prefix util module '/home/juchan-yoon/FR5_robot_control/ros2_ws/install/_local_setup_util_ps1.py'
[7.656s] INFO:colcon.colcon_core.shell:Creating prefix chain script '/home/juchan-yoon/FR5_robot_control/ros2_ws/install/setup.ps1'
[7.657s] INFO:colcon.colcon_core.shell:Creating prefix script '/home/juchan-yoon/FR5_robot_control/ros2_ws/install/local_setup.sh'
[7.657s] INFO:colcon.colcon_core.shell:Creating prefix util module '/home/juchan-yoon/FR5_robot_control/ros2_ws/install/_local_setup_util_sh.py'
[7.658s] INFO:colcon.colcon_core.shell:Creating prefix chain script '/home/juchan-yoon/FR5_robot_control/ros2_ws/install/setup.sh'
[7.658s] INFO:colcon.colcon_core.shell:Creating prefix script '/home/juchan-yoon/FR5_robot_control/ros2_ws/install/local_setup.bash'
[7.659s] INFO:colcon.colcon_core.shell:Creating prefix chain script '/home/juchan-yoon/FR5_robot_control/ros2_ws/install/setup.bash'
[7.660s] INFO:colcon.colcon_core.shell:Creating prefix script '/home/juchan-yoon/FR5_robot_control/ros2_ws/install/local_setup.zsh'
[7.660s] INFO:colcon.colcon_core.shell:Creating prefix chain script '/home/juchan-yoon/FR5_robot_control/ros2_ws/install/setup.zsh'
