-- The C compiler identification is GNU 13.3.0
-- The CXX compiler identification is GNU 13.3.0
-- Detecting C compiler ABI info
-- Detecting C compiler ABI info - done
-- Check for working C compiler: /usr/bin/cc - skipped
-- Detecting C compile features
-- Detecting C compile features - done
-- Detecting CXX compiler ABI info
-- Detecting CXX compiler ABI info - done
-- Check for working CXX compiler: /usr/bin/c++ - skipped
-- Detecting CXX compile features
-- Detecting CXX compile features - done
-- Found ament_cmake: 2.5.6 (/opt/ros/jazzy/share/ament_cmake/cmake)
-- Found Python3: /usr/bin/python3 (found version "3.12.3") found components: Interpreter 
-- Override CMake install command with custom implementation using symlinks instead of copying resources
-- Found std_msgs: 5.3.7 (/opt/ros/jazzy/share/std_msgs/cmake)
-- Found rosidl_generator_c: 4.6.7 (/opt/ros/jazzy/share/rosidl_generator_c/cmake)
-- Found rosidl_generator_cpp: 4.6.7 (/opt/ros/jazzy/share/rosidl_generator_cpp/cmake)
-- Using all available rosidl_typesupport_c: rosidl_typesupport_fastrtps_c;rosidl_typesupport_introspection_c
-- Using all available rosidl_typesupport_cpp: rosidl_typesupport_fastrtps_cpp;rosidl_typesupport_introspection_cpp
-- Found rosidl_default_generators: 1.6.0 (/opt/ros/jazzy/share/rosidl_default_generators/cmake)
-- Found rosidl_adapter: 4.6.7 (/opt/ros/jazzy/share/rosidl_adapter/cmake)
-- Found ament_cmake_ros: 0.12.0 (/opt/ros/jazzy/share/ament_cmake_ros/cmake)
-- Using all available rosidl_typesupport_c: rosidl_typesupport_fastrtps_c;rosidl_typesupport_introspection_c
-- Using all available rosidl_typesupport_cpp: rosidl_typesupport_fastrtps_cpp;rosidl_typesupport_introspection_cpp
-- Found python_cmake_module: 0.11.1 (/opt/ros/jazzy/share/python_cmake_module/cmake)
-- Found PythonExtra: /usr/bin/python3  
-- Found Python3: /usr/bin/python3 (found version "3.12.3") found components: Interpreter Development NumPy Development.Module Development.Embed 
-- Found Python3: /usr/bin/python3 (found version "3.12.3") found components: Interpreter 
-- Found ament_lint_auto: 0.17.5 (/opt/ros/jazzy/share/ament_lint_auto/cmake)
-- Added test 'lint_cmake' to check CMake code style
-- Added test 'xmllint' to check XML markup files
-- Configuring done (2.4s)
-- Generating done (0.0s)
-- Build files have been written to: /home/juchan-yoon/FR5_robot_control/robot_ws/build/fairino_msgs
[  1%] Generating type hashes for ROS interfaces
[  3%] Generating Rust code for ROS interfaces
[  3%] Built target ament_cmake_python_symlink_fairino_msgs
running egg_info
creating fairino_msgs.egg-info
writing fairino_msgs.egg-info/PKG-INFO
writing dependency_links to fairino_msgs.egg-info/dependency_links.txt
writing top-level names to fairino_msgs.egg-info/top_level.txt
writing manifest file 'fairino_msgs.egg-info/SOURCES.txt'
reading manifest file 'fairino_msgs.egg-info/SOURCES.txt'
writing manifest file 'fairino_msgs.egg-info/SOURCES.txt'
[  3%] Built target ament_cmake_python_build_fairino_msgs_egg
[  3%] Built target fairino_msgs__rosidl_generator_type_description
[  5%] Generating C code for ROS interfaces
[  7%] Generating C++ code for ROS interfaces
[  7%] Built target fairino_msgs__rs
[  7%] Built target fairino_msgs__cpp
[ 12%] Building C object CMakeFiles/fairino_msgs__rosidl_generator_c.dir/rosidl_generator_c/fairino_msgs/srv/detail/remote_script_content__description.c.o
[ 12%] Building C object CMakeFiles/fairino_msgs__rosidl_generator_c.dir/rosidl_generator_c/fairino_msgs/srv/detail/remote_cmd_interface__functions.c.o
[ 12%] Building C object CMakeFiles/fairino_msgs__rosidl_generator_c.dir/rosidl_generator_c/fairino_msgs/srv/detail/remote_cmd_interface__type_support.c.o
[ 14%] Building C object CMakeFiles/fairino_msgs__rosidl_generator_c.dir/rosidl_generator_c/fairino_msgs/msg/detail/robot_nonrt_state__description.c.o
[ 16%] Building C object CMakeFiles/fairino_msgs__rosidl_generator_c.dir/rosidl_generator_c/fairino_msgs/msg/detail/robot_nonrt_state__functions.c.o
[ 18%] Building C object CMakeFiles/fairino_msgs__rosidl_generator_c.dir/rosidl_generator_c/fairino_msgs/srv/detail/remote_cmd_interface__description.c.o
[ 20%] Building C object CMakeFiles/fairino_msgs__rosidl_generator_c.dir/rosidl_generator_c/fairino_msgs/msg/detail/robot_nonrt_state__type_support.c.o
[ 23%] Building C object CMakeFiles/fairino_msgs__rosidl_generator_c.dir/rosidl_generator_c/fairino_msgs/srv/detail/remote_script_content__functions.c.o
[ 23%] Building C object CMakeFiles/fairino_msgs__rosidl_generator_c.dir/rosidl_generator_c/fairino_msgs/srv/detail/remote_script_content__type_support.c.o
[ 25%] Linking C shared library libfairino_msgs__rosidl_generator_c.so
[ 25%] Built target fairino_msgs__rosidl_generator_c
[ 30%] Generating C introspection for ROS interfaces
[ 32%] Generating C++ type support for eProsima Fast-RTPS
[ 32%] Generating C type support dispatch for ROS interfaces
[ 30%] Generating C++ introspection for ROS interfaces
[ 34%] Generating C++ type support dispatch for ROS interfaces
[ 36%] Generating C type support for eProsima Fast-RTPS
[ 38%] Building CXX object CMakeFiles/fairino_msgs__rosidl_typesupport_c.dir/rosidl_typesupport_c/fairino_msgs/srv/remote_cmd_interface__type_support.cpp.o
[ 40%] Building CXX object CMakeFiles/fairino_msgs__rosidl_typesupport_c.dir/rosidl_typesupport_c/fairino_msgs/msg/robot_nonrt_state__type_support.cpp.o
[ 41%] Building CXX object CMakeFiles/fairino_msgs__rosidl_typesupport_c.dir/rosidl_typesupport_c/fairino_msgs/srv/remote_script_content__type_support.cpp.o
[ 43%] Building CXX object CMakeFiles/fairino_msgs__rosidl_typesupport_cpp.dir/rosidl_typesupport_cpp/fairino_msgs/msg/robot_nonrt_state__type_support.cpp.o
[ 45%] Building CXX object CMakeFiles/fairino_msgs__rosidl_typesupport_cpp.dir/rosidl_typesupport_cpp/fairino_msgs/srv/remote_script_content__type_support.cpp.o
[ 47%] Building CXX object CMakeFiles/fairino_msgs__rosidl_typesupport_cpp.dir/rosidl_typesupport_cpp/fairino_msgs/srv/remote_cmd_interface__type_support.cpp.o
[ 49%] Linking CXX shared library libfairino_msgs__rosidl_typesupport_c.so
[ 50%] Building C object CMakeFiles/fairino_msgs__rosidl_typesupport_introspection_c.dir/rosidl_typesupport_introspection_c/fairino_msgs/srv/detail/remote_cmd_interface__type_support.c.o
[ 54%] Building C object CMakeFiles/fairino_msgs__rosidl_typesupport_introspection_c.dir/rosidl_typesupport_introspection_c/fairino_msgs/msg/detail/robot_nonrt_state__type_support.c.o
[ 54%] Building C object CMakeFiles/fairino_msgs__rosidl_typesupport_introspection_c.dir/rosidl_typesupport_introspection_c/fairino_msgs/srv/detail/remote_script_content__type_support.c.o
[ 54%] Built target fairino_msgs__rosidl_typesupport_c
[ 56%] Linking C shared library libfairino_msgs__rosidl_typesupport_introspection_c.so
[ 58%] Building CXX object CMakeFiles/fairino_msgs__rosidl_typesupport_introspection_cpp.dir/rosidl_typesupport_introspection_cpp/fairino_msgs/srv/detail/remote_cmd_interface__type_support.cpp.o
[ 61%] Building CXX object CMakeFiles/fairino_msgs__rosidl_typesupport_introspection_cpp.dir/rosidl_typesupport_introspection_cpp/fairino_msgs/msg/detail/robot_nonrt_state__type_support.cpp.o
[ 61%] Building CXX object CMakeFiles/fairino_msgs__rosidl_typesupport_introspection_cpp.dir/rosidl_typesupport_introspection_cpp/fairino_msgs/srv/detail/remote_script_content__type_support.cpp.o
[ 61%] Built target fairino_msgs__rosidl_typesupport_introspection_c
[ 63%] Building CXX object CMakeFiles/fairino_msgs__rosidl_typesupport_fastrtps_cpp.dir/rosidl_typesupport_fastrtps_cpp/fairino_msgs/srv/detail/dds_fastrtps/remote_cmd_interface__type_support.cpp.o
[ 65%] Building CXX object CMakeFiles/fairino_msgs__rosidl_typesupport_fastrtps_cpp.dir/rosidl_typesupport_fastrtps_cpp/fairino_msgs/msg/detail/dds_fastrtps/robot_nonrt_state__type_support.cpp.o
[ 67%] Building CXX object CMakeFiles/fairino_msgs__rosidl_typesupport_fastrtps_cpp.dir/rosidl_typesupport_fastrtps_cpp/fairino_msgs/srv/detail/dds_fastrtps/remote_script_content__type_support.cpp.o
[ 69%] Building CXX object CMakeFiles/fairino_msgs__rosidl_typesupport_fastrtps_c.dir/rosidl_typesupport_fastrtps_c/fairino_msgs/srv/detail/remote_cmd_interface__type_support_c.cpp.o
[ 72%] Building CXX object CMakeFiles/fairino_msgs__rosidl_typesupport_fastrtps_c.dir/rosidl_typesupport_fastrtps_c/fairino_msgs/msg/detail/robot_nonrt_state__type_support_c.cpp.o
[ 72%] Building CXX object CMakeFiles/fairino_msgs__rosidl_typesupport_fastrtps_c.dir/rosidl_typesupport_fastrtps_c/fairino_msgs/srv/detail/remote_script_content__type_support_c.cpp.o
[ 74%] Linking CXX shared library libfairino_msgs__rosidl_typesupport_cpp.so
[ 74%] Built target fairino_msgs__rosidl_typesupport_cpp
[ 76%] Linking CXX shared library libfairino_msgs__rosidl_typesupport_introspection_cpp.so
[ 76%] Built target fairino_msgs__rosidl_typesupport_introspection_cpp
[ 78%] Linking CXX shared library libfairino_msgs__rosidl_typesupport_fastrtps_c.so
[ 78%] Built target fairino_msgs__rosidl_typesupport_fastrtps_c
[ 80%] Linking CXX shared library libfairino_msgs__rosidl_typesupport_fastrtps_cpp.so
[ 80%] Built target fairino_msgs__rosidl_typesupport_fastrtps_cpp
[ 80%] Built target fairino_msgs
[ 81%] Generating Python code for ROS interfaces
[ 81%] Built target fairino_msgs__py
[ 83%] Building C object CMakeFiles/fairino_msgs__rosidl_generator_py.dir/rosidl_generator_py/fairino_msgs/msg/_robot_nonrt_state_s.c.o
[ 85%] Building C object CMakeFiles/fairino_msgs__rosidl_generator_py.dir/rosidl_generator_py/fairino_msgs/srv/_remote_script_content_s.c.o
[ 87%] Building C object CMakeFiles/fairino_msgs__rosidl_generator_py.dir/rosidl_generator_py/fairino_msgs/srv/_remote_cmd_interface_s.c.o
[ 89%] Linking C shared library libfairino_msgs__rosidl_generator_py.so
[ 89%] Built target fairino_msgs__rosidl_generator_py
[ 92%] Building C object CMakeFiles/fairino_msgs_s__rosidl_typesupport_c.dir/rosidl_generator_py/fairino_msgs/_fairino_msgs_s.ep.rosidl_typesupport_c.c.o
[ 92%] Building C object CMakeFiles/fairino_msgs_s__rosidl_typesupport_introspection_c.dir/rosidl_generator_py/fairino_msgs/_fairino_msgs_s.ep.rosidl_typesupport_introspection_c.c.o
[ 94%] Building C object CMakeFiles/fairino_msgs_s__rosidl_typesupport_fastrtps_c.dir/rosidl_generator_py/fairino_msgs/_fairino_msgs_s.ep.rosidl_typesupport_fastrtps_c.c.o
[ 96%] Linking C shared module rosidl_generator_py/fairino_msgs/fairino_msgs_s__rosidl_typesupport_introspection_c.so
[ 98%] Linking C shared module rosidl_generator_py/fairino_msgs/fairino_msgs_s__rosidl_typesupport_c.so
[100%] Linking C shared module rosidl_generator_py/fairino_msgs/fairino_msgs_s__rosidl_typesupport_fastrtps_c.so
[100%] Built target fairino_msgs_s__rosidl_typesupport_c
[100%] Built target fairino_msgs_s__rosidl_typesupport_introspection_c
[100%] Built target fairino_msgs_s__rosidl_typesupport_fastrtps_c
-- Install configuration: ""
-- Execute custom install script
-- Symlinking: /home/juchan-yoon/FR5_robot_control/robot_ws/install/fairino_msgs/share/ament_index/resource_index/rosidl_interfaces/fairino_msgs
-- Symlinking: /home/juchan-yoon/FR5_robot_control/robot_ws/install/fairino_msgs/share/fairino_msgs/srv/RemoteCmdInterface.json
-- Symlinking: /home/juchan-yoon/FR5_robot_control/robot_ws/install/fairino_msgs/share/fairino_msgs/srv/RemoteScriptContent.json
-- Symlinking: /home/juchan-yoon/FR5_robot_control/robot_ws/install/fairino_msgs/share/fairino_msgs/msg/RobotNonrtState.json
-- Symlinking: /home/juchan-yoon/FR5_robot_control/robot_ws/install/fairino_msgs/include/fairino_msgs/fairino_msgs/msg/detail/robot_nonrt_state__functions.h
-- Symlinking: /home/juchan-yoon/FR5_robot_control/robot_ws/install/fairino_msgs/include/fairino_msgs/fairino_msgs/msg/detail/robot_nonrt_state__struct.h
-- Symlinking: /home/juchan-yoon/FR5_robot_control/robot_ws/install/fairino_msgs/include/fairino_msgs/fairino_msgs/msg/detail/robot_nonrt_state__type_support.h
-- Symlinking: /home/juchan-yoon/FR5_robot_control/robot_ws/install/fairino_msgs/include/fairino_msgs/fairino_msgs/msg/robot_nonrt_state.h
-- Symlinking: /home/juchan-yoon/FR5_robot_control/robot_ws/install/fairino_msgs/include/fairino_msgs/fairino_msgs/msg/rosidl_generator_c__visibility_control.h
-- Symlinking: /home/juchan-yoon/FR5_robot_control/robot_ws/install/fairino_msgs/include/fairino_msgs/fairino_msgs/srv/detail/remote_cmd_interface__functions.h
-- Symlinking: /home/juchan-yoon/FR5_robot_control/robot_ws/install/fairino_msgs/include/fairino_msgs/fairino_msgs/srv/detail/remote_cmd_interface__struct.h
-- Symlinking: /home/juchan-yoon/FR5_robot_control/robot_ws/install/fairino_msgs/include/fairino_msgs/fairino_msgs/srv/detail/remote_cmd_interface__type_support.h
-- Symlinking: /home/juchan-yoon/FR5_robot_control/robot_ws/install/fairino_msgs/include/fairino_msgs/fairino_msgs/srv/detail/remote_script_content__functions.h
-- Symlinking: /home/juchan-yoon/FR5_robot_control/robot_ws/install/fairino_msgs/include/fairino_msgs/fairino_msgs/srv/detail/remote_script_content__struct.h
-- Symlinking: /home/juchan-yoon/FR5_robot_control/robot_ws/install/fairino_msgs/include/fairino_msgs/fairino_msgs/srv/detail/remote_script_content__type_support.h
-- Symlinking: /home/juchan-yoon/FR5_robot_control/robot_ws/install/fairino_msgs/include/fairino_msgs/fairino_msgs/srv/remote_cmd_interface.h
-- Symlinking: /home/juchan-yoon/FR5_robot_control/robot_ws/install/fairino_msgs/include/fairino_msgs/fairino_msgs/srv/remote_script_content.h
-- Symlinking: /home/juchan-yoon/FR5_robot_control/robot_ws/install/fairino_msgs/share/fairino_msgs/environment/library_path.sh
-- Symlinking: /home/juchan-yoon/FR5_robot_control/robot_ws/install/fairino_msgs/share/fairino_msgs/environment/library_path.dsv
-- Symlinking: /home/juchan-yoon/FR5_robot_control/robot_ws/install/fairino_msgs/include/fairino_msgs/fairino_msgs/msg/detail/robot_nonrt_state__rosidl_typesupport_fastrtps_c.h
-- Symlinking: /home/juchan-yoon/FR5_robot_control/robot_ws/install/fairino_msgs/include/fairino_msgs/fairino_msgs/msg/rosidl_typesupport_fastrtps_c__visibility_control.h
-- Symlinking: /home/juchan-yoon/FR5_robot_control/robot_ws/install/fairino_msgs/include/fairino_msgs/fairino_msgs/srv/detail/remote_cmd_interface__rosidl_typesupport_fastrtps_c.h
-- Symlinking: /home/juchan-yoon/FR5_robot_control/robot_ws/install/fairino_msgs/include/fairino_msgs/fairino_msgs/srv/detail/remote_script_content__rosidl_typesupport_fastrtps_c.h
-- Symlinking: /home/juchan-yoon/FR5_robot_control/robot_ws/install/fairino_msgs/include/fairino_msgs/fairino_msgs/msg/detail/robot_nonrt_state__builder.hpp
-- Symlinking: /home/juchan-yoon/FR5_robot_control/robot_ws/install/fairino_msgs/include/fairino_msgs/fairino_msgs/msg/detail/robot_nonrt_state__struct.hpp
-- Symlinking: /home/juchan-yoon/FR5_robot_control/robot_ws/install/fairino_msgs/include/fairino_msgs/fairino_msgs/msg/detail/robot_nonrt_state__traits.hpp
-- Symlinking: /home/juchan-yoon/FR5_robot_control/robot_ws/install/fairino_msgs/include/fairino_msgs/fairino_msgs/msg/detail/robot_nonrt_state__type_support.hpp
-- Symlinking: /home/juchan-yoon/FR5_robot_control/robot_ws/install/fairino_msgs/include/fairino_msgs/fairino_msgs/msg/robot_nonrt_state.hpp
-- Symlinking: /home/juchan-yoon/FR5_robot_control/robot_ws/install/fairino_msgs/include/fairino_msgs/fairino_msgs/msg/rosidl_generator_cpp__visibility_control.hpp
-- Symlinking: /home/juchan-yoon/FR5_robot_control/robot_ws/install/fairino_msgs/include/fairino_msgs/fairino_msgs/srv/detail/remote_cmd_interface__builder.hpp
-- Symlinking: /home/juchan-yoon/FR5_robot_control/robot_ws/install/fairino_msgs/include/fairino_msgs/fairino_msgs/srv/detail/remote_cmd_interface__struct.hpp
-- Symlinking: /home/juchan-yoon/FR5_robot_control/robot_ws/install/fairino_msgs/include/fairino_msgs/fairino_msgs/srv/detail/remote_cmd_interface__traits.hpp
-- Symlinking: /home/juchan-yoon/FR5_robot_control/robot_ws/install/fairino_msgs/include/fairino_msgs/fairino_msgs/srv/detail/remote_cmd_interface__type_support.hpp
-- Symlinking: /home/juchan-yoon/FR5_robot_control/robot_ws/install/fairino_msgs/include/fairino_msgs/fairino_msgs/srv/detail/remote_script_content__builder.hpp
-- Symlinking: /home/juchan-yoon/FR5_robot_control/robot_ws/install/fairino_msgs/include/fairino_msgs/fairino_msgs/srv/detail/remote_script_content__struct.hpp
-- Symlinking: /home/juchan-yoon/FR5_robot_control/robot_ws/install/fairino_msgs/include/fairino_msgs/fairino_msgs/srv/detail/remote_script_content__traits.hpp
-- Symlinking: /home/juchan-yoon/FR5_robot_control/robot_ws/install/fairino_msgs/include/fairino_msgs/fairino_msgs/srv/detail/remote_script_content__type_support.hpp
-- Symlinking: /home/juchan-yoon/FR5_robot_control/robot_ws/install/fairino_msgs/include/fairino_msgs/fairino_msgs/srv/remote_cmd_interface.hpp
-- Symlinking: /home/juchan-yoon/FR5_robot_control/robot_ws/install/fairino_msgs/include/fairino_msgs/fairino_msgs/srv/remote_script_content.hpp
-- Symlinking: /home/juchan-yoon/FR5_robot_control/robot_ws/install/fairino_msgs/include/fairino_msgs/fairino_msgs/msg/detail/robot_nonrt_state__rosidl_typesupport_fastrtps_cpp.hpp
-- Symlinking: /home/juchan-yoon/FR5_robot_control/robot_ws/install/fairino_msgs/include/fairino_msgs/fairino_msgs/msg/rosidl_typesupport_fastrtps_cpp__visibility_control.h
-- Symlinking: /home/juchan-yoon/FR5_robot_control/robot_ws/install/fairino_msgs/include/fairino_msgs/fairino_msgs/srv/detail/remote_cmd_interface__rosidl_typesupport_fastrtps_cpp.hpp
-- Symlinking: /home/juchan-yoon/FR5_robot_control/robot_ws/install/fairino_msgs/include/fairino_msgs/fairino_msgs/srv/detail/remote_script_content__rosidl_typesupport_fastrtps_cpp.hpp
-- Symlinking: /home/juchan-yoon/FR5_robot_control/robot_ws/install/fairino_msgs/include/fairino_msgs/fairino_msgs/msg/detail/robot_nonrt_state__rosidl_typesupport_introspection_c.h
-- Symlinking: /home/juchan-yoon/FR5_robot_control/robot_ws/install/fairino_msgs/include/fairino_msgs/fairino_msgs/msg/rosidl_typesupport_introspection_c__visibility_control.h
-- Symlinking: /home/juchan-yoon/FR5_robot_control/robot_ws/install/fairino_msgs/include/fairino_msgs/fairino_msgs/srv/detail/remote_cmd_interface__rosidl_typesupport_introspection_c.h
-- Symlinking: /home/juchan-yoon/FR5_robot_control/robot_ws/install/fairino_msgs/include/fairino_msgs/fairino_msgs/srv/detail/remote_script_content__rosidl_typesupport_introspection_c.h
-- Symlinking: /home/juchan-yoon/FR5_robot_control/robot_ws/install/fairino_msgs/include/fairino_msgs/fairino_msgs/msg/detail/robot_nonrt_state__rosidl_typesupport_introspection_cpp.hpp
-- Symlinking: /home/juchan-yoon/FR5_robot_control/robot_ws/install/fairino_msgs/include/fairino_msgs/fairino_msgs/srv/detail/remote_cmd_interface__rosidl_typesupport_introspection_cpp.hpp
-- Symlinking: /home/juchan-yoon/FR5_robot_control/robot_ws/install/fairino_msgs/include/fairino_msgs/fairino_msgs/srv/detail/remote_script_content__rosidl_typesupport_introspection_cpp.hpp
-- Symlinking: /home/juchan-yoon/FR5_robot_control/robot_ws/install/fairino_msgs/share/fairino_msgs/environment/pythonpath.sh
-- Symlinking: /home/juchan-yoon/FR5_robot_control/robot_ws/install/fairino_msgs/share/fairino_msgs/environment/pythonpath.dsv
-- Symlinking: /home/juchan-yoon/FR5_robot_control/robot_ws/install/fairino_msgs/lib/python3.12/site-packages/fairino_msgs-0.0.0-py3.12.egg-info/PKG-INFO
-- Symlinking: /home/juchan-yoon/FR5_robot_control/robot_ws/install/fairino_msgs/lib/python3.12/site-packages/fairino_msgs-0.0.0-py3.12.egg-info/SOURCES.txt
-- Symlinking: /home/juchan-yoon/FR5_robot_control/robot_ws/install/fairino_msgs/lib/python3.12/site-packages/fairino_msgs-0.0.0-py3.12.egg-info/dependency_links.txt
-- Symlinking: /home/juchan-yoon/FR5_robot_control/robot_ws/install/fairino_msgs/lib/python3.12/site-packages/fairino_msgs-0.0.0-py3.12.egg-info/top_level.txt
-- Symlinking: /home/juchan-yoon/FR5_robot_control/robot_ws/install/fairino_msgs/lib/python3.12/site-packages/fairino_msgs/__init__.py
-- Symlinking: /home/juchan-yoon/FR5_robot_control/robot_ws/install/fairino_msgs/lib/python3.12/site-packages/fairino_msgs/_fairino_msgs_s.ep.rosidl_typesupport_c.c
-- Symlinking: /home/juchan-yoon/FR5_robot_control/robot_ws/install/fairino_msgs/lib/python3.12/site-packages/fairino_msgs/_fairino_msgs_s.ep.rosidl_typesupport_fastrtps_c.c
-- Symlinking: /home/juchan-yoon/FR5_robot_control/robot_ws/install/fairino_msgs/lib/python3.12/site-packages/fairino_msgs/_fairino_msgs_s.ep.rosidl_typesupport_introspection_c.c
-- Symlinking: /home/juchan-yoon/FR5_robot_control/robot_ws/install/fairino_msgs/lib/python3.12/site-packages/fairino_msgs/fairino_msgs_s__rosidl_typesupport_c.so
-- Symlinking: /home/juchan-yoon/FR5_robot_control/robot_ws/install/fairino_msgs/lib/python3.12/site-packages/fairino_msgs/fairino_msgs_s__rosidl_typesupport_fastrtps_c.so
-- Symlinking: /home/juchan-yoon/FR5_robot_control/robot_ws/install/fairino_msgs/lib/python3.12/site-packages/fairino_msgs/fairino_msgs_s__rosidl_typesupport_introspection_c.so
-- Symlinking: /home/juchan-yoon/FR5_robot_control/robot_ws/install/fairino_msgs/lib/python3.12/site-packages/fairino_msgs/msg/__init__.py
-- Symlinking: /home/juchan-yoon/FR5_robot_control/robot_ws/install/fairino_msgs/lib/python3.12/site-packages/fairino_msgs/msg/_robot_nonrt_state.py
-- Symlinking: /home/juchan-yoon/FR5_robot_control/robot_ws/install/fairino_msgs/lib/python3.12/site-packages/fairino_msgs/msg/_robot_nonrt_state_s.c
-- Symlinking: /home/juchan-yoon/FR5_robot_control/robot_ws/install/fairino_msgs/lib/python3.12/site-packages/fairino_msgs/srv/__init__.py
-- Symlinking: /home/juchan-yoon/FR5_robot_control/robot_ws/install/fairino_msgs/lib/python3.12/site-packages/fairino_msgs/srv/_remote_cmd_interface.py
-- Symlinking: /home/juchan-yoon/FR5_robot_control/robot_ws/install/fairino_msgs/lib/python3.12/site-packages/fairino_msgs/srv/_remote_cmd_interface_s.c
-- Symlinking: /home/juchan-yoon/FR5_robot_control/robot_ws/install/fairino_msgs/lib/python3.12/site-packages/fairino_msgs/srv/_remote_script_content.py
-- Symlinking: /home/juchan-yoon/FR5_robot_control/robot_ws/install/fairino_msgs/lib/python3.12/site-packages/fairino_msgs/srv/_remote_script_content_s.c
-- Up-to-date symlink: /home/juchan-yoon/FR5_robot_control/robot_ws/install/fairino_msgs/lib/python3.12/site-packages/fairino_msgs/fairino_msgs_s__rosidl_typesupport_fastrtps_c.so
-- Up-to-date symlink: /home/juchan-yoon/FR5_robot_control/robot_ws/install/fairino_msgs/lib/python3.12/site-packages/fairino_msgs/fairino_msgs_s__rosidl_typesupport_introspection_c.so
-- Up-to-date symlink: /home/juchan-yoon/FR5_robot_control/robot_ws/install/fairino_msgs/lib/python3.12/site-packages/fairino_msgs/fairino_msgs_s__rosidl_typesupport_c.so
-- Symlinking: /home/juchan-yoon/FR5_robot_control/robot_ws/install/fairino_msgs/share/ament_index/resource_index/rust_packages/fairino_msgs
-- Symlinking: /home/juchan-yoon/FR5_robot_control/robot_ws/install/fairino_msgs/share/fairino_msgs/rust/Cargo.toml
-- Symlinking: /home/juchan-yoon/FR5_robot_control/robot_ws/install/fairino_msgs/share/fairino_msgs/rust/build.rs
-- Symlinking: /home/juchan-yoon/FR5_robot_control/robot_ws/install/fairino_msgs/share/fairino_msgs/rust/src/lib.rs
-- Symlinking: /home/juchan-yoon/FR5_robot_control/robot_ws/install/fairino_msgs/share/fairino_msgs/rust/src/msg.rs
-- Symlinking: /home/juchan-yoon/FR5_robot_control/robot_ws/install/fairino_msgs/share/fairino_msgs/rust/src/msg/rmw.rs
-- Symlinking: /home/juchan-yoon/FR5_robot_control/robot_ws/install/fairino_msgs/share/fairino_msgs/rust/src/srv.rs
-- Symlinking: /home/juchan-yoon/FR5_robot_control/robot_ws/install/fairino_msgs/share/fairino_msgs/rust/src/srv/rmw.rs
-- Symlinking: /home/juchan-yoon/FR5_robot_control/robot_ws/install/fairino_msgs/share/fairino_msgs/srv/RemoteCmdInterface.idl
-- Symlinking: /home/juchan-yoon/FR5_robot_control/robot_ws/install/fairino_msgs/share/fairino_msgs/srv/RemoteScriptContent.idl
-- Symlinking: /home/juchan-yoon/FR5_robot_control/robot_ws/install/fairino_msgs/share/fairino_msgs/msg/RobotNonrtState.idl
-- Symlinking: /home/juchan-yoon/FR5_robot_control/robot_ws/install/fairino_msgs/share/fairino_msgs/srv/RemoteCmdInterface.srv
-- Symlinking: /home/juchan-yoon/FR5_robot_control/robot_ws/install/fairino_msgs/share/fairino_msgs/srv/RemoteScriptContent.srv
-- Symlinking: /home/juchan-yoon/FR5_robot_control/robot_ws/install/fairino_msgs/share/fairino_msgs/msg/RobotNonrtState.msg
-- Symlinking: /home/juchan-yoon/FR5_robot_control/robot_ws/install/fairino_msgs/share/ament_index/resource_index/package_run_dependencies/fairino_msgs
-- Symlinking: /home/juchan-yoon/FR5_robot_control/robot_ws/install/fairino_msgs/share/ament_index/resource_index/parent_prefix_path/fairino_msgs
-- Symlinking: /home/juchan-yoon/FR5_robot_control/robot_ws/install/fairino_msgs/share/fairino_msgs/environment/ament_prefix_path.sh
-- Symlinking: /home/juchan-yoon/FR5_robot_control/robot_ws/install/fairino_msgs/share/fairino_msgs/environment/ament_prefix_path.dsv
-- Symlinking: /home/juchan-yoon/FR5_robot_control/robot_ws/install/fairino_msgs/share/fairino_msgs/environment/path.sh
-- Symlinking: /home/juchan-yoon/FR5_robot_control/robot_ws/install/fairino_msgs/share/fairino_msgs/environment/path.dsv
-- Symlinking: /home/juchan-yoon/FR5_robot_control/robot_ws/install/fairino_msgs/share/fairino_msgs/local_setup.bash
-- Symlinking: /home/juchan-yoon/FR5_robot_control/robot_ws/install/fairino_msgs/share/fairino_msgs/local_setup.sh
-- Symlinking: /home/juchan-yoon/FR5_robot_control/robot_ws/install/fairino_msgs/share/fairino_msgs/local_setup.zsh
-- Symlinking: /home/juchan-yoon/FR5_robot_control/robot_ws/install/fairino_msgs/share/fairino_msgs/local_setup.dsv
-- Symlinking: /home/juchan-yoon/FR5_robot_control/robot_ws/install/fairino_msgs/share/fairino_msgs/package.dsv
-- Symlinking: /home/juchan-yoon/FR5_robot_control/robot_ws/install/fairino_msgs/share/ament_index/resource_index/packages/fairino_msgs
-- Symlinking: /home/juchan-yoon/FR5_robot_control/robot_ws/install/fairino_msgs/share/fairino_msgs/cmake/rosidl_cmake-extras.cmake
-- Symlinking: /home/juchan-yoon/FR5_robot_control/robot_ws/install/fairino_msgs/share/fairino_msgs/cmake/ament_cmake_export_dependencies-extras.cmake
-- Symlinking: /home/juchan-yoon/FR5_robot_control/robot_ws/install/fairino_msgs/share/fairino_msgs/cmake/ament_cmake_export_include_directories-extras.cmake
-- Symlinking: /home/juchan-yoon/FR5_robot_control/robot_ws/install/fairino_msgs/share/fairino_msgs/cmake/ament_cmake_export_libraries-extras.cmake
-- Symlinking: /home/juchan-yoon/FR5_robot_control/robot_ws/install/fairino_msgs/share/fairino_msgs/cmake/ament_cmake_export_targets-extras.cmake
-- Symlinking: /home/juchan-yoon/FR5_robot_control/robot_ws/install/fairino_msgs/share/fairino_msgs/cmake/rosidl_cmake_export_typesupport_targets-extras.cmake
-- Symlinking: /home/juchan-yoon/FR5_robot_control/robot_ws/install/fairino_msgs/share/fairino_msgs/cmake/rosidl_cmake_export_typesupport_libraries-extras.cmake
-- Symlinking: /home/juchan-yoon/FR5_robot_control/robot_ws/install/fairino_msgs/share/fairino_msgs/cmake/fairino_msgsConfig.cmake
-- Symlinking: /home/juchan-yoon/FR5_robot_control/robot_ws/install/fairino_msgs/share/fairino_msgs/cmake/fairino_msgsConfig-version.cmake
-- Symlinking: /home/juchan-yoon/FR5_robot_control/robot_ws/install/fairino_msgs/share/fairino_msgs/package.xml
-- Installing: /home/juchan-yoon/FR5_robot_control/robot_ws/install/fairino_msgs/lib/libfairino_msgs__rosidl_generator_c.so
-- Set non-toolchain portion of runtime path of "/home/juchan-yoon/FR5_robot_control/robot_ws/install/fairino_msgs/lib/libfairino_msgs__rosidl_generator_c.so" to ""
-- Installing: /home/juchan-yoon/FR5_robot_control/robot_ws/install/fairino_msgs/lib/libfairino_msgs__rosidl_typesupport_fastrtps_c.so
-- Set non-toolchain portion of runtime path of "/home/juchan-yoon/FR5_robot_control/robot_ws/install/fairino_msgs/lib/libfairino_msgs__rosidl_typesupport_fastrtps_c.so" to ""
-- Installing: /home/juchan-yoon/FR5_robot_control/robot_ws/install/fairino_msgs/lib/libfairino_msgs__rosidl_typesupport_fastrtps_cpp.so
-- Set non-toolchain portion of runtime path of "/home/juchan-yoon/FR5_robot_control/robot_ws/install/fairino_msgs/lib/libfairino_msgs__rosidl_typesupport_fastrtps_cpp.so" to ""
-- Installing: /home/juchan-yoon/FR5_robot_control/robot_ws/install/fairino_msgs/lib/libfairino_msgs__rosidl_typesupport_introspection_c.so
-- Set non-toolchain portion of runtime path of "/home/juchan-yoon/FR5_robot_control/robot_ws/install/fairino_msgs/lib/libfairino_msgs__rosidl_typesupport_introspection_c.so" to ""
-- Installing: /home/juchan-yoon/FR5_robot_control/robot_ws/install/fairino_msgs/lib/libfairino_msgs__rosidl_typesupport_c.so
-- Set non-toolchain portion of runtime path of "/home/juchan-yoon/FR5_robot_control/robot_ws/install/fairino_msgs/lib/libfairino_msgs__rosidl_typesupport_c.so" to ""
-- Installing: /home/juchan-yoon/FR5_robot_control/robot_ws/install/fairino_msgs/lib/libfairino_msgs__rosidl_typesupport_introspection_cpp.so
-- Set non-toolchain portion of runtime path of "/home/juchan-yoon/FR5_robot_control/robot_ws/install/fairino_msgs/lib/libfairino_msgs__rosidl_typesupport_introspection_cpp.so" to ""
-- Installing: /home/juchan-yoon/FR5_robot_control/robot_ws/install/fairino_msgs/lib/libfairino_msgs__rosidl_typesupport_cpp.so
-- Set non-toolchain portion of runtime path of "/home/juchan-yoon/FR5_robot_control/robot_ws/install/fairino_msgs/lib/libfairino_msgs__rosidl_typesupport_cpp.so" to ""
Listing '/home/juchan-yoon/FR5_robot_control/robot_ws/install/fairino_msgs/lib/python3.12/site-packages/fairino_msgs'...
Compiling '/home/juchan-yoon/FR5_robot_control/robot_ws/install/fairino_msgs/lib/python3.12/site-packages/fairino_msgs/__init__.py'...
Listing '/home/juchan-yoon/FR5_robot_control/robot_ws/install/fairino_msgs/lib/python3.12/site-packages/fairino_msgs/msg'...
Compiling '/home/juchan-yoon/FR5_robot_control/robot_ws/install/fairino_msgs/lib/python3.12/site-packages/fairino_msgs/msg/__init__.py'...
Compiling '/home/juchan-yoon/FR5_robot_control/robot_ws/install/fairino_msgs/lib/python3.12/site-packages/fairino_msgs/msg/_robot_nonrt_state.py'...
Listing '/home/juchan-yoon/FR5_robot_control/robot_ws/install/fairino_msgs/lib/python3.12/site-packages/fairino_msgs/srv'...
Compiling '/home/juchan-yoon/FR5_robot_control/robot_ws/install/fairino_msgs/lib/python3.12/site-packages/fairino_msgs/srv/__init__.py'...
Compiling '/home/juchan-yoon/FR5_robot_control/robot_ws/install/fairino_msgs/lib/python3.12/site-packages/fairino_msgs/srv/_remote_cmd_interface.py'...
Compiling '/home/juchan-yoon/FR5_robot_control/robot_ws/install/fairino_msgs/lib/python3.12/site-packages/fairino_msgs/srv/_remote_script_content.py'...
-- Installing: /home/juchan-yoon/FR5_robot_control/robot_ws/install/fairino_msgs/lib/libfairino_msgs__rosidl_generator_py.so
-- Set non-toolchain portion of runtime path of "/home/juchan-yoon/FR5_robot_control/robot_ws/install/fairino_msgs/lib/libfairino_msgs__rosidl_generator_py.so" to ""
-- Installing: /home/juchan-yoon/FR5_robot_control/robot_ws/install/fairino_msgs/share/fairino_msgs/cmake/export_fairino_msgs__rosidl_generator_cExport.cmake
-- Installing: /home/juchan-yoon/FR5_robot_control/robot_ws/install/fairino_msgs/share/fairino_msgs/cmake/export_fairino_msgs__rosidl_generator_cExport-noconfig.cmake
-- Installing: /home/juchan-yoon/FR5_robot_control/robot_ws/install/fairino_msgs/share/fairino_msgs/cmake/export_fairino_msgs__rosidl_typesupport_fastrtps_cExport.cmake
-- Installing: /home/juchan-yoon/FR5_robot_control/robot_ws/install/fairino_msgs/share/fairino_msgs/cmake/export_fairino_msgs__rosidl_typesupport_fastrtps_cExport-noconfig.cmake
-- Installing: /home/juchan-yoon/FR5_robot_control/robot_ws/install/fairino_msgs/share/fairino_msgs/cmake/export_fairino_msgs__rosidl_generator_cppExport.cmake
-- Installing: /home/juchan-yoon/FR5_robot_control/robot_ws/install/fairino_msgs/share/fairino_msgs/cmake/export_fairino_msgs__rosidl_typesupport_fastrtps_cppExport.cmake
-- Installing: /home/juchan-yoon/FR5_robot_control/robot_ws/install/fairino_msgs/share/fairino_msgs/cmake/export_fairino_msgs__rosidl_typesupport_fastrtps_cppExport-noconfig.cmake
-- Installing: /home/juchan-yoon/FR5_robot_control/robot_ws/install/fairino_msgs/share/fairino_msgs/cmake/fairino_msgs__rosidl_typesupport_introspection_cExport.cmake
-- Installing: /home/juchan-yoon/FR5_robot_control/robot_ws/install/fairino_msgs/share/fairino_msgs/cmake/fairino_msgs__rosidl_typesupport_introspection_cExport-noconfig.cmake
-- Installing: /home/juchan-yoon/FR5_robot_control/robot_ws/install/fairino_msgs/share/fairino_msgs/cmake/fairino_msgs__rosidl_typesupport_cExport.cmake
-- Installing: /home/juchan-yoon/FR5_robot_control/robot_ws/install/fairino_msgs/share/fairino_msgs/cmake/fairino_msgs__rosidl_typesupport_cExport-noconfig.cmake
-- Installing: /home/juchan-yoon/FR5_robot_control/robot_ws/install/fairino_msgs/share/fairino_msgs/cmake/fairino_msgs__rosidl_typesupport_introspection_cppExport.cmake
-- Installing: /home/juchan-yoon/FR5_robot_control/robot_ws/install/fairino_msgs/share/fairino_msgs/cmake/fairino_msgs__rosidl_typesupport_introspection_cppExport-noconfig.cmake
-- Installing: /home/juchan-yoon/FR5_robot_control/robot_ws/install/fairino_msgs/share/fairino_msgs/cmake/fairino_msgs__rosidl_typesupport_cppExport.cmake
-- Installing: /home/juchan-yoon/FR5_robot_control/robot_ws/install/fairino_msgs/share/fairino_msgs/cmake/fairino_msgs__rosidl_typesupport_cppExport-noconfig.cmake
-- Installing: /home/juchan-yoon/FR5_robot_control/robot_ws/install/fairino_msgs/share/fairino_msgs/cmake/export_fairino_msgs__rosidl_generator_pyExport.cmake
-- Installing: /home/juchan-yoon/FR5_robot_control/robot_ws/install/fairino_msgs/share/fairino_msgs/cmake/export_fairino_msgs__rosidl_generator_pyExport-noconfig.cmake
