[0.006s] Invoking command in '/home/juchan-yoon/FR5_robot_control/robot_ws/build/fairino_msgs': CMAKE_PREFIX_PATH=${CMAKE_PREFIX_PATH}:/home/juchan-yoon/FR5_robot_control/ros2_ws/install/vision_server:/home/juchan-yoon/FR5_robot_control/ros2_ws/install/fr5_process_sequences:/home/juchan-yoon/turtlebot3_ws/install/turtlebot3_test:/home/juchan-yoon/turtlebot3_ws/install/turtlebot3_teleop:/home/juchan-yoon/turtlebot3_ws/install/turtlebot3_example:/opt/ros/jazzy DEBUGINFOD_URLS=https://debuginfod.ubuntu.com /usr/bin/cmake /home/juchan-yoon/FR5_robot_control/robot_ws/src/vendor/frcobot_ros2/fairino_msgs -DAMENT_CMAKE_SYMLINK_INSTALL=1 -DCMAKE_INSTALL_PREFIX=/home/juchan-yoon/FR5_robot_control/robot_ws/install/fairino_msgs
[0.045s] -- The C compiler identification is GNU 13.3.0
[0.084s] -- The CXX compiler identification is GNU 13.3.0
[0.096s] -- Detecting C compiler ABI info
[0.164s] -- Detecting C compiler ABI info - done
[0.170s] -- Check for working C compiler: /usr/bin/cc - skipped
[0.170s] -- Detecting C compile features
[0.171s] -- Detecting C compile features - done
[0.177s] -- Detecting CXX compiler ABI info
[0.245s] -- Detecting CXX compiler ABI info - done
[0.251s] -- Check for working CXX compiler: /usr/bin/c++ - skipped
[0.251s] -- Detecting CXX compile features
[0.252s] -- Detecting CXX compile features - done
[0.255s] -- Found ament_cmake: 2.5.6 (/opt/ros/jazzy/share/ament_cmake/cmake)
[0.373s] -- Found Python3: /usr/bin/python3 (found version "3.12.3") found components: Interpreter 
[0.425s] -- Override CMake install command with custom implementation using symlinks instead of copying resources
[0.467s] -- Found std_msgs: 5.3.7 (/opt/ros/jazzy/share/std_msgs/cmake)
[0.503s] -- Found rosidl_generator_c: 4.6.7 (/opt/ros/jazzy/share/rosidl_generator_c/cmake)
[0.516s] -- Found rosidl_generator_cpp: 4.6.7 (/opt/ros/jazzy/share/rosidl_generator_cpp/cmake)
[0.529s] -- Using all available rosidl_typesupport_c: rosidl_typesupport_fastrtps_c;rosidl_typesupport_introspection_c
[0.545s] -- Using all available rosidl_typesupport_cpp: rosidl_typesupport_fastrtps_cpp;rosidl_typesupport_introspection_cpp
[0.569s] -- Found rosidl_default_generators: 1.6.0 (/opt/ros/jazzy/share/rosidl_default_generators/cmake)
[0.586s] -- Found rosidl_adapter: 4.6.7 (/opt/ros/jazzy/share/rosidl_adapter/cmake)
[1.088s] -- Found ament_cmake_ros: 0.12.0 (/opt/ros/jazzy/share/ament_cmake_ros/cmake)
[1.696s] -- Using all available rosidl_typesupport_c: rosidl_typesupport_fastrtps_c;rosidl_typesupport_introspection_c
[1.926s] -- Using all available rosidl_typesupport_cpp: rosidl_typesupport_fastrtps_cpp;rosidl_typesupport_introspection_cpp
[1.929s] -- Found python_cmake_module: 0.11.1 (/opt/ros/jazzy/share/python_cmake_module/cmake)
[2.028s] -- Found PythonExtra: /usr/bin/python3  
[2.361s] -- Found Python3: /usr/bin/python3 (found version "3.12.3") found components: Interpreter Development NumPy Development.Module Development.Embed 
[2.426s] -- Found Python3: /usr/bin/python3 (found version "3.12.3") found components: Interpreter 
[2.431s] -- Found ament_lint_auto: 0.17.5 (/opt/ros/jazzy/share/ament_lint_auto/cmake)
[2.453s] -- Added test 'lint_cmake' to check CMake code style
[2.454s] -- Added test 'xmllint' to check XML markup files
[2.457s] -- Configuring done (2.4s)
[2.482s] -- Generating done (0.0s)
[2.490s] -- Build files have been written to: /home/juchan-yoon/FR5_robot_control/robot_ws/build/fairino_msgs
[2.497s] Invoked command in '/home/juchan-yoon/FR5_robot_control/robot_ws/build/fairino_msgs' returned '0': CMAKE_PREFIX_PATH=${CMAKE_PREFIX_PATH}:/home/juchan-yoon/FR5_robot_control/ros2_ws/install/vision_server:/home/juchan-yoon/FR5_robot_control/ros2_ws/install/fr5_process_sequences:/home/juchan-yoon/turtlebot3_ws/install/turtlebot3_test:/home/juchan-yoon/turtlebot3_ws/install/turtlebot3_teleop:/home/juchan-yoon/turtlebot3_ws/install/turtlebot3_example:/opt/ros/jazzy DEBUGINFOD_URLS=https://debuginfod.ubuntu.com /usr/bin/cmake /home/juchan-yoon/FR5_robot_control/robot_ws/src/vendor/frcobot_ros2/fairino_msgs -DAMENT_CMAKE_SYMLINK_INSTALL=1 -DCMAKE_INSTALL_PREFIX=/home/juchan-yoon/FR5_robot_control/robot_ws/install/fairino_msgs
[2.498s] Invoking command in '/home/juchan-yoon/FR5_robot_control/robot_ws/build/fairino_msgs': CMAKE_PREFIX_PATH=${CMAKE_PREFIX_PATH}:/home/juchan-yoon/FR5_robot_control/ros2_ws/install/vision_server:/home/juchan-yoon/FR5_robot_control/ros2_ws/install/fr5_process_sequences:/home/juchan-yoon/turtlebot3_ws/install/turtlebot3_test:/home/juchan-yoon/turtlebot3_ws/install/turtlebot3_teleop:/home/juchan-yoon/turtlebot3_ws/install/turtlebot3_example:/opt/ros/jazzy DEBUGINFOD_URLS=https://debuginfod.ubuntu.com /usr/bin/cmake --build /home/juchan-yoon/FR5_robot_control/robot_ws/build/fairino_msgs -- -j16 -l16
[2.560s] [  1%] Generating type hashes for ROS interfaces
[2.560s] [  3%] Generating Rust code for ROS interfaces
[2.572s] [  3%] Built target ament_cmake_python_symlink_fairino_msgs
[2.736s] running egg_info
[2.737s] creating fairino_msgs.egg-info
[2.752s] writing fairino_msgs.egg-info/PKG-INFO
[2.752s] writing dependency_links to fairino_msgs.egg-info/dependency_links.txt
[2.752s] writing top-level names to fairino_msgs.egg-info/top_level.txt
[2.752s] writing manifest file 'fairino_msgs.egg-info/SOURCES.txt'
[2.796s] reading manifest file 'fairino_msgs.egg-info/SOURCES.txt'
[2.796s] writing manifest file 'fairino_msgs.egg-info/SOURCES.txt'
[2.818s] [  3%] Built target ament_cmake_python_build_fairino_msgs_egg
[2.834s] [  3%] Built target fairino_msgs__rosidl_generator_type_description
[2.843s] [  5%] Generating C code for ROS interfaces
[2.848s] [  7%] Generating C++ code for ROS interfaces
[2.891s] [  7%] Built target fairino_msgs__rs
[3.240s] [  7%] Built target fairino_msgs__cpp
[3.262s] [ 12%] Building C object CMakeFiles/fairino_msgs__rosidl_generator_c.dir/rosidl_generator_c/fairino_msgs/srv/detail/remote_script_content__description.c.o
[3.262s] [ 12%] Building C object CMakeFiles/fairino_msgs__rosidl_generator_c.dir/rosidl_generator_c/fairino_msgs/srv/detail/remote_cmd_interface__functions.c.o
[3.262s] [ 12%] Building C object CMakeFiles/fairino_msgs__rosidl_generator_c.dir/rosidl_generator_c/fairino_msgs/srv/detail/remote_cmd_interface__type_support.c.o
[3.262s] [ 14%] Building C object CMakeFiles/fairino_msgs__rosidl_generator_c.dir/rosidl_generator_c/fairino_msgs/msg/detail/robot_nonrt_state__description.c.o
[3.262s] [ 16%] Building C object CMakeFiles/fairino_msgs__rosidl_generator_c.dir/rosidl_generator_c/fairino_msgs/msg/detail/robot_nonrt_state__functions.c.o
[3.262s] [ 18%] Building C object CMakeFiles/fairino_msgs__rosidl_generator_c.dir/rosidl_generator_c/fairino_msgs/srv/detail/remote_cmd_interface__description.c.o
[3.264s] [ 20%] Building C object CMakeFiles/fairino_msgs__rosidl_generator_c.dir/rosidl_generator_c/fairino_msgs/msg/detail/robot_nonrt_state__type_support.c.o
[3.264s] [ 23%] Building C object CMakeFiles/fairino_msgs__rosidl_generator_c.dir/rosidl_generator_c/fairino_msgs/srv/detail/remote_script_content__functions.c.o
[3.264s] [ 23%] Building C object CMakeFiles/fairino_msgs__rosidl_generator_c.dir/rosidl_generator_c/fairino_msgs/srv/detail/remote_script_content__type_support.c.o
[3.326s] [ 25%] Linking C shared library libfairino_msgs__rosidl_generator_c.so
[3.362s] [ 25%] Built target fairino_msgs__rosidl_generator_c
[3.385s] [ 30%] Generating C introspection for ROS interfaces
[3.385s] [ 32%] Generating C++ type support for eProsima Fast-RTPS
[3.386s] [ 32%] Generating C type support dispatch for ROS interfaces
[3.386s] [ 30%] Generating C++ introspection for ROS interfaces
[3.388s] [ 34%] Generating C++ type support dispatch for ROS interfaces
[3.395s] [ 36%] Generating C type support for eProsima Fast-RTPS
[3.760s] [ 38%] Building CXX object CMakeFiles/fairino_msgs__rosidl_typesupport_c.dir/rosidl_typesupport_c/fairino_msgs/srv/remote_cmd_interface__type_support.cpp.o
[3.760s] [ 40%] Building CXX object CMakeFiles/fairino_msgs__rosidl_typesupport_c.dir/rosidl_typesupport_c/fairino_msgs/msg/robot_nonrt_state__type_support.cpp.o
[3.763s] [ 41%] Building CXX object CMakeFiles/fairino_msgs__rosidl_typesupport_c.dir/rosidl_typesupport_c/fairino_msgs/srv/remote_script_content__type_support.cpp.o
[3.763s] [ 43%] Building CXX object CMakeFiles/fairino_msgs__rosidl_typesupport_cpp.dir/rosidl_typesupport_cpp/fairino_msgs/msg/robot_nonrt_state__type_support.cpp.o
[3.764s] [ 45%] Building CXX object CMakeFiles/fairino_msgs__rosidl_typesupport_cpp.dir/rosidl_typesupport_cpp/fairino_msgs/srv/remote_script_content__type_support.cpp.o
[3.765s] [ 47%] Building CXX object CMakeFiles/fairino_msgs__rosidl_typesupport_cpp.dir/rosidl_typesupport_cpp/fairino_msgs/srv/remote_cmd_interface__type_support.cpp.o
[3.805s] [ 49%] Linking CXX shared library libfairino_msgs__rosidl_typesupport_c.so
[3.825s] [ 50%] Building C object CMakeFiles/fairino_msgs__rosidl_typesupport_introspection_c.dir/rosidl_typesupport_introspection_c/fairino_msgs/srv/detail/remote_cmd_interface__type_support.c.o
[3.829s] [ 54%] Building C object CMakeFiles/fairino_msgs__rosidl_typesupport_introspection_c.dir/rosidl_typesupport_introspection_c/fairino_msgs/msg/detail/robot_nonrt_state__type_support.c.o
[3.829s] [ 54%] Building C object CMakeFiles/fairino_msgs__rosidl_typesupport_introspection_c.dir/rosidl_typesupport_introspection_c/fairino_msgs/srv/detail/remote_script_content__type_support.c.o
[3.852s] [ 54%] Built target fairino_msgs__rosidl_typesupport_c
[3.880s] [ 56%] Linking C shared library libfairino_msgs__rosidl_typesupport_introspection_c.so
[3.895s] [ 58%] Building CXX object CMakeFiles/fairino_msgs__rosidl_typesupport_introspection_cpp.dir/rosidl_typesupport_introspection_cpp/fairino_msgs/srv/detail/remote_cmd_interface__type_support.cpp.o
[3.899s] [ 61%] Building CXX object CMakeFiles/fairino_msgs__rosidl_typesupport_introspection_cpp.dir/rosidl_typesupport_introspection_cpp/fairino_msgs/msg/detail/robot_nonrt_state__type_support.cpp.o
[3.899s] [ 61%] Building CXX object CMakeFiles/fairino_msgs__rosidl_typesupport_introspection_cpp.dir/rosidl_typesupport_introspection_cpp/fairino_msgs/srv/detail/remote_script_content__type_support.cpp.o
[3.906s] [ 61%] Built target fairino_msgs__rosidl_typesupport_introspection_c
[3.962s] [ 63%] Building CXX object CMakeFiles/fairino_msgs__rosidl_typesupport_fastrtps_cpp.dir/rosidl_typesupport_fastrtps_cpp/fairino_msgs/srv/detail/dds_fastrtps/remote_cmd_interface__type_support.cpp.o
[3.964s] [ 65%] Building CXX object CMakeFiles/fairino_msgs__rosidl_typesupport_fastrtps_cpp.dir/rosidl_typesupport_fastrtps_cpp/fairino_msgs/msg/detail/dds_fastrtps/robot_nonrt_state__type_support.cpp.o
[3.964s] [ 67%] Building CXX object CMakeFiles/fairino_msgs__rosidl_typesupport_fastrtps_cpp.dir/rosidl_typesupport_fastrtps_cpp/fairino_msgs/srv/detail/dds_fastrtps/remote_script_content__type_support.cpp.o
[3.969s] [ 69%] Building CXX object CMakeFiles/fairino_msgs__rosidl_typesupport_fastrtps_c.dir/rosidl_typesupport_fastrtps_c/fairino_msgs/srv/detail/remote_cmd_interface__type_support_c.cpp.o
[3.971s] [ 72%] Building CXX object CMakeFiles/fairino_msgs__rosidl_typesupport_fastrtps_c.dir/rosidl_typesupport_fastrtps_c/fairino_msgs/msg/detail/robot_nonrt_state__type_support_c.cpp.o
[3.971s] [ 72%] Building CXX object CMakeFiles/fairino_msgs__rosidl_typesupport_fastrtps_c.dir/rosidl_typesupport_fastrtps_c/fairino_msgs/srv/detail/remote_script_content__type_support_c.cpp.o
[4.105s] [ 74%] Linking CXX shared library libfairino_msgs__rosidl_typesupport_cpp.so
[4.199s] [ 74%] Built target fairino_msgs__rosidl_typesupport_cpp
[4.330s] [ 76%] Linking CXX shared library libfairino_msgs__rosidl_typesupport_introspection_cpp.so
[4.386s] [ 76%] Built target fairino_msgs__rosidl_typesupport_introspection_cpp
[4.395s] [ 78%] Linking CXX shared library libfairino_msgs__rosidl_typesupport_fastrtps_c.so
[4.447s] [ 78%] Built target fairino_msgs__rosidl_typesupport_fastrtps_c
[4.495s] [ 80%] Linking CXX shared library libfairino_msgs__rosidl_typesupport_fastrtps_cpp.so
[4.551s] [ 80%] Built target fairino_msgs__rosidl_typesupport_fastrtps_cpp
[4.573s] [ 80%] Built target fairino_msgs
[4.600s] [ 81%] Generating Python code for ROS interfaces
[5.330s] [ 81%] Built target fairino_msgs__py
[5.349s] [ 83%] Building C object CMakeFiles/fairino_msgs__rosidl_generator_py.dir/rosidl_generator_py/fairino_msgs/msg/_robot_nonrt_state_s.c.o
[5.351s] [ 85%] Building C object CMakeFiles/fairino_msgs__rosidl_generator_py.dir/rosidl_generator_py/fairino_msgs/srv/_remote_script_content_s.c.o
[5.352s] [ 87%] Building C object CMakeFiles/fairino_msgs__rosidl_generator_py.dir/rosidl_generator_py/fairino_msgs/srv/_remote_cmd_interface_s.c.o
[5.525s] [ 89%] Linking C shared library libfairino_msgs__rosidl_generator_py.so
[5.583s] [ 89%] Built target fairino_msgs__rosidl_generator_py
[5.603s] [ 92%] Building C object CMakeFiles/fairino_msgs_s__rosidl_typesupport_c.dir/rosidl_generator_py/fairino_msgs/_fairino_msgs_s.ep.rosidl_typesupport_c.c.o
[5.603s] [ 92%] Building C object CMakeFiles/fairino_msgs_s__rosidl_typesupport_introspection_c.dir/rosidl_generator_py/fairino_msgs/_fairino_msgs_s.ep.rosidl_typesupport_introspection_c.c.o
[5.605s] [ 94%] Building C object CMakeFiles/fairino_msgs_s__rosidl_typesupport_fastrtps_c.dir/rosidl_generator_py/fairino_msgs/_fairino_msgs_s.ep.rosidl_typesupport_fastrtps_c.c.o
[5.674s] [ 96%] Linking C shared module rosidl_generator_py/fairino_msgs/fairino_msgs_s__rosidl_typesupport_introspection_c.so
[5.677s] [ 98%] Linking C shared module rosidl_generator_py/fairino_msgs/fairino_msgs_s__rosidl_typesupport_c.so
[5.682s] [100%] Linking C shared module rosidl_generator_py/fairino_msgs/fairino_msgs_s__rosidl_typesupport_fastrtps_c.so
[5.697s] [100%] Built target fairino_msgs_s__rosidl_typesupport_c
[5.699s] [100%] Built target fairino_msgs_s__rosidl_typesupport_introspection_c
[5.706s] [100%] Built target fairino_msgs_s__rosidl_typesupport_fastrtps_c
[5.714s] Invoked command in '/home/juchan-yoon/FR5_robot_control/robot_ws/build/fairino_msgs' returned '0': CMAKE_PREFIX_PATH=${CMAKE_PREFIX_PATH}:/home/juchan-yoon/FR5_robot_control/ros2_ws/install/vision_server:/home/juchan-yoon/FR5_robot_control/ros2_ws/install/fr5_process_sequences:/home/juchan-yoon/turtlebot3_ws/install/turtlebot3_test:/home/juchan-yoon/turtlebot3_ws/install/turtlebot3_teleop:/home/juchan-yoon/turtlebot3_ws/install/turtlebot3_example:/opt/ros/jazzy DEBUGINFOD_URLS=https://debuginfod.ubuntu.com /usr/bin/cmake --build /home/juchan-yoon/FR5_robot_control/robot_ws/build/fairino_msgs -- -j16 -l16
[5.714s] Invoking command in '/home/juchan-yoon/FR5_robot_control/robot_ws/build/fairino_msgs': CMAKE_PREFIX_PATH=${CMAKE_PREFIX_PATH}:/home/juchan-yoon/FR5_robot_control/ros2_ws/install/vision_server:/home/juchan-yoon/FR5_robot_control/ros2_ws/install/fr5_process_sequences:/home/juchan-yoon/turtlebot3_ws/install/turtlebot3_test:/home/juchan-yoon/turtlebot3_ws/install/turtlebot3_teleop:/home/juchan-yoon/turtlebot3_ws/install/turtlebot3_example:/opt/ros/jazzy DEBUGINFOD_URLS=https://debuginfod.ubuntu.com /usr/bin/cmake --install /home/juchan-yoon/FR5_robot_control/robot_ws/build/fairino_msgs
[5.720s] -- Install configuration: ""
[5.721s] -- Execute custom install script
[5.721s] -- Symlinking: /home/juchan-yoon/FR5_robot_control/robot_ws/install/fairino_msgs/share/ament_index/resource_index/rosidl_interfaces/fairino_msgs
[5.727s] -- Symlinking: /home/juchan-yoon/FR5_robot_control/robot_ws/install/fairino_msgs/share/fairino_msgs/srv/RemoteCmdInterface.json
[5.733s] -- Symlinking: /home/juchan-yoon/FR5_robot_control/robot_ws/install/fairino_msgs/share/fairino_msgs/srv/RemoteScriptContent.json
[5.741s] -- Symlinking: /home/juchan-yoon/FR5_robot_control/robot_ws/install/fairino_msgs/share/fairino_msgs/msg/RobotNonrtState.json
[5.750s] -- Symlinking: /home/juchan-yoon/FR5_robot_control/robot_ws/install/fairino_msgs/include/fairino_msgs/fairino_msgs/msg/detail/robot_nonrt_state__functions.h
[5.762s] -- Symlinking: /home/juchan-yoon/FR5_robot_control/robot_ws/install/fairino_msgs/include/fairino_msgs/fairino_msgs/msg/detail/robot_nonrt_state__struct.h
[5.775s] -- Symlinking: /home/juchan-yoon/FR5_robot_control/robot_ws/install/fairino_msgs/include/fairino_msgs/fairino_msgs/msg/detail/robot_nonrt_state__type_support.h
[5.788s] -- Symlinking: /home/juchan-yoon/FR5_robot_control/robot_ws/install/fairino_msgs/include/fairino_msgs/fairino_msgs/msg/robot_nonrt_state.h
[5.801s] -- Symlinking: /home/juchan-yoon/FR5_robot_control/robot_ws/install/fairino_msgs/include/fairino_msgs/fairino_msgs/msg/rosidl_generator_c__visibility_control.h
[5.815s] -- Symlinking: /home/juchan-yoon/FR5_robot_control/robot_ws/install/fairino_msgs/include/fairino_msgs/fairino_msgs/srv/detail/remote_cmd_interface__functions.h
[5.827s] -- Symlinking: /home/juchan-yoon/FR5_robot_control/robot_ws/install/fairino_msgs/include/fairino_msgs/fairino_msgs/srv/detail/remote_cmd_interface__struct.h
[5.841s] -- Symlinking: /home/juchan-yoon/FR5_robot_control/robot_ws/install/fairino_msgs/include/fairino_msgs/fairino_msgs/srv/detail/remote_cmd_interface__type_support.h
[5.851s] -- Symlinking: /home/juchan-yoon/FR5_robot_control/robot_ws/install/fairino_msgs/include/fairino_msgs/fairino_msgs/srv/detail/remote_script_content__functions.h
[5.864s] -- Symlinking: /home/juchan-yoon/FR5_robot_control/robot_ws/install/fairino_msgs/include/fairino_msgs/fairino_msgs/srv/detail/remote_script_content__struct.h
[5.882s] -- Symlinking: /home/juchan-yoon/FR5_robot_control/robot_ws/install/fairino_msgs/include/fairino_msgs/fairino_msgs/srv/detail/remote_script_content__type_support.h
[5.891s] -- Symlinking: /home/juchan-yoon/FR5_robot_control/robot_ws/install/fairino_msgs/include/fairino_msgs/fairino_msgs/srv/remote_cmd_interface.h
[5.902s] -- Symlinking: /home/juchan-yoon/FR5_robot_control/robot_ws/install/fairino_msgs/include/fairino_msgs/fairino_msgs/srv/remote_script_content.h
[5.918s] -- Symlinking: /home/juchan-yoon/FR5_robot_control/robot_ws/install/fairino_msgs/share/fairino_msgs/environment/library_path.sh
[5.938s] -- Symlinking: /home/juchan-yoon/FR5_robot_control/robot_ws/install/fairino_msgs/share/fairino_msgs/environment/library_path.dsv
[5.956s] -- Symlinking: /home/juchan-yoon/FR5_robot_control/robot_ws/install/fairino_msgs/include/fairino_msgs/fairino_msgs/msg/detail/robot_nonrt_state__rosidl_typesupport_fastrtps_c.h
[5.966s] -- Symlinking: /home/juchan-yoon/FR5_robot_control/robot_ws/install/fairino_msgs/include/fairino_msgs/fairino_msgs/msg/rosidl_typesupport_fastrtps_c__visibility_control.h
[5.975s] -- Symlinking: /home/juchan-yoon/FR5_robot_control/robot_ws/install/fairino_msgs/include/fairino_msgs/fairino_msgs/srv/detail/remote_cmd_interface__rosidl_typesupport_fastrtps_c.h
[5.989s] -- Symlinking: /home/juchan-yoon/FR5_robot_control/robot_ws/install/fairino_msgs/include/fairino_msgs/fairino_msgs/srv/detail/remote_script_content__rosidl_typesupport_fastrtps_c.h
[6.012s] -- Symlinking: /home/juchan-yoon/FR5_robot_control/robot_ws/install/fairino_msgs/include/fairino_msgs/fairino_msgs/msg/detail/robot_nonrt_state__builder.hpp
[6.027s] -- Symlinking: /home/juchan-yoon/FR5_robot_control/robot_ws/install/fairino_msgs/include/fairino_msgs/fairino_msgs/msg/detail/robot_nonrt_state__struct.hpp
[6.040s] -- Symlinking: /home/juchan-yoon/FR5_robot_control/robot_ws/install/fairino_msgs/include/fairino_msgs/fairino_msgs/msg/detail/robot_nonrt_state__traits.hpp
[6.058s] -- Symlinking: /home/juchan-yoon/FR5_robot_control/robot_ws/install/fairino_msgs/include/fairino_msgs/fairino_msgs/msg/detail/robot_nonrt_state__type_support.hpp
[6.069s] -- Symlinking: /home/juchan-yoon/FR5_robot_control/robot_ws/install/fairino_msgs/include/fairino_msgs/fairino_msgs/msg/robot_nonrt_state.hpp
[6.081s] -- Symlinking: /home/juchan-yoon/FR5_robot_control/robot_ws/install/fairino_msgs/include/fairino_msgs/fairino_msgs/msg/rosidl_generator_cpp__visibility_control.hpp
[6.092s] -- Symlinking: /home/juchan-yoon/FR5_robot_control/robot_ws/install/fairino_msgs/include/fairino_msgs/fairino_msgs/srv/detail/remote_cmd_interface__builder.hpp
[6.106s] -- Symlinking: /home/juchan-yoon/FR5_robot_control/robot_ws/install/fairino_msgs/include/fairino_msgs/fairino_msgs/srv/detail/remote_cmd_interface__struct.hpp
[6.121s] -- Symlinking: /home/juchan-yoon/FR5_robot_control/robot_ws/install/fairino_msgs/include/fairino_msgs/fairino_msgs/srv/detail/remote_cmd_interface__traits.hpp
[6.129s] -- Symlinking: /home/juchan-yoon/FR5_robot_control/robot_ws/install/fairino_msgs/include/fairino_msgs/fairino_msgs/srv/detail/remote_cmd_interface__type_support.hpp
[6.134s] -- Symlinking: /home/juchan-yoon/FR5_robot_control/robot_ws/install/fairino_msgs/include/fairino_msgs/fairino_msgs/srv/detail/remote_script_content__builder.hpp
[6.142s] -- Symlinking: /home/juchan-yoon/FR5_robot_control/robot_ws/install/fairino_msgs/include/fairino_msgs/fairino_msgs/srv/detail/remote_script_content__struct.hpp
[6.150s] -- Symlinking: /home/juchan-yoon/FR5_robot_control/robot_ws/install/fairino_msgs/include/fairino_msgs/fairino_msgs/srv/detail/remote_script_content__traits.hpp
[6.156s] -- Symlinking: /home/juchan-yoon/FR5_robot_control/robot_ws/install/fairino_msgs/include/fairino_msgs/fairino_msgs/srv/detail/remote_script_content__type_support.hpp
[6.166s] -- Symlinking: /home/juchan-yoon/FR5_robot_control/robot_ws/install/fairino_msgs/include/fairino_msgs/fairino_msgs/srv/remote_cmd_interface.hpp
[6.181s] -- Symlinking: /home/juchan-yoon/FR5_robot_control/robot_ws/install/fairino_msgs/include/fairino_msgs/fairino_msgs/srv/remote_script_content.hpp
[6.193s] -- Symlinking: /home/juchan-yoon/FR5_robot_control/robot_ws/install/fairino_msgs/include/fairino_msgs/fairino_msgs/msg/detail/robot_nonrt_state__rosidl_typesupport_fastrtps_cpp.hpp
[6.210s] -- Symlinking: /home/juchan-yoon/FR5_robot_control/robot_ws/install/fairino_msgs/include/fairino_msgs/fairino_msgs/msg/rosidl_typesupport_fastrtps_cpp__visibility_control.h
[6.224s] -- Symlinking: /home/juchan-yoon/FR5_robot_control/robot_ws/install/fairino_msgs/include/fairino_msgs/fairino_msgs/srv/detail/remote_cmd_interface__rosidl_typesupport_fastrtps_cpp.hpp
[6.239s] -- Symlinking: /home/juchan-yoon/FR5_robot_control/robot_ws/install/fairino_msgs/include/fairino_msgs/fairino_msgs/srv/detail/remote_script_content__rosidl_typesupport_fastrtps_cpp.hpp
[6.249s] -- Symlinking: /home/juchan-yoon/FR5_robot_control/robot_ws/install/fairino_msgs/include/fairino_msgs/fairino_msgs/msg/detail/robot_nonrt_state__rosidl_typesupport_introspection_c.h
[6.265s] -- Symlinking: /home/juchan-yoon/FR5_robot_control/robot_ws/install/fairino_msgs/include/fairino_msgs/fairino_msgs/msg/rosidl_typesupport_introspection_c__visibility_control.h
[6.281s] -- Symlinking: /home/juchan-yoon/FR5_robot_control/robot_ws/install/fairino_msgs/include/fairino_msgs/fairino_msgs/srv/detail/remote_cmd_interface__rosidl_typesupport_introspection_c.h
[6.293s] -- Symlinking: /home/juchan-yoon/FR5_robot_control/robot_ws/install/fairino_msgs/include/fairino_msgs/fairino_msgs/srv/detail/remote_script_content__rosidl_typesupport_introspection_c.h
[6.304s] -- Symlinking: /home/juchan-yoon/FR5_robot_control/robot_ws/install/fairino_msgs/include/fairino_msgs/fairino_msgs/msg/detail/robot_nonrt_state__rosidl_typesupport_introspection_cpp.hpp
[6.321s] -- Symlinking: /home/juchan-yoon/FR5_robot_control/robot_ws/install/fairino_msgs/include/fairino_msgs/fairino_msgs/srv/detail/remote_cmd_interface__rosidl_typesupport_introspection_cpp.hpp
[6.332s] -- Symlinking: /home/juchan-yoon/FR5_robot_control/robot_ws/install/fairino_msgs/include/fairino_msgs/fairino_msgs/srv/detail/remote_script_content__rosidl_typesupport_introspection_cpp.hpp
[6.348s] -- Symlinking: /home/juchan-yoon/FR5_robot_control/robot_ws/install/fairino_msgs/share/fairino_msgs/environment/pythonpath.sh
[6.368s] -- Symlinking: /home/juchan-yoon/FR5_robot_control/robot_ws/install/fairino_msgs/share/fairino_msgs/environment/pythonpath.dsv
[6.388s] -- Symlinking: /home/juchan-yoon/FR5_robot_control/robot_ws/install/fairino_msgs/lib/python3.12/site-packages/fairino_msgs-0.0.0-py3.12.egg-info/PKG-INFO
[6.401s] -- Symlinking: /home/juchan-yoon/FR5_robot_control/robot_ws/install/fairino_msgs/lib/python3.12/site-packages/fairino_msgs-0.0.0-py3.12.egg-info/SOURCES.txt
[6.417s] -- Symlinking: /home/juchan-yoon/FR5_robot_control/robot_ws/install/fairino_msgs/lib/python3.12/site-packages/fairino_msgs-0.0.0-py3.12.egg-info/dependency_links.txt
[6.436s] -- Symlinking: /home/juchan-yoon/FR5_robot_control/robot_ws/install/fairino_msgs/lib/python3.12/site-packages/fairino_msgs-0.0.0-py3.12.egg-info/top_level.txt
[6.450s] -- Symlinking: /home/juchan-yoon/FR5_robot_control/robot_ws/install/fairino_msgs/lib/python3.12/site-packages/fairino_msgs/__init__.py
[6.462s] -- Symlinking: /home/juchan-yoon/FR5_robot_control/robot_ws/install/fairino_msgs/lib/python3.12/site-packages/fairino_msgs/_fairino_msgs_s.ep.rosidl_typesupport_c.c
[6.471s] -- Symlinking: /home/juchan-yoon/FR5_robot_control/robot_ws/install/fairino_msgs/lib/python3.12/site-packages/fairino_msgs/_fairino_msgs_s.ep.rosidl_typesupport_fastrtps_c.c
[6.483s] -- Symlinking: /home/juchan-yoon/FR5_robot_control/robot_ws/install/fairino_msgs/lib/python3.12/site-packages/fairino_msgs/_fairino_msgs_s.ep.rosidl_typesupport_introspection_c.c
[6.498s] -- Symlinking: /home/juchan-yoon/FR5_robot_control/robot_ws/install/fairino_msgs/lib/python3.12/site-packages/fairino_msgs/fairino_msgs_s__rosidl_typesupport_c.so
[6.509s] -- Symlinking: /home/juchan-yoon/FR5_robot_control/robot_ws/install/fairino_msgs/lib/python3.12/site-packages/fairino_msgs/fairino_msgs_s__rosidl_typesupport_fastrtps_c.so
[6.536s] -- Symlinking: /home/juchan-yoon/FR5_robot_control/robot_ws/install/fairino_msgs/lib/python3.12/site-packages/fairino_msgs/fairino_msgs_s__rosidl_typesupport_introspection_c.so
[6.545s] -- Symlinking: /home/juchan-yoon/FR5_robot_control/robot_ws/install/fairino_msgs/lib/python3.12/site-packages/fairino_msgs/msg/__init__.py
[6.555s] -- Symlinking: /home/juchan-yoon/FR5_robot_control/robot_ws/install/fairino_msgs/lib/python3.12/site-packages/fairino_msgs/msg/_robot_nonrt_state.py
[6.561s] -- Symlinking: /home/juchan-yoon/FR5_robot_control/robot_ws/install/fairino_msgs/lib/python3.12/site-packages/fairino_msgs/msg/_robot_nonrt_state_s.c
[6.568s] -- Symlinking: /home/juchan-yoon/FR5_robot_control/robot_ws/install/fairino_msgs/lib/python3.12/site-packages/fairino_msgs/srv/__init__.py
[6.584s] -- Symlinking: /home/juchan-yoon/FR5_robot_control/robot_ws/install/fairino_msgs/lib/python3.12/site-packages/fairino_msgs/srv/_remote_cmd_interface.py
[6.596s] -- Symlinking: /home/juchan-yoon/FR5_robot_control/robot_ws/install/fairino_msgs/lib/python3.12/site-packages/fairino_msgs/srv/_remote_cmd_interface_s.c
[6.602s] -- Symlinking: /home/juchan-yoon/FR5_robot_control/robot_ws/install/fairino_msgs/lib/python3.12/site-packages/fairino_msgs/srv/_remote_script_content.py
[6.618s] -- Symlinking: /home/juchan-yoon/FR5_robot_control/robot_ws/install/fairino_msgs/lib/python3.12/site-packages/fairino_msgs/srv/_remote_script_content_s.c
[6.629s] -- Up-to-date symlink: /home/juchan-yoon/FR5_robot_control/robot_ws/install/fairino_msgs/lib/python3.12/site-packages/fairino_msgs/fairino_msgs_s__rosidl_typesupport_fastrtps_c.so
[6.629s] -- Up-to-date symlink: /home/juchan-yoon/FR5_robot_control/robot_ws/install/fairino_msgs/lib/python3.12/site-packages/fairino_msgs/fairino_msgs_s__rosidl_typesupport_introspection_c.so
[6.629s] -- Up-to-date symlink: /home/juchan-yoon/FR5_robot_control/robot_ws/install/fairino_msgs/lib/python3.12/site-packages/fairino_msgs/fairino_msgs_s__rosidl_typesupport_c.so
[6.629s] -- Symlinking: /home/juchan-yoon/FR5_robot_control/robot_ws/install/fairino_msgs/share/ament_index/resource_index/rust_packages/fairino_msgs
[6.640s] -- Symlinking: /home/juchan-yoon/FR5_robot_control/robot_ws/install/fairino_msgs/share/fairino_msgs/rust/Cargo.toml
[6.652s] -- Symlinking: /home/juchan-yoon/FR5_robot_control/robot_ws/install/fairino_msgs/share/fairino_msgs/rust/build.rs
[6.665s] -- Symlinking: /home/juchan-yoon/FR5_robot_control/robot_ws/install/fairino_msgs/share/fairino_msgs/rust/src/lib.rs
[6.680s] -- Symlinking: /home/juchan-yoon/FR5_robot_control/robot_ws/install/fairino_msgs/share/fairino_msgs/rust/src/msg.rs
[6.696s] -- Symlinking: /home/juchan-yoon/FR5_robot_control/robot_ws/install/fairino_msgs/share/fairino_msgs/rust/src/msg/rmw.rs
[6.708s] -- Symlinking: /home/juchan-yoon/FR5_robot_control/robot_ws/install/fairino_msgs/share/fairino_msgs/rust/src/srv.rs
[6.718s] -- Symlinking: /home/juchan-yoon/FR5_robot_control/robot_ws/install/fairino_msgs/share/fairino_msgs/rust/src/srv/rmw.rs
[6.737s] -- Symlinking: /home/juchan-yoon/FR5_robot_control/robot_ws/install/fairino_msgs/share/fairino_msgs/srv/RemoteCmdInterface.idl
[6.752s] -- Symlinking: /home/juchan-yoon/FR5_robot_control/robot_ws/install/fairino_msgs/share/fairino_msgs/srv/RemoteScriptContent.idl
[6.764s] -- Symlinking: /home/juchan-yoon/FR5_robot_control/robot_ws/install/fairino_msgs/share/fairino_msgs/msg/RobotNonrtState.idl
[6.778s] -- Symlinking: /home/juchan-yoon/FR5_robot_control/robot_ws/install/fairino_msgs/share/fairino_msgs/srv/RemoteCmdInterface.srv
[6.792s] -- Symlinking: /home/juchan-yoon/FR5_robot_control/robot_ws/install/fairino_msgs/share/fairino_msgs/srv/RemoteScriptContent.srv
[6.802s] -- Symlinking: /home/juchan-yoon/FR5_robot_control/robot_ws/install/fairino_msgs/share/fairino_msgs/msg/RobotNonrtState.msg
[6.821s] -- Symlinking: /home/juchan-yoon/FR5_robot_control/robot_ws/install/fairino_msgs/share/ament_index/resource_index/package_run_dependencies/fairino_msgs
[6.836s] -- Symlinking: /home/juchan-yoon/FR5_robot_control/robot_ws/install/fairino_msgs/share/ament_index/resource_index/parent_prefix_path/fairino_msgs
[6.846s] -- Symlinking: /home/juchan-yoon/FR5_robot_control/robot_ws/install/fairino_msgs/share/fairino_msgs/environment/ament_prefix_path.sh
[6.865s] -- Symlinking: /home/juchan-yoon/FR5_robot_control/robot_ws/install/fairino_msgs/share/fairino_msgs/environment/ament_prefix_path.dsv
[6.886s] -- Symlinking: /home/juchan-yoon/FR5_robot_control/robot_ws/install/fairino_msgs/share/fairino_msgs/environment/path.sh
[6.908s] -- Symlinking: /home/juchan-yoon/FR5_robot_control/robot_ws/install/fairino_msgs/share/fairino_msgs/environment/path.dsv
[6.915s] -- Symlinking: /home/juchan-yoon/FR5_robot_control/robot_ws/install/fairino_msgs/share/fairino_msgs/local_setup.bash
[6.921s] -- Symlinking: /home/juchan-yoon/FR5_robot_control/robot_ws/install/fairino_msgs/share/fairino_msgs/local_setup.sh
[6.926s] -- Symlinking: /home/juchan-yoon/FR5_robot_control/robot_ws/install/fairino_msgs/share/fairino_msgs/local_setup.zsh
[6.933s] -- Symlinking: /home/juchan-yoon/FR5_robot_control/robot_ws/install/fairino_msgs/share/fairino_msgs/local_setup.dsv
[6.939s] -- Symlinking: /home/juchan-yoon/FR5_robot_control/robot_ws/install/fairino_msgs/share/fairino_msgs/package.dsv
[6.945s] -- Symlinking: /home/juchan-yoon/FR5_robot_control/robot_ws/install/fairino_msgs/share/ament_index/resource_index/packages/fairino_msgs
[6.952s] -- Symlinking: /home/juchan-yoon/FR5_robot_control/robot_ws/install/fairino_msgs/share/fairino_msgs/cmake/rosidl_cmake-extras.cmake
[6.962s] -- Symlinking: /home/juchan-yoon/FR5_robot_control/robot_ws/install/fairino_msgs/share/fairino_msgs/cmake/ament_cmake_export_dependencies-extras.cmake
[6.971s] -- Symlinking: /home/juchan-yoon/FR5_robot_control/robot_ws/install/fairino_msgs/share/fairino_msgs/cmake/ament_cmake_export_include_directories-extras.cmake
[6.983s] -- Symlinking: /home/juchan-yoon/FR5_robot_control/robot_ws/install/fairino_msgs/share/fairino_msgs/cmake/ament_cmake_export_libraries-extras.cmake
[6.996s] -- Symlinking: /home/juchan-yoon/FR5_robot_control/robot_ws/install/fairino_msgs/share/fairino_msgs/cmake/ament_cmake_export_targets-extras.cmake
[7.005s] -- Symlinking: /home/juchan-yoon/FR5_robot_control/robot_ws/install/fairino_msgs/share/fairino_msgs/cmake/rosidl_cmake_export_typesupport_targets-extras.cmake
[7.013s] -- Symlinking: /home/juchan-yoon/FR5_robot_control/robot_ws/install/fairino_msgs/share/fairino_msgs/cmake/rosidl_cmake_export_typesupport_libraries-extras.cmake
[7.019s] -- Symlinking: /home/juchan-yoon/FR5_robot_control/robot_ws/install/fairino_msgs/share/fairino_msgs/cmake/fairino_msgsConfig.cmake
[7.031s] -- Symlinking: /home/juchan-yoon/FR5_robot_control/robot_ws/install/fairino_msgs/share/fairino_msgs/cmake/fairino_msgsConfig-version.cmake
[7.043s] -- Symlinking: /home/juchan-yoon/FR5_robot_control/robot_ws/install/fairino_msgs/share/fairino_msgs/package.xml
[7.051s] -- Installing: /home/juchan-yoon/FR5_robot_control/robot_ws/install/fairino_msgs/lib/libfairino_msgs__rosidl_generator_c.so
[7.051s] -- Set non-toolchain portion of runtime path of "/home/juchan-yoon/FR5_robot_control/robot_ws/install/fairino_msgs/lib/libfairino_msgs__rosidl_generator_c.so" to ""
[7.051s] -- Installing: /home/juchan-yoon/FR5_robot_control/robot_ws/install/fairino_msgs/lib/libfairino_msgs__rosidl_typesupport_fastrtps_c.so
[7.051s] -- Set non-toolchain portion of runtime path of "/home/juchan-yoon/FR5_robot_control/robot_ws/install/fairino_msgs/lib/libfairino_msgs__rosidl_typesupport_fastrtps_c.so" to ""
[7.051s] -- Installing: /home/juchan-yoon/FR5_robot_control/robot_ws/install/fairino_msgs/lib/libfairino_msgs__rosidl_typesupport_fastrtps_cpp.so
[7.051s] -- Set non-toolchain portion of runtime path of "/home/juchan-yoon/FR5_robot_control/robot_ws/install/fairino_msgs/lib/libfairino_msgs__rosidl_typesupport_fastrtps_cpp.so" to ""
[7.051s] -- Installing: /home/juchan-yoon/FR5_robot_control/robot_ws/install/fairino_msgs/lib/libfairino_msgs__rosidl_typesupport_introspection_c.so
[7.052s] -- Set non-toolchain portion of runtime path of "/home/juchan-yoon/FR5_robot_control/robot_ws/install/fairino_msgs/lib/libfairino_msgs__rosidl_typesupport_introspection_c.so" to ""
[7.052s] -- Installing: /home/juchan-yoon/FR5_robot_control/robot_ws/install/fairino_msgs/lib/libfairino_msgs__rosidl_typesupport_c.so
[7.052s] -- Set non-toolchain portion of runtime path of "/home/juchan-yoon/FR5_robot_control/robot_ws/install/fairino_msgs/lib/libfairino_msgs__rosidl_typesupport_c.so" to ""
[7.052s] -- Installing: /home/juchan-yoon/FR5_robot_control/robot_ws/install/fairino_msgs/lib/libfairino_msgs__rosidl_typesupport_introspection_cpp.so
[7.052s] -- Set non-toolchain portion of runtime path of "/home/juchan-yoon/FR5_robot_control/robot_ws/install/fairino_msgs/lib/libfairino_msgs__rosidl_typesupport_introspection_cpp.so" to ""
[7.052s] -- Installing: /home/juchan-yoon/FR5_robot_control/robot_ws/install/fairino_msgs/lib/libfairino_msgs__rosidl_typesupport_cpp.so
[7.052s] -- Set non-toolchain portion of runtime path of "/home/juchan-yoon/FR5_robot_control/robot_ws/install/fairino_msgs/lib/libfairino_msgs__rosidl_typesupport_cpp.so" to ""
[7.103s] Listing '/home/juchan-yoon/FR5_robot_control/robot_ws/install/fairino_msgs/lib/python3.12/site-packages/fairino_msgs'...
[7.103s] Compiling '/home/juchan-yoon/FR5_robot_control/robot_ws/install/fairino_msgs/lib/python3.12/site-packages/fairino_msgs/__init__.py'...
[7.103s] Listing '/home/juchan-yoon/FR5_robot_control/robot_ws/install/fairino_msgs/lib/python3.12/site-packages/fairino_msgs/msg'...
[7.103s] Compiling '/home/juchan-yoon/FR5_robot_control/robot_ws/install/fairino_msgs/lib/python3.12/site-packages/fairino_msgs/msg/__init__.py'...
[7.103s] Compiling '/home/juchan-yoon/FR5_robot_control/robot_ws/install/fairino_msgs/lib/python3.12/site-packages/fairino_msgs/msg/_robot_nonrt_state.py'...
[7.103s] Listing '/home/juchan-yoon/FR5_robot_control/robot_ws/install/fairino_msgs/lib/python3.12/site-packages/fairino_msgs/srv'...
[7.103s] Compiling '/home/juchan-yoon/FR5_robot_control/robot_ws/install/fairino_msgs/lib/python3.12/site-packages/fairino_msgs/srv/__init__.py'...
[7.103s] Compiling '/home/juchan-yoon/FR5_robot_control/robot_ws/install/fairino_msgs/lib/python3.12/site-packages/fairino_msgs/srv/_remote_cmd_interface.py'...
[7.104s] Compiling '/home/juchan-yoon/FR5_robot_control/robot_ws/install/fairino_msgs/lib/python3.12/site-packages/fairino_msgs/srv/_remote_script_content.py'...
[7.107s] -- Installing: /home/juchan-yoon/FR5_robot_control/robot_ws/install/fairino_msgs/lib/libfairino_msgs__rosidl_generator_py.so
[7.108s] -- Set non-toolchain portion of runtime path of "/home/juchan-yoon/FR5_robot_control/robot_ws/install/fairino_msgs/lib/libfairino_msgs__rosidl_generator_py.so" to ""
[7.108s] -- Installing: /home/juchan-yoon/FR5_robot_control/robot_ws/install/fairino_msgs/share/fairino_msgs/cmake/export_fairino_msgs__rosidl_generator_cExport.cmake
[7.108s] -- Installing: /home/juchan-yoon/FR5_robot_control/robot_ws/install/fairino_msgs/share/fairino_msgs/cmake/export_fairino_msgs__rosidl_generator_cExport-noconfig.cmake
[7.108s] -- Installing: /home/juchan-yoon/FR5_robot_control/robot_ws/install/fairino_msgs/share/fairino_msgs/cmake/export_fairino_msgs__rosidl_typesupport_fastrtps_cExport.cmake
[7.108s] -- Installing: /home/juchan-yoon/FR5_robot_control/robot_ws/install/fairino_msgs/share/fairino_msgs/cmake/export_fairino_msgs__rosidl_typesupport_fastrtps_cExport-noconfig.cmake
[7.108s] -- Installing: /home/juchan-yoon/FR5_robot_control/robot_ws/install/fairino_msgs/share/fairino_msgs/cmake/export_fairino_msgs__rosidl_generator_cppExport.cmake
[7.108s] -- Installing: /home/juchan-yoon/FR5_robot_control/robot_ws/install/fairino_msgs/share/fairino_msgs/cmake/export_fairino_msgs__rosidl_typesupport_fastrtps_cppExport.cmake
[7.108s] -- Installing: /home/juchan-yoon/FR5_robot_control/robot_ws/install/fairino_msgs/share/fairino_msgs/cmake/export_fairino_msgs__rosidl_typesupport_fastrtps_cppExport-noconfig.cmake
[7.108s] -- Installing: /home/juchan-yoon/FR5_robot_control/robot_ws/install/fairino_msgs/share/fairino_msgs/cmake/fairino_msgs__rosidl_typesupport_introspection_cExport.cmake
[7.108s] -- Installing: /home/juchan-yoon/FR5_robot_control/robot_ws/install/fairino_msgs/share/fairino_msgs/cmake/fairino_msgs__rosidl_typesupport_introspection_cExport-noconfig.cmake
[7.108s] -- Installing: /home/juchan-yoon/FR5_robot_control/robot_ws/install/fairino_msgs/share/fairino_msgs/cmake/fairino_msgs__rosidl_typesupport_cExport.cmake
[7.108s] -- Installing: /home/juchan-yoon/FR5_robot_control/robot_ws/install/fairino_msgs/share/fairino_msgs/cmake/fairino_msgs__rosidl_typesupport_cExport-noconfig.cmake
[7.108s] -- Installing: /home/juchan-yoon/FR5_robot_control/robot_ws/install/fairino_msgs/share/fairino_msgs/cmake/fairino_msgs__rosidl_typesupport_introspection_cppExport.cmake
[7.108s] -- Installing: /home/juchan-yoon/FR5_robot_control/robot_ws/install/fairino_msgs/share/fairino_msgs/cmake/fairino_msgs__rosidl_typesupport_introspection_cppExport-noconfig.cmake
[7.108s] -- Installing: /home/juchan-yoon/FR5_robot_control/robot_ws/install/fairino_msgs/share/fairino_msgs/cmake/fairino_msgs__rosidl_typesupport_cppExport.cmake
[7.108s] -- Installing: /home/juchan-yoon/FR5_robot_control/robot_ws/install/fairino_msgs/share/fairino_msgs/cmake/fairino_msgs__rosidl_typesupport_cppExport-noconfig.cmake
[7.108s] -- Installing: /home/juchan-yoon/FR5_robot_control/robot_ws/install/fairino_msgs/share/fairino_msgs/cmake/export_fairino_msgs__rosidl_generator_pyExport.cmake
[7.108s] -- Installing: /home/juchan-yoon/FR5_robot_control/robot_ws/install/fairino_msgs/share/fairino_msgs/cmake/export_fairino_msgs__rosidl_generator_pyExport-noconfig.cmake
[7.110s] Invoked command in '/home/juchan-yoon/FR5_robot_control/robot_ws/build/fairino_msgs' returned '0': CMAKE_PREFIX_PATH=${CMAKE_PREFIX_PATH}:/home/juchan-yoon/FR5_robot_control/ros2_ws/install/vision_server:/home/juchan-yoon/FR5_robot_control/ros2_ws/install/fr5_process_sequences:/home/juchan-yoon/turtlebot3_ws/install/turtlebot3_test:/home/juchan-yoon/turtlebot3_ws/install/turtlebot3_teleop:/home/juchan-yoon/turtlebot3_ws/install/turtlebot3_example:/opt/ros/jazzy DEBUGINFOD_URLS=https://debuginfod.ubuntu.com /usr/bin/cmake --install /home/juchan-yoon/FR5_robot_control/robot_ws/build/fairino_msgs
