[0.734s] Invoking command in '/home/juchan-yoon/FR5_robot_control/ros2_ws/build/fr5_process_sequences': DEBUGINFOD_URLS=https://debuginfod.ubuntu.com PYTHONPATH=/home/juchan-yoon/FR5_robot_control/ros2_ws/build/fr5_process_sequences/prefix_override:/usr/lib/python3/dist-packages/colcon_core/task/python/colcon_distutils_commands:/home/juchan-yoon/FR5_robot_control/ros2_ws/install/fr5_process_sequences/lib/python3.12/site-packages:${PYTHONPATH} /usr/bin/python3 -W ignore:setup.py install is deprecated -W ignore:easy_install command is deprecated setup.py develop --editable --build-directory /home/juchan-yoon/FR5_robot_control/ros2_ws/build/fr5_process_sequences/build --no-deps symlink_data
[0.966s] running develop
[1.112s] running egg_info
[1.112s] creating fr5_process_sequences.egg-info
[1.126s] writing fr5_process_sequences.egg-info/PKG-INFO
[1.126s] writing dependency_links to fr5_process_sequences.egg-info/dependency_links.txt
[1.126s] writing requirements to fr5_process_sequences.egg-info/requires.txt
[1.126s] writing top-level names to fr5_process_sequences.egg-info/top_level.txt
[1.126s] writing manifest file 'fr5_process_sequences.egg-info/SOURCES.txt'
[1.156s] reading manifest file 'fr5_process_sequences.egg-info/SOURCES.txt'
[1.156s] writing manifest file 'fr5_process_sequences.egg-info/SOURCES.txt'
[1.172s] running build_ext
[1.172s] Creating /home/juchan-yoon/FR5_robot_control/ros2_ws/install/fr5_process_sequences/lib/python3.12/site-packages/fr5-process-sequences.egg-link (link to .)
[1.172s] 
[1.172s] Installed /home/juchan-yoon/FR5_robot_control/ros2_ws/build/fr5_process_sequences
[1.172s] running symlink_data
[1.173s] creating /home/juchan-yoon/FR5_robot_control/ros2_ws/install/fr5_process_sequences/share/ament_index
[1.173s] creating /home/juchan-yoon/FR5_robot_control/ros2_ws/install/fr5_process_sequences/share/ament_index/resource_index
[1.173s] creating /home/juchan-yoon/FR5_robot_control/ros2_ws/install/fr5_process_sequences/share/ament_index/resource_index/packages
[1.173s] symbolically linking /home/juchan-yoon/FR5_robot_control/ros2_ws/build/fr5_process_sequences/resource/fr5_process_sequences -> /home/juchan-yoon/FR5_robot_control/ros2_ws/install/fr5_process_sequences/share/ament_index/resource_index/packages
[1.173s] symbolically linking /home/juchan-yoon/FR5_robot_control/ros2_ws/build/fr5_process_sequences/package.xml -> /home/juchan-yoon/FR5_robot_control/ros2_ws/install/fr5_process_sequences/share/fr5_process_sequences
[1.193s] Invoked command in '/home/juchan-yoon/FR5_robot_control/ros2_ws/build/fr5_process_sequences' returned '0': DEBUGINFOD_URLS=https://debuginfod.ubuntu.com PYTHONPATH=/home/juchan-yoon/FR5_robot_control/ros2_ws/build/fr5_process_sequences/prefix_override:/usr/lib/python3/dist-packages/colcon_core/task/python/colcon_distutils_commands:/home/juchan-yoon/FR5_robot_control/ros2_ws/install/fr5_process_sequences/lib/python3.12/site-packages:${PYTHONPATH} /usr/bin/python3 -W ignore:setup.py install is deprecated -W ignore:easy_install command is deprecated setup.py develop --editable --build-directory /home/juchan-yoon/FR5_robot_control/ros2_ws/build/fr5_process_sequences/build --no-deps symlink_data
