-- The C compiler identification is GNU 13.3.0
-- The CXX compiler identification is GNU 13.3.0
-- Detecting C compiler ABI info
-- Detecting C compiler ABI info - done
-- Check for working C compiler: /usr/bin/cc - skipped
-- Detecting C compile features
-- Detecting C compile features - done
-- Detecting CXX compiler ABI info
-- Detecting CXX compiler ABI info - done
-- Check for working CXX compiler: /usr/bin/c++ - skipped
-- Detecting CXX compile features
-- Detecting CXX compile features - done
-- Found ament_cmake: 2.5.6 (/opt/ros/jazzy/share/ament_cmake/cmake)
-- Found Python3: /usr/bin/python3 (found version "3.12.3") found components: Interpreter 
-- Override CMake install command with custom implementation using symlinks instead of copying resources
-- Found rclcpp: 28.1.21 (/opt/ros/jazzy/share/rclcpp/cmake)
-- Found rosidl_generator_c: 4.6.7 (/opt/ros/jazzy/share/rosidl_generator_c/cmake)
-- Found rosidl_generator_cpp: 4.6.7 (/opt/ros/jazzy/share/rosidl_generator_cpp/cmake)
-- Using all available rosidl_typesupport_c: rosidl_typesupport_fastrtps_c;rosidl_typesupport_introspection_c
-- Using all available rosidl_typesupport_cpp: rosidl_typesupport_fastrtps_cpp;rosidl_typesupport_introspection_cpp
-- Found rmw_implementation_cmake: 7.3.3 (/opt/ros/jazzy/share/rmw_implementation_cmake/cmake)
-- Found rmw_fastrtps_cpp: 8.4.3 (/opt/ros/jazzy/share/rmw_fastrtps_cpp/cmake)
-- Found OpenSSL: /usr/lib/x86_64-linux-gnu/libcrypto.so (found version "3.0.13")  
-- Found FastRTPS: /opt/ros/jazzy/include (Required is at least version "2.13") 
-- Using RMW implementation 'rmw_fastrtps_cpp' as default
-- Found std_msgs: 5.3.7 (/opt/ros/jazzy/share/std_msgs/cmake)
-- Found hardware_interface: 4.44.0 (/opt/ros/jazzy/share/hardware_interface/cmake)
-- Found fairino_msgs: 0.0.0 (/home/juchan-yoon/FR5_robot_control/robot_ws/install/fairino_msgs/share/fairino_msgs/cmake)
-- Found ament_lint_auto: 0.17.5 (/opt/ros/jazzy/share/ament_lint_auto/cmake)
-- Found ament_cmake_gmock: 2.5.6 (/opt/ros/jazzy/share/ament_cmake_gmock/cmake)
-- Added test 'cppcheck' to perform static code analysis on C / C++ code
-- Configured cppcheck include dirs: /home/juchan-yoon/FR5_robot_control/robot_ws/src/vendor/frcobot_ros2/fairino_hardware_v3_9_7/include/;/home/juchan-yoon/FR5_robot_control/robot_ws/src/vendor/frcobot_ros2/fairino_hardware_v3_9_7/;/home/juchan-yoon/FR5_robot_control/robot_ws/src/vendor/frcobot_ros2/fairino_hardware_v3_9_7/examples/include;$<BUILD_INTERFACE:/home/juchan-yoon/FR5_robot_control/robot_ws/src/vendor/frcobot_ros2/fairino_hardware_v3_9_7/include>;$<BUILD_INTERFACE:/home/juchan-yoon/FR5_robot_control/robot_ws/src/vendor/frcobot_ros2/fairino_hardware_v3_9_7/>
-- Configured cppcheck exclude dirs and/or files: 
-- Added test 'lint_cmake' to check CMake code style
-- Added test 'uncrustify' to check C / C++ code style
-- Configured uncrustify additional arguments: 
-- Added test 'xmllint' to check XML markup files
-- Configuring done (2.7s)
-- Generating done (0.1s)
-- Build files have been written to: /home/juchan-yoon/FR5_robot_control/robot_ws/build/fairino_hardware_v3_9_7
[ 20%] Building CXX object CMakeFiles/ros2_cmd_server.dir/src/command_server.cpp.o
[ 20%] Building CXX object CMakeFiles/ros2_cmd_server.dir/src/CNDE_thread.cpp.o
[ 30%] Building CXX object CMakeFiles/ros2_cmd_server.dir/src/global_val_def.cpp.o
[ 40%] Building CXX object CMakeFiles/fairino_hardware.dir/src/fairino_hardware_interface.cpp.o
[ 50%] Building CXX object CMakeFiles/srv_test_client.dir/examples/src/main.cpp.o
[ 60%] Building CXX object CMakeFiles/ros2_cmd_server.dir/src/command_server_node.cpp.o
[ 70%] Building CXX object CMakeFiles/srv_test_client.dir/examples/src/srv_test_client.cpp.o
[ 80%] Linking CXX executable srv_test_client
[ 80%] Built target srv_test_client
[ 90%] Linking CXX shared library libfairino_hardware.so
[ 90%] Built target fairino_hardware
[100%] Linking CXX executable ros2_cmd_server
[100%] Built target ros2_cmd_server
-- Install configuration: "Release"
-- Execute custom install script
-- Symlinking: /home/juchan-yoon/FR5_robot_control/robot_ws/install/fairino_hardware_v3_9_7/share/fairino_hardware_v3_9_7//fairino_hardware.xml
-- Symlinking: /home/juchan-yoon/FR5_robot_control/robot_ws/install/fairino_hardware_v3_9_7/lib/fairino_hardware_v3_9_7/ros2_cmd_server
-- Symlinking: /home/juchan-yoon/FR5_robot_control/robot_ws/install/fairino_hardware_v3_9_7/lib/fairino_hardware_v3_9_7/srv_test_client
-- Symlinking: /home/juchan-yoon/FR5_robot_control/robot_ws/install/fairino_hardware_v3_9_7/share/fairino_hardware_v3_9_7/environment/library_path.sh
-- Symlinking: /home/juchan-yoon/FR5_robot_control/robot_ws/install/fairino_hardware_v3_9_7/share/fairino_hardware_v3_9_7/environment/library_path.dsv
-- Symlinking: /home/juchan-yoon/FR5_robot_control/robot_ws/install/fairino_hardware_v3_9_7/share/ament_index/resource_index/package_run_dependencies/fairino_hardware_v3_9_7
-- Symlinking: /home/juchan-yoon/FR5_robot_control/robot_ws/install/fairino_hardware_v3_9_7/share/ament_index/resource_index/parent_prefix_path/fairino_hardware_v3_9_7
-- Symlinking: /home/juchan-yoon/FR5_robot_control/robot_ws/install/fairino_hardware_v3_9_7/share/fairino_hardware_v3_9_7/environment/ament_prefix_path.sh
-- Symlinking: /home/juchan-yoon/FR5_robot_control/robot_ws/install/fairino_hardware_v3_9_7/share/fairino_hardware_v3_9_7/environment/ament_prefix_path.dsv
-- Symlinking: /home/juchan-yoon/FR5_robot_control/robot_ws/install/fairino_hardware_v3_9_7/share/fairino_hardware_v3_9_7/environment/path.sh
-- Symlinking: /home/juchan-yoon/FR5_robot_control/robot_ws/install/fairino_hardware_v3_9_7/share/fairino_hardware_v3_9_7/environment/path.dsv
-- Symlinking: /home/juchan-yoon/FR5_robot_control/robot_ws/install/fairino_hardware_v3_9_7/share/fairino_hardware_v3_9_7/local_setup.bash
-- Symlinking: /home/juchan-yoon/FR5_robot_control/robot_ws/install/fairino_hardware_v3_9_7/share/fairino_hardware_v3_9_7/local_setup.sh
-- Symlinking: /home/juchan-yoon/FR5_robot_control/robot_ws/install/fairino_hardware_v3_9_7/share/fairino_hardware_v3_9_7/local_setup.zsh
-- Symlinking: /home/juchan-yoon/FR5_robot_control/robot_ws/install/fairino_hardware_v3_9_7/share/fairino_hardware_v3_9_7/local_setup.dsv
-- Symlinking: /home/juchan-yoon/FR5_robot_control/robot_ws/install/fairino_hardware_v3_9_7/share/fairino_hardware_v3_9_7/package.dsv
-- Symlinking: /home/juchan-yoon/FR5_robot_control/robot_ws/install/fairino_hardware_v3_9_7/share/ament_index/resource_index/packages/fairino_hardware_v3_9_7
-- Symlinking: /home/juchan-yoon/FR5_robot_control/robot_ws/install/fairino_hardware_v3_9_7/share/ament_index/resource_index/hardware_interface__pluginlib__plugin/fairino_hardware_v3_9_7
-- Symlinking: /home/juchan-yoon/FR5_robot_control/robot_ws/install/fairino_hardware_v3_9_7/share/fairino_hardware_v3_9_7/cmake/ament_cmake_export_targets-extras.cmake
-- Symlinking: /home/juchan-yoon/FR5_robot_control/robot_ws/install/fairino_hardware_v3_9_7/share/fairino_hardware_v3_9_7/cmake/ament_cmake_export_dependencies-extras.cmake
-- Symlinking: /home/juchan-yoon/FR5_robot_control/robot_ws/install/fairino_hardware_v3_9_7/share/fairino_hardware_v3_9_7/cmake/fairino_hardware_v3_9_7Config.cmake
-- Symlinking: /home/juchan-yoon/FR5_robot_control/robot_ws/install/fairino_hardware_v3_9_7/share/fairino_hardware_v3_9_7/cmake/fairino_hardware_v3_9_7Config-version.cmake
-- Symlinking: /home/juchan-yoon/FR5_robot_control/robot_ws/install/fairino_hardware_v3_9_7/share/fairino_hardware_v3_9_7/package.xml
-- Installing: /home/juchan-yoon/FR5_robot_control/robot_ws/install/fairino_hardware_v3_9_7/lib/fairino_hardware_v3_9_7/libfairino_hardware.so
-- Set non-toolchain portion of runtime path of "/home/juchan-yoon/FR5_robot_control/robot_ws/install/fairino_hardware_v3_9_7/lib/fairino_hardware_v3_9_7/libfairino_hardware.so" to ""
-- Installing: /home/juchan-yoon/FR5_robot_control/robot_ws/install/fairino_hardware_v3_9_7/share/fairino_hardware_v3_9_7/cmake/fairino_hardwareExport.cmake
-- Installing: /home/juchan-yoon/FR5_robot_control/robot_ws/install/fairino_hardware_v3_9_7/share/fairino_hardware_v3_9_7/cmake/fairino_hardwareExport-release.cmake
