-- The C compiler identification is GNU 13.3.0
-- The CXX compiler identification is GNU 13.3.0
-- Detecting C compiler ABI info
-- Detecting C compiler ABI info - done
-- Check for working C compiler: /usr/bin/cc - skipped
-- Detecting C compile features
-- Detecting C compile features - done
-- Detecting CXX compiler ABI info
-- Detecting CXX compiler ABI info - done
-- Check for working CXX compiler: /usr/bin/c++ - skipped
-- Detecting CXX compile features
-- Detecting CXX compile features - done
-- Found ament_cmake: 2.5.6 (/opt/ros/jazzy/share/ament_cmake/cmake)
-- Found Python3: /usr/bin/python3 (found version "3.12.3") found components: Interpreter 
-- Override CMake install command with custom implementation using symlinks instead of copying resources
-- Found rosidl_default_generators: 1.6.0 (/opt/ros/jazzy/share/rosidl_default_generators/cmake)
-- Using all available rosidl_typesupport_c: rosidl_typesupport_fastrtps_c;rosidl_typesupport_introspection_c
-- Using all available rosidl_typesupport_cpp: rosidl_typesupport_fastrtps_cpp;rosidl_typesupport_introspection_cpp
-- Found rosidl_adapter: 4.6.7 (/opt/ros/jazzy/share/rosidl_adapter/cmake)
-- Found std_msgs: 5.3.7 (/opt/ros/jazzy/share/std_msgs/cmake)
-- Found ament_cmake_ros: 0.12.0 (/opt/ros/jazzy/share/ament_cmake_ros/cmake)
-- Using all available rosidl_typesupport_c: rosidl_typesupport_fastrtps_c;rosidl_typesupport_introspection_c
-- Using all available rosidl_typesupport_cpp: rosidl_typesupport_fastrtps_cpp;rosidl_typesupport_introspection_cpp
-- Found python_cmake_module: 0.11.1 (/opt/ros/jazzy/share/python_cmake_module/cmake)
-- Found PythonExtra: /usr/bin/python3  
-- Found Python3: /usr/bin/python3 (found version "3.12.3") found components: Interpreter Development NumPy Development.Module Development.Embed 
-- Found Python3: /usr/bin/python3 (found version "3.12.3") found components: Interpreter 
-- Configuring done (2.5s)
-- Generating done (0.0s)
-- Build files have been written to: /home/juchan-yoon/FR5_robot_control/ros2_ws/build/vision_interfaces
[  1%] Generating Rust code for ROS interfaces
[  3%] Generating type hashes for ROS interfaces
[  3%] Built target ament_cmake_python_symlink_vision_interfaces
running egg_info
creating vision_interfaces.egg-info
[  3%] Built target vision_interfaces__rosidl_generator_type_description
writing vision_interfaces.egg-info/PKG-INFO
writing dependency_links to vision_interfaces.egg-info/dependency_links.txt
writing top-level names to vision_interfaces.egg-info/top_level.txt
writing manifest file 'vision_interfaces.egg-info/SOURCES.txt'
[  4%] Generating C code for ROS interfaces
[  6%] Generating C++ code for ROS interfaces
[  6%] Built target vision_interfaces__rs
reading manifest file 'vision_interfaces.egg-info/SOURCES.txt'
writing manifest file 'vision_interfaces.egg-info/SOURCES.txt'
[  6%] Built target ament_cmake_python_build_vision_interfaces_egg
[  6%] Built target vision_interfaces__cpp
[  9%] Building C object CMakeFiles/vision_interfaces__rosidl_generator_c.dir/rosidl_generator_c/vision_interfaces/msg/detail/part__functions.c.o
[  9%] Building C object CMakeFiles/vision_interfaces__rosidl_generator_c.dir/rosidl_generator_c/vision_interfaces/msg/detail/part__description.c.o
[ 10%] Building C object CMakeFiles/vision_interfaces__rosidl_generator_c.dir/rosidl_generator_c/vision_interfaces/msg/detail/detections__type_support.c.o
[ 12%] Building C object CMakeFiles/vision_interfaces__rosidl_generator_c.dir/rosidl_generator_c/vision_interfaces/msg/detail/detections__description.c.o
[ 13%] Building C object CMakeFiles/vision_interfaces__rosidl_generator_c.dir/rosidl_generator_c/vision_interfaces/msg/detail/detections__functions.c.o
[ 15%] Building C object CMakeFiles/vision_interfaces__rosidl_generator_c.dir/rosidl_generator_c/vision_interfaces/msg/detail/vision_status__type_support.c.o
[ 18%] Building C object CMakeFiles/vision_interfaces__rosidl_generator_c.dir/rosidl_generator_c/vision_interfaces/msg/detail/inspection__type_support.c.o
[ 18%] Building C object CMakeFiles/vision_interfaces__rosidl_generator_c.dir/rosidl_generator_c/vision_interfaces/msg/detail/part__type_support.c.o
[ 20%] Building C object CMakeFiles/vision_interfaces__rosidl_generator_c.dir/rosidl_generator_c/vision_interfaces/msg/detail/vision_status__functions.c.o
[ 23%] Building C object CMakeFiles/vision_interfaces__rosidl_generator_c.dir/rosidl_generator_c/vision_interfaces/msg/detail/inspection__description.c.o
[ 23%] Building C object CMakeFiles/vision_interfaces__rosidl_generator_c.dir/rosidl_generator_c/vision_interfaces/msg/detail/inspection__functions.c.o
[ 24%] Building C object CMakeFiles/vision_interfaces__rosidl_generator_c.dir/rosidl_generator_c/vision_interfaces/msg/detail/vision_status__description.c.o
[ 26%] Linking C shared library libvision_interfaces__rosidl_generator_c.so
[ 26%] Built target vision_interfaces__rosidl_generator_c
[ 29%] Generating C introspection for ROS interfaces
[ 29%] Generating C type support for eProsima Fast-RTPS
[ 30%] Generating C++ type support dispatch for ROS interfaces
[ 32%] Generating C++ type support for eProsima Fast-RTPS
[ 33%] Generating C type support dispatch for ROS interfaces
[ 35%] Generating C++ introspection for ROS interfaces
[ 36%] Building CXX object CMakeFiles/vision_interfaces__rosidl_typesupport_c.dir/rosidl_typesupport_c/vision_interfaces/msg/detections__type_support.cpp.o
[ 41%] Building CXX object CMakeFiles/vision_interfaces__rosidl_typesupport_c.dir/rosidl_typesupport_c/vision_interfaces/msg/part__type_support.cpp.o
[ 41%] Building CXX object CMakeFiles/vision_interfaces__rosidl_typesupport_c.dir/rosidl_typesupport_c/vision_interfaces/msg/inspection__type_support.cpp.o
[ 40%] Building CXX object CMakeFiles/vision_interfaces__rosidl_typesupport_c.dir/rosidl_typesupport_c/vision_interfaces/msg/vision_status__type_support.cpp.o
[ 43%] Building CXX object CMakeFiles/vision_interfaces__rosidl_typesupport_cpp.dir/rosidl_typesupport_cpp/vision_interfaces/msg/detections__type_support.cpp.o
[ 44%] Building CXX object CMakeFiles/vision_interfaces__rosidl_typesupport_cpp.dir/rosidl_typesupport_cpp/vision_interfaces/msg/part__type_support.cpp.o
[ 46%] Building CXX object CMakeFiles/vision_interfaces__rosidl_typesupport_cpp.dir/rosidl_typesupport_cpp/vision_interfaces/msg/inspection__type_support.cpp.o
[ 47%] Building CXX object CMakeFiles/vision_interfaces__rosidl_typesupport_cpp.dir/rosidl_typesupport_cpp/vision_interfaces/msg/vision_status__type_support.cpp.o
[ 49%] Building C object CMakeFiles/vision_interfaces__rosidl_typesupport_introspection_c.dir/rosidl_typesupport_introspection_c/vision_interfaces/msg/detail/detections__type_support.c.o
[ 50%] Building C object CMakeFiles/vision_interfaces__rosidl_typesupport_introspection_c.dir/rosidl_typesupport_introspection_c/vision_interfaces/msg/detail/part__type_support.c.o
[ 52%] Building C object CMakeFiles/vision_interfaces__rosidl_typesupport_introspection_c.dir/rosidl_typesupport_introspection_c/vision_interfaces/msg/detail/inspection__type_support.c.o
[ 53%] Building C object CMakeFiles/vision_interfaces__rosidl_typesupport_introspection_c.dir/rosidl_typesupport_introspection_c/vision_interfaces/msg/detail/vision_status__type_support.c.o
[ 55%] Building CXX object CMakeFiles/vision_interfaces__rosidl_typesupport_introspection_cpp.dir/rosidl_typesupport_introspection_cpp/vision_interfaces/msg/detail/vision_status__type_support.cpp.o
[ 56%] Building CXX object CMakeFiles/vision_interfaces__rosidl_typesupport_introspection_cpp.dir/rosidl_typesupport_introspection_cpp/vision_interfaces/msg/detail/detections__type_support.cpp.o
[ 60%] Building CXX object CMakeFiles/vision_interfaces__rosidl_typesupport_introspection_cpp.dir/rosidl_typesupport_introspection_cpp/vision_interfaces/msg/detail/part__type_support.cpp.o
[ 60%] Building CXX object CMakeFiles/vision_interfaces__rosidl_typesupport_introspection_cpp.dir/rosidl_typesupport_introspection_cpp/vision_interfaces/msg/detail/inspection__type_support.cpp.o
[ 61%] Linking CXX shared library libvision_interfaces__rosidl_typesupport_c.so
[ 63%] Linking C shared library libvision_interfaces__rosidl_typesupport_introspection_c.so
[ 63%] Built target vision_interfaces__rosidl_typesupport_c
[ 66%] Building CXX object CMakeFiles/vision_interfaces__rosidl_typesupport_fastrtps_cpp.dir/rosidl_typesupport_fastrtps_cpp/vision_interfaces/msg/detail/dds_fastrtps/detections__type_support.cpp.o
[ 66%] Building CXX object CMakeFiles/vision_interfaces__rosidl_typesupport_fastrtps_cpp.dir/rosidl_typesupport_fastrtps_cpp/vision_interfaces/msg/detail/dds_fastrtps/part__type_support.cpp.o
[ 69%] Building CXX object CMakeFiles/vision_interfaces__rosidl_typesupport_fastrtps_cpp.dir/rosidl_typesupport_fastrtps_cpp/vision_interfaces/msg/detail/dds_fastrtps/inspection__type_support.cpp.o
[ 69%] Building CXX object CMakeFiles/vision_interfaces__rosidl_typesupport_fastrtps_cpp.dir/rosidl_typesupport_fastrtps_cpp/vision_interfaces/msg/detail/dds_fastrtps/vision_status__type_support.cpp.o
[ 70%] Building CXX object CMakeFiles/vision_interfaces__rosidl_typesupport_fastrtps_c.dir/rosidl_typesupport_fastrtps_c/vision_interfaces/msg/detail/part__type_support_c.cpp.o
[ 72%] Building CXX object CMakeFiles/vision_interfaces__rosidl_typesupport_fastrtps_c.dir/rosidl_typesupport_fastrtps_c/vision_interfaces/msg/detail/detections__type_support_c.cpp.o
[ 73%] Building CXX object CMakeFiles/vision_interfaces__rosidl_typesupport_fastrtps_c.dir/rosidl_typesupport_fastrtps_c/vision_interfaces/msg/detail/inspection__type_support_c.cpp.o
[ 73%] Built target vision_interfaces__rosidl_typesupport_introspection_c
[ 75%] Building CXX object CMakeFiles/vision_interfaces__rosidl_typesupport_fastrtps_c.dir/rosidl_typesupport_fastrtps_c/vision_interfaces/msg/detail/vision_status__type_support_c.cpp.o
[ 76%] Linking CXX shared library libvision_interfaces__rosidl_typesupport_cpp.so
[ 76%] Built target vision_interfaces__rosidl_typesupport_cpp
[ 78%] Linking CXX shared library libvision_interfaces__rosidl_typesupport_introspection_cpp.so
[ 78%] Built target vision_interfaces__rosidl_typesupport_introspection_cpp
[ 80%] Linking CXX shared library libvision_interfaces__rosidl_typesupport_fastrtps_c.so
[ 80%] Built target vision_interfaces__rosidl_typesupport_fastrtps_c
[ 81%] Linking CXX shared library libvision_interfaces__rosidl_typesupport_fastrtps_cpp.so
[ 81%] Built target vision_interfaces__rosidl_typesupport_fastrtps_cpp
[ 81%] Built target vision_interfaces
[ 83%] Generating Python code for ROS interfaces
[ 83%] Built target vision_interfaces__py
[ 86%] Building C object CMakeFiles/vision_interfaces__rosidl_generator_py.dir/rosidl_generator_py/vision_interfaces/msg/_vision_status_s.c.o
[ 86%] Building C object CMakeFiles/vision_interfaces__rosidl_generator_py.dir/rosidl_generator_py/vision_interfaces/msg/_inspection_s.c.o
[ 87%] Building C object CMakeFiles/vision_interfaces__rosidl_generator_py.dir/rosidl_generator_py/vision_interfaces/msg/_detections_s.c.o
[ 89%] Building C object CMakeFiles/vision_interfaces__rosidl_generator_py.dir/rosidl_generator_py/vision_interfaces/msg/_part_s.c.o
[ 90%] Linking C shared library libvision_interfaces__rosidl_generator_py.so
[ 90%] Built target vision_interfaces__rosidl_generator_py
[ 92%] Building C object CMakeFiles/vision_interfaces_s__rosidl_typesupport_c.dir/rosidl_generator_py/vision_interfaces/_vision_interfaces_s.ep.rosidl_typesupport_c.c.o
[ 93%] Building C object CMakeFiles/vision_interfaces_s__rosidl_typesupport_fastrtps_c.dir/rosidl_generator_py/vision_interfaces/_vision_interfaces_s.ep.rosidl_typesupport_fastrtps_c.c.o
[ 95%] Building C object CMakeFiles/vision_interfaces_s__rosidl_typesupport_introspection_c.dir/rosidl_generator_py/vision_interfaces/_vision_interfaces_s.ep.rosidl_typesupport_introspection_c.c.o
[ 96%] Linking C shared module rosidl_generator_py/vision_interfaces/vision_interfaces_s__rosidl_typesupport_c.so
[ 98%] Linking C shared module rosidl_generator_py/vision_interfaces/vision_interfaces_s__rosidl_typesupport_introspection_c.so
[100%] Linking C shared module rosidl_generator_py/vision_interfaces/vision_interfaces_s__rosidl_typesupport_fastrtps_c.so
[100%] Built target vision_interfaces_s__rosidl_typesupport_fastrtps_c
[100%] Built target vision_interfaces_s__rosidl_typesupport_introspection_c
[100%] Built target vision_interfaces_s__rosidl_typesupport_c
-- Install configuration: ""
-- Execute custom install script
-- Symlinking: /home/juchan-yoon/FR5_robot_control/ros2_ws/install/vision_interfaces/share/ament_index/resource_index/rosidl_interfaces/vision_interfaces
-- Symlinking: /home/juchan-yoon/FR5_robot_control/ros2_ws/install/vision_interfaces/share/vision_interfaces/msg/Part.json
-- Symlinking: /home/juchan-yoon/FR5_robot_control/ros2_ws/install/vision_interfaces/share/vision_interfaces/msg/Detections.json
-- Symlinking: /home/juchan-yoon/FR5_robot_control/ros2_ws/install/vision_interfaces/share/vision_interfaces/msg/Inspection.json
-- Symlinking: /home/juchan-yoon/FR5_robot_control/ros2_ws/install/vision_interfaces/share/vision_interfaces/msg/VisionStatus.json
-- Symlinking: /home/juchan-yoon/FR5_robot_control/ros2_ws/install/vision_interfaces/include/vision_interfaces/vision_interfaces/msg/detail/detections__functions.h
-- Symlinking: /home/juchan-yoon/FR5_robot_control/ros2_ws/install/vision_interfaces/include/vision_interfaces/vision_interfaces/msg/detail/detections__struct.h
-- Symlinking: /home/juchan-yoon/FR5_robot_control/ros2_ws/install/vision_interfaces/include/vision_interfaces/vision_interfaces/msg/detail/detections__type_support.h
-- Symlinking: /home/juchan-yoon/FR5_robot_control/ros2_ws/install/vision_interfaces/include/vision_interfaces/vision_interfaces/msg/detail/inspection__functions.h
-- Symlinking: /home/juchan-yoon/FR5_robot_control/ros2_ws/install/vision_interfaces/include/vision_interfaces/vision_interfaces/msg/detail/inspection__struct.h
-- Symlinking: /home/juchan-yoon/FR5_robot_control/ros2_ws/install/vision_interfaces/include/vision_interfaces/vision_interfaces/msg/detail/inspection__type_support.h
-- Symlinking: /home/juchan-yoon/FR5_robot_control/ros2_ws/install/vision_interfaces/include/vision_interfaces/vision_interfaces/msg/detail/part__functions.h
-- Symlinking: /home/juchan-yoon/FR5_robot_control/ros2_ws/install/vision_interfaces/include/vision_interfaces/vision_interfaces/msg/detail/part__struct.h
-- Symlinking: /home/juchan-yoon/FR5_robot_control/ros2_ws/install/vision_interfaces/include/vision_interfaces/vision_interfaces/msg/detail/part__type_support.h
-- Symlinking: /home/juchan-yoon/FR5_robot_control/ros2_ws/install/vision_interfaces/include/vision_interfaces/vision_interfaces/msg/detail/vision_status__functions.h
-- Symlinking: /home/juchan-yoon/FR5_robot_control/ros2_ws/install/vision_interfaces/include/vision_interfaces/vision_interfaces/msg/detail/vision_status__struct.h
-- Symlinking: /home/juchan-yoon/FR5_robot_control/ros2_ws/install/vision_interfaces/include/vision_interfaces/vision_interfaces/msg/detail/vision_status__type_support.h
-- Symlinking: /home/juchan-yoon/FR5_robot_control/ros2_ws/install/vision_interfaces/include/vision_interfaces/vision_interfaces/msg/detections.h
-- Symlinking: /home/juchan-yoon/FR5_robot_control/ros2_ws/install/vision_interfaces/include/vision_interfaces/vision_interfaces/msg/inspection.h
-- Symlinking: /home/juchan-yoon/FR5_robot_control/ros2_ws/install/vision_interfaces/include/vision_interfaces/vision_interfaces/msg/part.h
-- Symlinking: /home/juchan-yoon/FR5_robot_control/ros2_ws/install/vision_interfaces/include/vision_interfaces/vision_interfaces/msg/rosidl_generator_c__visibility_control.h
-- Symlinking: /home/juchan-yoon/FR5_robot_control/ros2_ws/install/vision_interfaces/include/vision_interfaces/vision_interfaces/msg/vision_status.h
-- Symlinking: /home/juchan-yoon/FR5_robot_control/ros2_ws/install/vision_interfaces/share/vision_interfaces/environment/library_path.sh
-- Symlinking: /home/juchan-yoon/FR5_robot_control/ros2_ws/install/vision_interfaces/share/vision_interfaces/environment/library_path.dsv
-- Symlinking: /home/juchan-yoon/FR5_robot_control/ros2_ws/install/vision_interfaces/include/vision_interfaces/vision_interfaces/msg/detail/detections__rosidl_typesupport_fastrtps_c.h
-- Symlinking: /home/juchan-yoon/FR5_robot_control/ros2_ws/install/vision_interfaces/include/vision_interfaces/vision_interfaces/msg/detail/inspection__rosidl_typesupport_fastrtps_c.h
-- Symlinking: /home/juchan-yoon/FR5_robot_control/ros2_ws/install/vision_interfaces/include/vision_interfaces/vision_interfaces/msg/detail/part__rosidl_typesupport_fastrtps_c.h
-- Symlinking: /home/juchan-yoon/FR5_robot_control/ros2_ws/install/vision_interfaces/include/vision_interfaces/vision_interfaces/msg/detail/vision_status__rosidl_typesupport_fastrtps_c.h
-- Symlinking: /home/juchan-yoon/FR5_robot_control/ros2_ws/install/vision_interfaces/include/vision_interfaces/vision_interfaces/msg/rosidl_typesupport_fastrtps_c__visibility_control.h
-- Symlinking: /home/juchan-yoon/FR5_robot_control/ros2_ws/install/vision_interfaces/include/vision_interfaces/vision_interfaces/msg/detail/detections__rosidl_typesupport_introspection_c.h
-- Symlinking: /home/juchan-yoon/FR5_robot_control/ros2_ws/install/vision_interfaces/include/vision_interfaces/vision_interfaces/msg/detail/inspection__rosidl_typesupport_introspection_c.h
-- Symlinking: /home/juchan-yoon/FR5_robot_control/ros2_ws/install/vision_interfaces/include/vision_interfaces/vision_interfaces/msg/detail/part__rosidl_typesupport_introspection_c.h
-- Symlinking: /home/juchan-yoon/FR5_robot_control/ros2_ws/install/vision_interfaces/include/vision_interfaces/vision_interfaces/msg/detail/vision_status__rosidl_typesupport_introspection_c.h
-- Symlinking: /home/juchan-yoon/FR5_robot_control/ros2_ws/install/vision_interfaces/include/vision_interfaces/vision_interfaces/msg/rosidl_typesupport_introspection_c__visibility_control.h
-- Symlinking: /home/juchan-yoon/FR5_robot_control/ros2_ws/install/vision_interfaces/include/vision_interfaces/vision_interfaces/msg/detail/detections__builder.hpp
-- Symlinking: /home/juchan-yoon/FR5_robot_control/ros2_ws/install/vision_interfaces/include/vision_interfaces/vision_interfaces/msg/detail/detections__struct.hpp
-- Symlinking: /home/juchan-yoon/FR5_robot_control/ros2_ws/install/vision_interfaces/include/vision_interfaces/vision_interfaces/msg/detail/detections__traits.hpp
-- Symlinking: /home/juchan-yoon/FR5_robot_control/ros2_ws/install/vision_interfaces/include/vision_interfaces/vision_interfaces/msg/detail/detections__type_support.hpp
-- Symlinking: /home/juchan-yoon/FR5_robot_control/ros2_ws/install/vision_interfaces/include/vision_interfaces/vision_interfaces/msg/detail/inspection__builder.hpp
-- Symlinking: /home/juchan-yoon/FR5_robot_control/ros2_ws/install/vision_interfaces/include/vision_interfaces/vision_interfaces/msg/detail/inspection__struct.hpp
-- Symlinking: /home/juchan-yoon/FR5_robot_control/ros2_ws/install/vision_interfaces/include/vision_interfaces/vision_interfaces/msg/detail/inspection__traits.hpp
-- Symlinking: /home/juchan-yoon/FR5_robot_control/ros2_ws/install/vision_interfaces/include/vision_interfaces/vision_interfaces/msg/detail/inspection__type_support.hpp
-- Symlinking: /home/juchan-yoon/FR5_robot_control/ros2_ws/install/vision_interfaces/include/vision_interfaces/vision_interfaces/msg/detail/part__builder.hpp
-- Symlinking: /home/juchan-yoon/FR5_robot_control/ros2_ws/install/vision_interfaces/include/vision_interfaces/vision_interfaces/msg/detail/part__struct.hpp
-- Symlinking: /home/juchan-yoon/FR5_robot_control/ros2_ws/install/vision_interfaces/include/vision_interfaces/vision_interfaces/msg/detail/part__traits.hpp
-- Symlinking: /home/juchan-yoon/FR5_robot_control/ros2_ws/install/vision_interfaces/include/vision_interfaces/vision_interfaces/msg/detail/part__type_support.hpp
-- Symlinking: /home/juchan-yoon/FR5_robot_control/ros2_ws/install/vision_interfaces/include/vision_interfaces/vision_interfaces/msg/detail/vision_status__builder.hpp
-- Symlinking: /home/juchan-yoon/FR5_robot_control/ros2_ws/install/vision_interfaces/include/vision_interfaces/vision_interfaces/msg/detail/vision_status__struct.hpp
-- Symlinking: /home/juchan-yoon/FR5_robot_control/ros2_ws/install/vision_interfaces/include/vision_interfaces/vision_interfaces/msg/detail/vision_status__traits.hpp
-- Symlinking: /home/juchan-yoon/FR5_robot_control/ros2_ws/install/vision_interfaces/include/vision_interfaces/vision_interfaces/msg/detail/vision_status__type_support.hpp
-- Symlinking: /home/juchan-yoon/FR5_robot_control/ros2_ws/install/vision_interfaces/include/vision_interfaces/vision_interfaces/msg/detections.hpp
-- Symlinking: /home/juchan-yoon/FR5_robot_control/ros2_ws/install/vision_interfaces/include/vision_interfaces/vision_interfaces/msg/inspection.hpp
-- Symlinking: /home/juchan-yoon/FR5_robot_control/ros2_ws/install/vision_interfaces/include/vision_interfaces/vision_interfaces/msg/part.hpp
-- Symlinking: /home/juchan-yoon/FR5_robot_control/ros2_ws/install/vision_interfaces/include/vision_interfaces/vision_interfaces/msg/rosidl_generator_cpp__visibility_control.hpp
-- Symlinking: /home/juchan-yoon/FR5_robot_control/ros2_ws/install/vision_interfaces/include/vision_interfaces/vision_interfaces/msg/vision_status.hpp
-- Symlinking: /home/juchan-yoon/FR5_robot_control/ros2_ws/install/vision_interfaces/include/vision_interfaces/vision_interfaces/msg/detail/detections__rosidl_typesupport_fastrtps_cpp.hpp
-- Symlinking: /home/juchan-yoon/FR5_robot_control/ros2_ws/install/vision_interfaces/include/vision_interfaces/vision_interfaces/msg/detail/inspection__rosidl_typesupport_fastrtps_cpp.hpp
-- Symlinking: /home/juchan-yoon/FR5_robot_control/ros2_ws/install/vision_interfaces/include/vision_interfaces/vision_interfaces/msg/detail/part__rosidl_typesupport_fastrtps_cpp.hpp
-- Symlinking: /home/juchan-yoon/FR5_robot_control/ros2_ws/install/vision_interfaces/include/vision_interfaces/vision_interfaces/msg/detail/vision_status__rosidl_typesupport_fastrtps_cpp.hpp
-- Symlinking: /home/juchan-yoon/FR5_robot_control/ros2_ws/install/vision_interfaces/include/vision_interfaces/vision_interfaces/msg/rosidl_typesupport_fastrtps_cpp__visibility_control.h
-- Symlinking: /home/juchan-yoon/FR5_robot_control/ros2_ws/install/vision_interfaces/include/vision_interfaces/vision_interfaces/msg/detail/detections__rosidl_typesupport_introspection_cpp.hpp
-- Symlinking: /home/juchan-yoon/FR5_robot_control/ros2_ws/install/vision_interfaces/include/vision_interfaces/vision_interfaces/msg/detail/inspection__rosidl_typesupport_introspection_cpp.hpp
-- Symlinking: /home/juchan-yoon/FR5_robot_control/ros2_ws/install/vision_interfaces/include/vision_interfaces/vision_interfaces/msg/detail/part__rosidl_typesupport_introspection_cpp.hpp
-- Symlinking: /home/juchan-yoon/FR5_robot_control/ros2_ws/install/vision_interfaces/include/vision_interfaces/vision_interfaces/msg/detail/vision_status__rosidl_typesupport_introspection_cpp.hpp
-- Symlinking: /home/juchan-yoon/FR5_robot_control/ros2_ws/install/vision_interfaces/share/vision_interfaces/environment/pythonpath.sh
-- Symlinking: /home/juchan-yoon/FR5_robot_control/ros2_ws/install/vision_interfaces/share/vision_interfaces/environment/pythonpath.dsv
-- Symlinking: /home/juchan-yoon/FR5_robot_control/ros2_ws/install/vision_interfaces/lib/python3.12/site-packages/vision_interfaces-0.1.0-py3.12.egg-info/PKG-INFO
-- Symlinking: /home/juchan-yoon/FR5_robot_control/ros2_ws/install/vision_interfaces/lib/python3.12/site-packages/vision_interfaces-0.1.0-py3.12.egg-info/SOURCES.txt
-- Symlinking: /home/juchan-yoon/FR5_robot_control/ros2_ws/install/vision_interfaces/lib/python3.12/site-packages/vision_interfaces-0.1.0-py3.12.egg-info/dependency_links.txt
-- Symlinking: /home/juchan-yoon/FR5_robot_control/ros2_ws/install/vision_interfaces/lib/python3.12/site-packages/vision_interfaces-0.1.0-py3.12.egg-info/top_level.txt
-- Symlinking: /home/juchan-yoon/FR5_robot_control/ros2_ws/install/vision_interfaces/lib/python3.12/site-packages/vision_interfaces/__init__.py
-- Symlinking: /home/juchan-yoon/FR5_robot_control/ros2_ws/install/vision_interfaces/lib/python3.12/site-packages/vision_interfaces/_vision_interfaces_s.ep.rosidl_typesupport_c.c
-- Symlinking: /home/juchan-yoon/FR5_robot_control/ros2_ws/install/vision_interfaces/lib/python3.12/site-packages/vision_interfaces/_vision_interfaces_s.ep.rosidl_typesupport_fastrtps_c.c
-- Symlinking: /home/juchan-yoon/FR5_robot_control/ros2_ws/install/vision_interfaces/lib/python3.12/site-packages/vision_interfaces/_vision_interfaces_s.ep.rosidl_typesupport_introspection_c.c
-- Symlinking: /home/juchan-yoon/FR5_robot_control/ros2_ws/install/vision_interfaces/lib/python3.12/site-packages/vision_interfaces/msg/__init__.py
-- Symlinking: /home/juchan-yoon/FR5_robot_control/ros2_ws/install/vision_interfaces/lib/python3.12/site-packages/vision_interfaces/msg/_detections.py
-- Symlinking: /home/juchan-yoon/FR5_robot_control/ros2_ws/install/vision_interfaces/lib/python3.12/site-packages/vision_interfaces/msg/_detections_s.c
-- Symlinking: /home/juchan-yoon/FR5_robot_control/ros2_ws/install/vision_interfaces/lib/python3.12/site-packages/vision_interfaces/msg/_inspection.py
-- Symlinking: /home/juchan-yoon/FR5_robot_control/ros2_ws/install/vision_interfaces/lib/python3.12/site-packages/vision_interfaces/msg/_inspection_s.c
-- Symlinking: /home/juchan-yoon/FR5_robot_control/ros2_ws/install/vision_interfaces/lib/python3.12/site-packages/vision_interfaces/msg/_part.py
-- Symlinking: /home/juchan-yoon/FR5_robot_control/ros2_ws/install/vision_interfaces/lib/python3.12/site-packages/vision_interfaces/msg/_part_s.c
-- Symlinking: /home/juchan-yoon/FR5_robot_control/ros2_ws/install/vision_interfaces/lib/python3.12/site-packages/vision_interfaces/msg/_vision_status.py
-- Symlinking: /home/juchan-yoon/FR5_robot_control/ros2_ws/install/vision_interfaces/lib/python3.12/site-packages/vision_interfaces/msg/_vision_status_s.c
-- Symlinking: /home/juchan-yoon/FR5_robot_control/ros2_ws/install/vision_interfaces/lib/python3.12/site-packages/vision_interfaces/vision_interfaces_s__rosidl_typesupport_c.so
-- Symlinking: /home/juchan-yoon/FR5_robot_control/ros2_ws/install/vision_interfaces/lib/python3.12/site-packages/vision_interfaces/vision_interfaces_s__rosidl_typesupport_fastrtps_c.so
-- Symlinking: /home/juchan-yoon/FR5_robot_control/ros2_ws/install/vision_interfaces/lib/python3.12/site-packages/vision_interfaces/vision_interfaces_s__rosidl_typesupport_introspection_c.so
-- Up-to-date symlink: /home/juchan-yoon/FR5_robot_control/ros2_ws/install/vision_interfaces/lib/python3.12/site-packages/vision_interfaces/vision_interfaces_s__rosidl_typesupport_fastrtps_c.so
-- Up-to-date symlink: /home/juchan-yoon/FR5_robot_control/ros2_ws/install/vision_interfaces/lib/python3.12/site-packages/vision_interfaces/vision_interfaces_s__rosidl_typesupport_introspection_c.so
-- Up-to-date symlink: /home/juchan-yoon/FR5_robot_control/ros2_ws/install/vision_interfaces/lib/python3.12/site-packages/vision_interfaces/vision_interfaces_s__rosidl_typesupport_c.so
-- Symlinking: /home/juchan-yoon/FR5_robot_control/ros2_ws/install/vision_interfaces/share/ament_index/resource_index/rust_packages/vision_interfaces
-- Symlinking: /home/juchan-yoon/FR5_robot_control/ros2_ws/install/vision_interfaces/share/vision_interfaces/rust/Cargo.toml
-- Symlinking: /home/juchan-yoon/FR5_robot_control/ros2_ws/install/vision_interfaces/share/vision_interfaces/rust/build.rs
-- Symlinking: /home/juchan-yoon/FR5_robot_control/ros2_ws/install/vision_interfaces/share/vision_interfaces/rust/src/lib.rs
-- Symlinking: /home/juchan-yoon/FR5_robot_control/ros2_ws/install/vision_interfaces/share/vision_interfaces/rust/src/msg.rs
-- Symlinking: /home/juchan-yoon/FR5_robot_control/ros2_ws/install/vision_interfaces/share/vision_interfaces/rust/src/msg/rmw.rs
-- Symlinking: /home/juchan-yoon/FR5_robot_control/ros2_ws/install/vision_interfaces/share/vision_interfaces/msg/Part.idl
-- Symlinking: /home/juchan-yoon/FR5_robot_control/ros2_ws/install/vision_interfaces/share/vision_interfaces/msg/Detections.idl
-- Symlinking: /home/juchan-yoon/FR5_robot_control/ros2_ws/install/vision_interfaces/share/vision_interfaces/msg/Inspection.idl
-- Symlinking: /home/juchan-yoon/FR5_robot_control/ros2_ws/install/vision_interfaces/share/vision_interfaces/msg/VisionStatus.idl
-- Symlinking: /home/juchan-yoon/FR5_robot_control/ros2_ws/install/vision_interfaces/share/vision_interfaces/msg/Part.msg
-- Symlinking: /home/juchan-yoon/FR5_robot_control/ros2_ws/install/vision_interfaces/share/vision_interfaces/msg/Detections.msg
-- Symlinking: /home/juchan-yoon/FR5_robot_control/ros2_ws/install/vision_interfaces/share/vision_interfaces/msg/Inspection.msg
-- Symlinking: /home/juchan-yoon/FR5_robot_control/ros2_ws/install/vision_interfaces/share/vision_interfaces/msg/VisionStatus.msg
-- Symlinking: /home/juchan-yoon/FR5_robot_control/ros2_ws/install/vision_interfaces/share/ament_index/resource_index/package_run_dependencies/vision_interfaces
-- Symlinking: /home/juchan-yoon/FR5_robot_control/ros2_ws/install/vision_interfaces/share/ament_index/resource_index/parent_prefix_path/vision_interfaces
-- Symlinking: /home/juchan-yoon/FR5_robot_control/ros2_ws/install/vision_interfaces/share/vision_interfaces/environment/ament_prefix_path.sh
-- Symlinking: /home/juchan-yoon/FR5_robot_control/ros2_ws/install/vision_interfaces/share/vision_interfaces/environment/ament_prefix_path.dsv
-- Symlinking: /home/juchan-yoon/FR5_robot_control/ros2_ws/install/vision_interfaces/share/vision_interfaces/environment/path.sh
-- Symlinking: /home/juchan-yoon/FR5_robot_control/ros2_ws/install/vision_interfaces/share/vision_interfaces/environment/path.dsv
-- Symlinking: /home/juchan-yoon/FR5_robot_control/ros2_ws/install/vision_interfaces/share/vision_interfaces/local_setup.bash
-- Symlinking: /home/juchan-yoon/FR5_robot_control/ros2_ws/install/vision_interfaces/share/vision_interfaces/local_setup.sh
-- Symlinking: /home/juchan-yoon/FR5_robot_control/ros2_ws/install/vision_interfaces/share/vision_interfaces/local_setup.zsh
-- Symlinking: /home/juchan-yoon/FR5_robot_control/ros2_ws/install/vision_interfaces/share/vision_interfaces/local_setup.dsv
-- Symlinking: /home/juchan-yoon/FR5_robot_control/ros2_ws/install/vision_interfaces/share/vision_interfaces/package.dsv
-- Symlinking: /home/juchan-yoon/FR5_robot_control/ros2_ws/install/vision_interfaces/share/ament_index/resource_index/packages/vision_interfaces
-- Symlinking: /home/juchan-yoon/FR5_robot_control/ros2_ws/install/vision_interfaces/share/vision_interfaces/cmake/rosidl_cmake-extras.cmake
-- Symlinking: /home/juchan-yoon/FR5_robot_control/ros2_ws/install/vision_interfaces/share/vision_interfaces/cmake/ament_cmake_export_dependencies-extras.cmake
-- Symlinking: /home/juchan-yoon/FR5_robot_control/ros2_ws/install/vision_interfaces/share/vision_interfaces/cmake/ament_cmake_export_include_directories-extras.cmake
-- Symlinking: /home/juchan-yoon/FR5_robot_control/ros2_ws/install/vision_interfaces/share/vision_interfaces/cmake/ament_cmake_export_libraries-extras.cmake
-- Symlinking: /home/juchan-yoon/FR5_robot_control/ros2_ws/install/vision_interfaces/share/vision_interfaces/cmake/ament_cmake_export_targets-extras.cmake
-- Symlinking: /home/juchan-yoon/FR5_robot_control/ros2_ws/install/vision_interfaces/share/vision_interfaces/cmake/rosidl_cmake_export_typesupport_targets-extras.cmake
-- Symlinking: /home/juchan-yoon/FR5_robot_control/ros2_ws/install/vision_interfaces/share/vision_interfaces/cmake/rosidl_cmake_export_typesupport_libraries-extras.cmake
-- Symlinking: /home/juchan-yoon/FR5_robot_control/ros2_ws/install/vision_interfaces/share/vision_interfaces/cmake/vision_interfacesConfig.cmake
-- Symlinking: /home/juchan-yoon/FR5_robot_control/ros2_ws/install/vision_interfaces/share/vision_interfaces/cmake/vision_interfacesConfig-version.cmake
-- Symlinking: /home/juchan-yoon/FR5_robot_control/ros2_ws/install/vision_interfaces/share/vision_interfaces/package.xml
-- Installing: /home/juchan-yoon/FR5_robot_control/ros2_ws/install/vision_interfaces/lib/libvision_interfaces__rosidl_generator_c.so
-- Set non-toolchain portion of runtime path of "/home/juchan-yoon/FR5_robot_control/ros2_ws/install/vision_interfaces/lib/libvision_interfaces__rosidl_generator_c.so" to ""
-- Installing: /home/juchan-yoon/FR5_robot_control/ros2_ws/install/vision_interfaces/lib/libvision_interfaces__rosidl_typesupport_fastrtps_c.so
-- Set non-toolchain portion of runtime path of "/home/juchan-yoon/FR5_robot_control/ros2_ws/install/vision_interfaces/lib/libvision_interfaces__rosidl_typesupport_fastrtps_c.so" to ""
-- Installing: /home/juchan-yoon/FR5_robot_control/ros2_ws/install/vision_interfaces/lib/libvision_interfaces__rosidl_typesupport_introspection_c.so
-- Set non-toolchain portion of runtime path of "/home/juchan-yoon/FR5_robot_control/ros2_ws/install/vision_interfaces/lib/libvision_interfaces__rosidl_typesupport_introspection_c.so" to ""
-- Installing: /home/juchan-yoon/FR5_robot_control/ros2_ws/install/vision_interfaces/lib/libvision_interfaces__rosidl_typesupport_c.so
-- Set non-toolchain portion of runtime path of "/home/juchan-yoon/FR5_robot_control/ros2_ws/install/vision_interfaces/lib/libvision_interfaces__rosidl_typesupport_c.so" to ""
-- Installing: /home/juchan-yoon/FR5_robot_control/ros2_ws/install/vision_interfaces/lib/libvision_interfaces__rosidl_typesupport_fastrtps_cpp.so
-- Set non-toolchain portion of runtime path of "/home/juchan-yoon/FR5_robot_control/ros2_ws/install/vision_interfaces/lib/libvision_interfaces__rosidl_typesupport_fastrtps_cpp.so" to ""
-- Installing: /home/juchan-yoon/FR5_robot_control/ros2_ws/install/vision_interfaces/lib/libvision_interfaces__rosidl_typesupport_introspection_cpp.so
-- Set non-toolchain portion of runtime path of "/home/juchan-yoon/FR5_robot_control/ros2_ws/install/vision_interfaces/lib/libvision_interfaces__rosidl_typesupport_introspection_cpp.so" to ""
-- Installing: /home/juchan-yoon/FR5_robot_control/ros2_ws/install/vision_interfaces/lib/libvision_interfaces__rosidl_typesupport_cpp.so
-- Set non-toolchain portion of runtime path of "/home/juchan-yoon/FR5_robot_control/ros2_ws/install/vision_interfaces/lib/libvision_interfaces__rosidl_typesupport_cpp.so" to ""
Listing '/home/juchan-yoon/FR5_robot_control/ros2_ws/install/vision_interfaces/lib/python3.12/site-packages/vision_interfaces'...
Compiling '/home/juchan-yoon/FR5_robot_control/ros2_ws/install/vision_interfaces/lib/python3.12/site-packages/vision_interfaces/__init__.py'...
Listing '/home/juchan-yoon/FR5_robot_control/ros2_ws/install/vision_interfaces/lib/python3.12/site-packages/vision_interfaces/msg'...
Compiling '/home/juchan-yoon/FR5_robot_control/ros2_ws/install/vision_interfaces/lib/python3.12/site-packages/vision_interfaces/msg/__init__.py'...
Compiling '/home/juchan-yoon/FR5_robot_control/ros2_ws/install/vision_interfaces/lib/python3.12/site-packages/vision_interfaces/msg/_detections.py'...
Compiling '/home/juchan-yoon/FR5_robot_control/ros2_ws/install/vision_interfaces/lib/python3.12/site-packages/vision_interfaces/msg/_inspection.py'...
Compiling '/home/juchan-yoon/FR5_robot_control/ros2_ws/install/vision_interfaces/lib/python3.12/site-packages/vision_interfaces/msg/_part.py'...
Compiling '/home/juchan-yoon/FR5_robot_control/ros2_ws/install/vision_interfaces/lib/python3.12/site-packages/vision_interfaces/msg/_vision_status.py'...
-- Installing: /home/juchan-yoon/FR5_robot_control/ros2_ws/install/vision_interfaces/lib/libvision_interfaces__rosidl_generator_py.so
-- Set non-toolchain portion of runtime path of "/home/juchan-yoon/FR5_robot_control/ros2_ws/install/vision_interfaces/lib/libvision_interfaces__rosidl_generator_py.so" to ""
-- Installing: /home/juchan-yoon/FR5_robot_control/ros2_ws/install/vision_interfaces/share/vision_interfaces/cmake/export_vision_interfaces__rosidl_generator_cExport.cmake
-- Installing: /home/juchan-yoon/FR5_robot_control/ros2_ws/install/vision_interfaces/share/vision_interfaces/cmake/export_vision_interfaces__rosidl_generator_cExport-noconfig.cmake
-- Installing: /home/juchan-yoon/FR5_robot_control/ros2_ws/install/vision_interfaces/share/vision_interfaces/cmake/export_vision_interfaces__rosidl_typesupport_fastrtps_cExport.cmake
-- Installing: /home/juchan-yoon/FR5_robot_control/ros2_ws/install/vision_interfaces/share/vision_interfaces/cmake/export_vision_interfaces__rosidl_typesupport_fastrtps_cExport-noconfig.cmake
-- Installing: /home/juchan-yoon/FR5_robot_control/ros2_ws/install/vision_interfaces/share/vision_interfaces/cmake/vision_interfaces__rosidl_typesupport_introspection_cExport.cmake
-- Installing: /home/juchan-yoon/FR5_robot_control/ros2_ws/install/vision_interfaces/share/vision_interfaces/cmake/vision_interfaces__rosidl_typesupport_introspection_cExport-noconfig.cmake
-- Installing: /home/juchan-yoon/FR5_robot_control/ros2_ws/install/vision_interfaces/share/vision_interfaces/cmake/vision_interfaces__rosidl_typesupport_cExport.cmake
-- Installing: /home/juchan-yoon/FR5_robot_control/ros2_ws/install/vision_interfaces/share/vision_interfaces/cmake/vision_interfaces__rosidl_typesupport_cExport-noconfig.cmake
-- Installing: /home/juchan-yoon/FR5_robot_control/ros2_ws/install/vision_interfaces/share/vision_interfaces/cmake/export_vision_interfaces__rosidl_generator_cppExport.cmake
-- Installing: /home/juchan-yoon/FR5_robot_control/ros2_ws/install/vision_interfaces/share/vision_interfaces/cmake/export_vision_interfaces__rosidl_typesupport_fastrtps_cppExport.cmake
-- Installing: /home/juchan-yoon/FR5_robot_control/ros2_ws/install/vision_interfaces/share/vision_interfaces/cmake/export_vision_interfaces__rosidl_typesupport_fastrtps_cppExport-noconfig.cmake
-- Installing: /home/juchan-yoon/FR5_robot_control/ros2_ws/install/vision_interfaces/share/vision_interfaces/cmake/vision_interfaces__rosidl_typesupport_introspection_cppExport.cmake
-- Installing: /home/juchan-yoon/FR5_robot_control/ros2_ws/install/vision_interfaces/share/vision_interfaces/cmake/vision_interfaces__rosidl_typesupport_introspection_cppExport-noconfig.cmake
-- Installing: /home/juchan-yoon/FR5_robot_control/ros2_ws/install/vision_interfaces/share/vision_interfaces/cmake/vision_interfaces__rosidl_typesupport_cppExport.cmake
-- Installing: /home/juchan-yoon/FR5_robot_control/ros2_ws/install/vision_interfaces/share/vision_interfaces/cmake/vision_interfaces__rosidl_typesupport_cppExport-noconfig.cmake
-- Installing: /home/juchan-yoon/FR5_robot_control/ros2_ws/install/vision_interfaces/share/vision_interfaces/cmake/export_vision_interfaces__rosidl_generator_pyExport.cmake
-- Installing: /home/juchan-yoon/FR5_robot_control/ros2_ws/install/vision_interfaces/share/vision_interfaces/cmake/export_vision_interfaces__rosidl_generator_pyExport-noconfig.cmake
