[0.010s] Invoking command in '/home/juchan-yoon/FR5_robot_control/ros2_ws/build/vision_interfaces': CMAKE_PREFIX_PATH=${CMAKE_PREFIX_PATH}:/home/juchan-yoon/turtlebot3_ws/install/turtlebot3_test:/home/juchan-yoon/turtlebot3_ws/install/turtlebot3_teleop:/home/juchan-yoon/turtlebot3_ws/install/turtlebot3_example:/opt/ros/jazzy DEBUGINFOD_URLS=https://debuginfod.ubuntu.com /usr/bin/cmake /home/juchan-yoon/FR5_robot_control/ros2_ws/src/vision_interfaces -DAMENT_CMAKE_SYMLINK_INSTALL=1 -DCMAKE_INSTALL_PREFIX=/home/juchan-yoon/FR5_robot_control/ros2_ws/install/vision_interfaces
[0.158s] -- The C compiler identification is GNU 13.3.0
[0.232s] -- The CXX compiler identification is GNU 13.3.0
[0.247s] -- Detecting C compiler ABI info
[0.317s] -- Detecting C compiler ABI info - done
[0.324s] -- Check for working C compiler: /usr/bin/cc - skipped
[0.324s] -- Detecting C compile features
[0.325s] -- Detecting C compile features - done
[0.333s] -- Detecting CXX compiler ABI info
[0.409s] -- Detecting CXX compiler ABI info - done
[0.415s] -- Check for working CXX compiler: /usr/bin/c++ - skipped
[0.415s] -- Detecting CXX compile features
[0.415s] -- Detecting CXX compile features - done
[0.422s] -- Found ament_cmake: 2.5.6 (/opt/ros/jazzy/share/ament_cmake/cmake)
[0.530s] -- Found Python3: /usr/bin/python3 (found version "3.12.3") found components: Interpreter 
[0.583s] -- Override CMake install command with custom implementation using symlinks instead of copying resources
[0.622s] -- Found rosidl_default_generators: 1.6.0 (/opt/ros/jazzy/share/rosidl_default_generators/cmake)
[0.630s] -- Using all available rosidl_typesupport_c: rosidl_typesupport_fastrtps_c;rosidl_typesupport_introspection_c
[0.683s] -- Using all available rosidl_typesupport_cpp: rosidl_typesupport_fastrtps_cpp;rosidl_typesupport_introspection_cpp
[0.728s] -- Found rosidl_adapter: 4.6.7 (/opt/ros/jazzy/share/rosidl_adapter/cmake)
[0.732s] -- Found std_msgs: 5.3.7 (/opt/ros/jazzy/share/std_msgs/cmake)
[1.210s] -- Found ament_cmake_ros: 0.12.0 (/opt/ros/jazzy/share/ament_cmake_ros/cmake)
[1.560s] -- Using all available rosidl_typesupport_c: rosidl_typesupport_fastrtps_c;rosidl_typesupport_introspection_c
[2.026s] -- Using all available rosidl_typesupport_cpp: rosidl_typesupport_fastrtps_cpp;rosidl_typesupport_introspection_cpp
[2.029s] -- Found python_cmake_module: 0.11.1 (/opt/ros/jazzy/share/python_cmake_module/cmake)
[2.138s] -- Found PythonExtra: /usr/bin/python3  
[2.488s] -- Found Python3: /usr/bin/python3 (found version "3.12.3") found components: Interpreter Development NumPy Development.Module Development.Embed 
[2.552s] -- Found Python3: /usr/bin/python3 (found version "3.12.3") found components: Interpreter 
[2.561s] -- Configuring done (2.5s)
[2.586s] -- Generating done (0.0s)
[2.593s] -- Build files have been written to: /home/juchan-yoon/FR5_robot_control/ros2_ws/build/vision_interfaces
[2.599s] Invoked command in '/home/juchan-yoon/FR5_robot_control/ros2_ws/build/vision_interfaces' returned '0': CMAKE_PREFIX_PATH=${CMAKE_PREFIX_PATH}:/home/juchan-yoon/turtlebot3_ws/install/turtlebot3_test:/home/juchan-yoon/turtlebot3_ws/install/turtlebot3_teleop:/home/juchan-yoon/turtlebot3_ws/install/turtlebot3_example:/opt/ros/jazzy DEBUGINFOD_URLS=https://debuginfod.ubuntu.com /usr/bin/cmake /home/juchan-yoon/FR5_robot_control/ros2_ws/src/vision_interfaces -DAMENT_CMAKE_SYMLINK_INSTALL=1 -DCMAKE_INSTALL_PREFIX=/home/juchan-yoon/FR5_robot_control/ros2_ws/install/vision_interfaces
[2.599s] Invoking command in '/home/juchan-yoon/FR5_robot_control/ros2_ws/build/vision_interfaces': CMAKE_PREFIX_PATH=${CMAKE_PREFIX_PATH}:/home/juchan-yoon/turtlebot3_ws/install/turtlebot3_test:/home/juchan-yoon/turtlebot3_ws/install/turtlebot3_teleop:/home/juchan-yoon/turtlebot3_ws/install/turtlebot3_example:/opt/ros/jazzy DEBUGINFOD_URLS=https://debuginfod.ubuntu.com /usr/bin/cmake --build /home/juchan-yoon/FR5_robot_control/ros2_ws/build/vision_interfaces -- -j16 -l16
[2.644s] [  1%] Generating Rust code for ROS interfaces
[2.644s] [  3%] Generating type hashes for ROS interfaces
[2.647s] [  3%] Built target ament_cmake_python_symlink_vision_interfaces
[2.792s] running egg_info
[2.792s] creating vision_interfaces.egg-info
[2.805s] [  3%] Built target vision_interfaces__rosidl_generator_type_description
[2.810s] writing vision_interfaces.egg-info/PKG-INFO
[2.810s] writing dependency_links to vision_interfaces.egg-info/dependency_links.txt
[2.810s] writing top-level names to vision_interfaces.egg-info/top_level.txt
[2.810s] writing manifest file 'vision_interfaces.egg-info/SOURCES.txt'
[2.813s] [  4%] Generating C code for ROS interfaces
[2.825s] [  6%] Generating C++ code for ROS interfaces
[2.826s] [  6%] Built target vision_interfaces__rs
[2.859s] reading manifest file 'vision_interfaces.egg-info/SOURCES.txt'
[2.859s] writing manifest file 'vision_interfaces.egg-info/SOURCES.txt'
[2.879s] [  6%] Built target ament_cmake_python_build_vision_interfaces_egg
[3.052s] [  6%] Built target vision_interfaces__cpp
[3.084s] [  9%] Building C object CMakeFiles/vision_interfaces__rosidl_generator_c.dir/rosidl_generator_c/vision_interfaces/msg/detail/part__functions.c.o
[3.084s] [  9%] Building C object CMakeFiles/vision_interfaces__rosidl_generator_c.dir/rosidl_generator_c/vision_interfaces/msg/detail/part__description.c.o
[3.085s] [ 10%] Building C object CMakeFiles/vision_interfaces__rosidl_generator_c.dir/rosidl_generator_c/vision_interfaces/msg/detail/detections__type_support.c.o
[3.086s] [ 12%] Building C object CMakeFiles/vision_interfaces__rosidl_generator_c.dir/rosidl_generator_c/vision_interfaces/msg/detail/detections__description.c.o
[3.086s] [ 13%] Building C object CMakeFiles/vision_interfaces__rosidl_generator_c.dir/rosidl_generator_c/vision_interfaces/msg/detail/detections__functions.c.o
[3.086s] [ 15%] Building C object CMakeFiles/vision_interfaces__rosidl_generator_c.dir/rosidl_generator_c/vision_interfaces/msg/detail/vision_status__type_support.c.o
[3.087s] [ 18%] Building C object CMakeFiles/vision_interfaces__rosidl_generator_c.dir/rosidl_generator_c/vision_interfaces/msg/detail/inspection__type_support.c.o
[3.087s] [ 18%] Building C object CMakeFiles/vision_interfaces__rosidl_generator_c.dir/rosidl_generator_c/vision_interfaces/msg/detail/part__type_support.c.o
[3.088s] [ 20%] Building C object CMakeFiles/vision_interfaces__rosidl_generator_c.dir/rosidl_generator_c/vision_interfaces/msg/detail/vision_status__functions.c.o
[3.089s] [ 23%] Building C object CMakeFiles/vision_interfaces__rosidl_generator_c.dir/rosidl_generator_c/vision_interfaces/msg/detail/inspection__description.c.o
[3.089s] [ 23%] Building C object CMakeFiles/vision_interfaces__rosidl_generator_c.dir/rosidl_generator_c/vision_interfaces/msg/detail/inspection__functions.c.o
[3.090s] [ 24%] Building C object CMakeFiles/vision_interfaces__rosidl_generator_c.dir/rosidl_generator_c/vision_interfaces/msg/detail/vision_status__description.c.o
[3.161s] [ 26%] Linking C shared library libvision_interfaces__rosidl_generator_c.so
[3.197s] [ 26%] Built target vision_interfaces__rosidl_generator_c
[3.223s] [ 29%] Generating C introspection for ROS interfaces
[3.223s] [ 29%] Generating C type support for eProsima Fast-RTPS
[3.224s] [ 30%] Generating C++ type support dispatch for ROS interfaces
[3.224s] [ 32%] Generating C++ type support for eProsima Fast-RTPS
[3.225s] [ 33%] Generating C type support dispatch for ROS interfaces
[3.234s] [ 35%] Generating C++ introspection for ROS interfaces
[3.442s] [ 36%] Building CXX object CMakeFiles/vision_interfaces__rosidl_typesupport_c.dir/rosidl_typesupport_c/vision_interfaces/msg/detections__type_support.cpp.o
[3.444s] [ 41%] Building CXX object CMakeFiles/vision_interfaces__rosidl_typesupport_c.dir/rosidl_typesupport_c/vision_interfaces/msg/part__type_support.cpp.o
[3.444s] [ 41%] Building CXX object CMakeFiles/vision_interfaces__rosidl_typesupport_c.dir/rosidl_typesupport_c/vision_interfaces/msg/inspection__type_support.cpp.o
[3.444s] [ 40%] Building CXX object CMakeFiles/vision_interfaces__rosidl_typesupport_c.dir/rosidl_typesupport_c/vision_interfaces/msg/vision_status__type_support.cpp.o
[3.463s] [ 43%] Building CXX object CMakeFiles/vision_interfaces__rosidl_typesupport_cpp.dir/rosidl_typesupport_cpp/vision_interfaces/msg/detections__type_support.cpp.o
[3.464s] [ 44%] Building CXX object CMakeFiles/vision_interfaces__rosidl_typesupport_cpp.dir/rosidl_typesupport_cpp/vision_interfaces/msg/part__type_support.cpp.o
[3.465s] [ 46%] Building CXX object CMakeFiles/vision_interfaces__rosidl_typesupport_cpp.dir/rosidl_typesupport_cpp/vision_interfaces/msg/inspection__type_support.cpp.o
[3.465s] [ 47%] Building CXX object CMakeFiles/vision_interfaces__rosidl_typesupport_cpp.dir/rosidl_typesupport_cpp/vision_interfaces/msg/vision_status__type_support.cpp.o
[3.480s] [ 49%] Building C object CMakeFiles/vision_interfaces__rosidl_typesupport_introspection_c.dir/rosidl_typesupport_introspection_c/vision_interfaces/msg/detail/detections__type_support.c.o
[3.480s] [ 50%] Building C object CMakeFiles/vision_interfaces__rosidl_typesupport_introspection_c.dir/rosidl_typesupport_introspection_c/vision_interfaces/msg/detail/part__type_support.c.o
[3.481s] [ 52%] Building C object CMakeFiles/vision_interfaces__rosidl_typesupport_introspection_c.dir/rosidl_typesupport_introspection_c/vision_interfaces/msg/detail/inspection__type_support.c.o
[3.484s] [ 53%] Building C object CMakeFiles/vision_interfaces__rosidl_typesupport_introspection_c.dir/rosidl_typesupport_introspection_c/vision_interfaces/msg/detail/vision_status__type_support.c.o
[3.488s] [ 55%] Building CXX object CMakeFiles/vision_interfaces__rosidl_typesupport_introspection_cpp.dir/rosidl_typesupport_introspection_cpp/vision_interfaces/msg/detail/vision_status__type_support.cpp.o
[3.489s] [ 56%] Building CXX object CMakeFiles/vision_interfaces__rosidl_typesupport_introspection_cpp.dir/rosidl_typesupport_introspection_cpp/vision_interfaces/msg/detail/detections__type_support.cpp.o
[3.489s] [ 60%] Building CXX object CMakeFiles/vision_interfaces__rosidl_typesupport_introspection_cpp.dir/rosidl_typesupport_introspection_cpp/vision_interfaces/msg/detail/part__type_support.cpp.o
[3.489s] [ 60%] Building CXX object CMakeFiles/vision_interfaces__rosidl_typesupport_introspection_cpp.dir/rosidl_typesupport_introspection_cpp/vision_interfaces/msg/detail/inspection__type_support.cpp.o
[3.492s] [ 61%] Linking CXX shared library libvision_interfaces__rosidl_typesupport_c.so
[3.530s] [ 63%] Linking C shared library libvision_interfaces__rosidl_typesupport_introspection_c.so
[3.536s] [ 63%] Built target vision_interfaces__rosidl_typesupport_c
[3.543s] [ 66%] Building CXX object CMakeFiles/vision_interfaces__rosidl_typesupport_fastrtps_cpp.dir/rosidl_typesupport_fastrtps_cpp/vision_interfaces/msg/detail/dds_fastrtps/detections__type_support.cpp.o
[3.543s] [ 66%] Building CXX object CMakeFiles/vision_interfaces__rosidl_typesupport_fastrtps_cpp.dir/rosidl_typesupport_fastrtps_cpp/vision_interfaces/msg/detail/dds_fastrtps/part__type_support.cpp.o
[3.544s] [ 69%] Building CXX object CMakeFiles/vision_interfaces__rosidl_typesupport_fastrtps_cpp.dir/rosidl_typesupport_fastrtps_cpp/vision_interfaces/msg/detail/dds_fastrtps/inspection__type_support.cpp.o
[3.545s] [ 69%] Building CXX object CMakeFiles/vision_interfaces__rosidl_typesupport_fastrtps_cpp.dir/rosidl_typesupport_fastrtps_cpp/vision_interfaces/msg/detail/dds_fastrtps/vision_status__type_support.cpp.o
[3.555s] [ 70%] Building CXX object CMakeFiles/vision_interfaces__rosidl_typesupport_fastrtps_c.dir/rosidl_typesupport_fastrtps_c/vision_interfaces/msg/detail/part__type_support_c.cpp.o
[3.559s] [ 72%] Building CXX object CMakeFiles/vision_interfaces__rosidl_typesupport_fastrtps_c.dir/rosidl_typesupport_fastrtps_c/vision_interfaces/msg/detail/detections__type_support_c.cpp.o
[3.562s] [ 73%] Building CXX object CMakeFiles/vision_interfaces__rosidl_typesupport_fastrtps_c.dir/rosidl_typesupport_fastrtps_c/vision_interfaces/msg/detail/inspection__type_support_c.cpp.o
[3.566s] [ 73%] Built target vision_interfaces__rosidl_typesupport_introspection_c
[3.591s] [ 75%] Building CXX object CMakeFiles/vision_interfaces__rosidl_typesupport_fastrtps_c.dir/rosidl_typesupport_fastrtps_c/vision_interfaces/msg/detail/vision_status__type_support_c.cpp.o
[3.834s] [ 76%] Linking CXX shared library libvision_interfaces__rosidl_typesupport_cpp.so
[3.866s] [ 76%] Built target vision_interfaces__rosidl_typesupport_cpp
[3.921s] [ 78%] Linking CXX shared library libvision_interfaces__rosidl_typesupport_introspection_cpp.so
[3.991s] [ 78%] Built target vision_interfaces__rosidl_typesupport_introspection_cpp
[4.035s] [ 80%] Linking CXX shared library libvision_interfaces__rosidl_typesupport_fastrtps_c.so
[4.086s] [ 80%] Built target vision_interfaces__rosidl_typesupport_fastrtps_c
[4.095s] [ 81%] Linking CXX shared library libvision_interfaces__rosidl_typesupport_fastrtps_cpp.so
[4.152s] [ 81%] Built target vision_interfaces__rosidl_typesupport_fastrtps_cpp
[4.170s] [ 81%] Built target vision_interfaces
[4.201s] [ 83%] Generating Python code for ROS interfaces
[4.547s] [ 83%] Built target vision_interfaces__py
[4.563s] [ 86%] Building C object CMakeFiles/vision_interfaces__rosidl_generator_py.dir/rosidl_generator_py/vision_interfaces/msg/_vision_status_s.c.o
[4.563s] [ 86%] Building C object CMakeFiles/vision_interfaces__rosidl_generator_py.dir/rosidl_generator_py/vision_interfaces/msg/_inspection_s.c.o
[4.563s] [ 87%] Building C object CMakeFiles/vision_interfaces__rosidl_generator_py.dir/rosidl_generator_py/vision_interfaces/msg/_detections_s.c.o
[4.565s] [ 89%] Building C object CMakeFiles/vision_interfaces__rosidl_generator_py.dir/rosidl_generator_py/vision_interfaces/msg/_part_s.c.o
[4.696s] [ 90%] Linking C shared library libvision_interfaces__rosidl_generator_py.so
[4.735s] [ 90%] Built target vision_interfaces__rosidl_generator_py
[4.756s] [ 92%] Building C object CMakeFiles/vision_interfaces_s__rosidl_typesupport_c.dir/rosidl_generator_py/vision_interfaces/_vision_interfaces_s.ep.rosidl_typesupport_c.c.o
[4.759s] [ 93%] Building C object CMakeFiles/vision_interfaces_s__rosidl_typesupport_fastrtps_c.dir/rosidl_generator_py/vision_interfaces/_vision_interfaces_s.ep.rosidl_typesupport_fastrtps_c.c.o
[4.760s] [ 95%] Building C object CMakeFiles/vision_interfaces_s__rosidl_typesupport_introspection_c.dir/rosidl_generator_py/vision_interfaces/_vision_interfaces_s.ep.rosidl_typesupport_introspection_c.c.o
[4.823s] [ 96%] Linking C shared module rosidl_generator_py/vision_interfaces/vision_interfaces_s__rosidl_typesupport_c.so
[4.825s] [ 98%] Linking C shared module rosidl_generator_py/vision_interfaces/vision_interfaces_s__rosidl_typesupport_introspection_c.so
[4.825s] [100%] Linking C shared module rosidl_generator_py/vision_interfaces/vision_interfaces_s__rosidl_typesupport_fastrtps_c.so
[4.844s] [100%] Built target vision_interfaces_s__rosidl_typesupport_fastrtps_c
[4.844s] [100%] Built target vision_interfaces_s__rosidl_typesupport_introspection_c
[4.845s] [100%] Built target vision_interfaces_s__rosidl_typesupport_c
[4.852s] Invoked command in '/home/juchan-yoon/FR5_robot_control/ros2_ws/build/vision_interfaces' returned '0': CMAKE_PREFIX_PATH=${CMAKE_PREFIX_PATH}:/home/juchan-yoon/turtlebot3_ws/install/turtlebot3_test:/home/juchan-yoon/turtlebot3_ws/install/turtlebot3_teleop:/home/juchan-yoon/turtlebot3_ws/install/turtlebot3_example:/opt/ros/jazzy DEBUGINFOD_URLS=https://debuginfod.ubuntu.com /usr/bin/cmake --build /home/juchan-yoon/FR5_robot_control/ros2_ws/build/vision_interfaces -- -j16 -l16
[4.860s] Invoking command in '/home/juchan-yoon/FR5_robot_control/ros2_ws/build/vision_interfaces': CMAKE_PREFIX_PATH=${CMAKE_PREFIX_PATH}:/home/juchan-yoon/turtlebot3_ws/install/turtlebot3_test:/home/juchan-yoon/turtlebot3_ws/install/turtlebot3_teleop:/home/juchan-yoon/turtlebot3_ws/install/turtlebot3_example:/opt/ros/jazzy DEBUGINFOD_URLS=https://debuginfod.ubuntu.com /usr/bin/cmake --install /home/juchan-yoon/FR5_robot_control/ros2_ws/build/vision_interfaces
[4.867s] -- Install configuration: ""
[4.867s] -- Execute custom install script
[4.867s] -- Symlinking: /home/juchan-yoon/FR5_robot_control/ros2_ws/install/vision_interfaces/share/ament_index/resource_index/rosidl_interfaces/vision_interfaces
[4.872s] -- Symlinking: /home/juchan-yoon/FR5_robot_control/ros2_ws/install/vision_interfaces/share/vision_interfaces/msg/Part.json
[4.877s] -- Symlinking: /home/juchan-yoon/FR5_robot_control/ros2_ws/install/vision_interfaces/share/vision_interfaces/msg/Detections.json
[4.882s] -- Symlinking: /home/juchan-yoon/FR5_robot_control/ros2_ws/install/vision_interfaces/share/vision_interfaces/msg/Inspection.json
[4.889s] -- Symlinking: /home/juchan-yoon/FR5_robot_control/ros2_ws/install/vision_interfaces/share/vision_interfaces/msg/VisionStatus.json
[4.894s] -- Symlinking: /home/juchan-yoon/FR5_robot_control/ros2_ws/install/vision_interfaces/include/vision_interfaces/vision_interfaces/msg/detail/detections__functions.h
[4.908s] -- Symlinking: /home/juchan-yoon/FR5_robot_control/ros2_ws/install/vision_interfaces/include/vision_interfaces/vision_interfaces/msg/detail/detections__struct.h
[4.920s] -- Symlinking: /home/juchan-yoon/FR5_robot_control/ros2_ws/install/vision_interfaces/include/vision_interfaces/vision_interfaces/msg/detail/detections__type_support.h
[4.930s] -- Symlinking: /home/juchan-yoon/FR5_robot_control/ros2_ws/install/vision_interfaces/include/vision_interfaces/vision_interfaces/msg/detail/inspection__functions.h
[4.947s] -- Symlinking: /home/juchan-yoon/FR5_robot_control/ros2_ws/install/vision_interfaces/include/vision_interfaces/vision_interfaces/msg/detail/inspection__struct.h
[4.957s] -- Symlinking: /home/juchan-yoon/FR5_robot_control/ros2_ws/install/vision_interfaces/include/vision_interfaces/vision_interfaces/msg/detail/inspection__type_support.h
[4.974s] -- Symlinking: /home/juchan-yoon/FR5_robot_control/ros2_ws/install/vision_interfaces/include/vision_interfaces/vision_interfaces/msg/detail/part__functions.h
[4.993s] -- Symlinking: /home/juchan-yoon/FR5_robot_control/ros2_ws/install/vision_interfaces/include/vision_interfaces/vision_interfaces/msg/detail/part__struct.h
[5.012s] -- Symlinking: /home/juchan-yoon/FR5_robot_control/ros2_ws/install/vision_interfaces/include/vision_interfaces/vision_interfaces/msg/detail/part__type_support.h
[5.027s] -- Symlinking: /home/juchan-yoon/FR5_robot_control/ros2_ws/install/vision_interfaces/include/vision_interfaces/vision_interfaces/msg/detail/vision_status__functions.h
[5.034s] -- Symlinking: /home/juchan-yoon/FR5_robot_control/ros2_ws/install/vision_interfaces/include/vision_interfaces/vision_interfaces/msg/detail/vision_status__struct.h
[5.047s] -- Symlinking: /home/juchan-yoon/FR5_robot_control/ros2_ws/install/vision_interfaces/include/vision_interfaces/vision_interfaces/msg/detail/vision_status__type_support.h
[5.061s] -- Symlinking: /home/juchan-yoon/FR5_robot_control/ros2_ws/install/vision_interfaces/include/vision_interfaces/vision_interfaces/msg/detections.h
[5.076s] -- Symlinking: /home/juchan-yoon/FR5_robot_control/ros2_ws/install/vision_interfaces/include/vision_interfaces/vision_interfaces/msg/inspection.h
[5.092s] -- Symlinking: /home/juchan-yoon/FR5_robot_control/ros2_ws/install/vision_interfaces/include/vision_interfaces/vision_interfaces/msg/part.h
[5.104s] -- Symlinking: /home/juchan-yoon/FR5_robot_control/ros2_ws/install/vision_interfaces/include/vision_interfaces/vision_interfaces/msg/rosidl_generator_c__visibility_control.h
[5.115s] -- Symlinking: /home/juchan-yoon/FR5_robot_control/ros2_ws/install/vision_interfaces/include/vision_interfaces/vision_interfaces/msg/vision_status.h
[5.137s] -- Symlinking: /home/juchan-yoon/FR5_robot_control/ros2_ws/install/vision_interfaces/share/vision_interfaces/environment/library_path.sh
[5.147s] -- Symlinking: /home/juchan-yoon/FR5_robot_control/ros2_ws/install/vision_interfaces/share/vision_interfaces/environment/library_path.dsv
[5.157s] -- Symlinking: /home/juchan-yoon/FR5_robot_control/ros2_ws/install/vision_interfaces/include/vision_interfaces/vision_interfaces/msg/detail/detections__rosidl_typesupport_fastrtps_c.h
[5.168s] -- Symlinking: /home/juchan-yoon/FR5_robot_control/ros2_ws/install/vision_interfaces/include/vision_interfaces/vision_interfaces/msg/detail/inspection__rosidl_typesupport_fastrtps_c.h
[5.180s] -- Symlinking: /home/juchan-yoon/FR5_robot_control/ros2_ws/install/vision_interfaces/include/vision_interfaces/vision_interfaces/msg/detail/part__rosidl_typesupport_fastrtps_c.h
[5.192s] -- Symlinking: /home/juchan-yoon/FR5_robot_control/ros2_ws/install/vision_interfaces/include/vision_interfaces/vision_interfaces/msg/detail/vision_status__rosidl_typesupport_fastrtps_c.h
[5.209s] -- Symlinking: /home/juchan-yoon/FR5_robot_control/ros2_ws/install/vision_interfaces/include/vision_interfaces/vision_interfaces/msg/rosidl_typesupport_fastrtps_c__visibility_control.h
[5.224s] -- Symlinking: /home/juchan-yoon/FR5_robot_control/ros2_ws/install/vision_interfaces/include/vision_interfaces/vision_interfaces/msg/detail/detections__rosidl_typesupport_introspection_c.h
[5.240s] -- Symlinking: /home/juchan-yoon/FR5_robot_control/ros2_ws/install/vision_interfaces/include/vision_interfaces/vision_interfaces/msg/detail/inspection__rosidl_typesupport_introspection_c.h
[5.254s] -- Symlinking: /home/juchan-yoon/FR5_robot_control/ros2_ws/install/vision_interfaces/include/vision_interfaces/vision_interfaces/msg/detail/part__rosidl_typesupport_introspection_c.h
[5.272s] -- Symlinking: /home/juchan-yoon/FR5_robot_control/ros2_ws/install/vision_interfaces/include/vision_interfaces/vision_interfaces/msg/detail/vision_status__rosidl_typesupport_introspection_c.h
[5.280s] -- Symlinking: /home/juchan-yoon/FR5_robot_control/ros2_ws/install/vision_interfaces/include/vision_interfaces/vision_interfaces/msg/rosidl_typesupport_introspection_c__visibility_control.h
[5.291s] -- Symlinking: /home/juchan-yoon/FR5_robot_control/ros2_ws/install/vision_interfaces/include/vision_interfaces/vision_interfaces/msg/detail/detections__builder.hpp
[5.304s] -- Symlinking: /home/juchan-yoon/FR5_robot_control/ros2_ws/install/vision_interfaces/include/vision_interfaces/vision_interfaces/msg/detail/detections__struct.hpp
[5.322s] -- Symlinking: /home/juchan-yoon/FR5_robot_control/ros2_ws/install/vision_interfaces/include/vision_interfaces/vision_interfaces/msg/detail/detections__traits.hpp
[5.338s] -- Symlinking: /home/juchan-yoon/FR5_robot_control/ros2_ws/install/vision_interfaces/include/vision_interfaces/vision_interfaces/msg/detail/detections__type_support.hpp
[5.347s] -- Symlinking: /home/juchan-yoon/FR5_robot_control/ros2_ws/install/vision_interfaces/include/vision_interfaces/vision_interfaces/msg/detail/inspection__builder.hpp
[5.352s] -- Symlinking: /home/juchan-yoon/FR5_robot_control/ros2_ws/install/vision_interfaces/include/vision_interfaces/vision_interfaces/msg/detail/inspection__struct.hpp
[5.358s] -- Symlinking: /home/juchan-yoon/FR5_robot_control/ros2_ws/install/vision_interfaces/include/vision_interfaces/vision_interfaces/msg/detail/inspection__traits.hpp
[5.368s] -- Symlinking: /home/juchan-yoon/FR5_robot_control/ros2_ws/install/vision_interfaces/include/vision_interfaces/vision_interfaces/msg/detail/inspection__type_support.hpp
[5.384s] -- Symlinking: /home/juchan-yoon/FR5_robot_control/ros2_ws/install/vision_interfaces/include/vision_interfaces/vision_interfaces/msg/detail/part__builder.hpp
[5.394s] -- Symlinking: /home/juchan-yoon/FR5_robot_control/ros2_ws/install/vision_interfaces/include/vision_interfaces/vision_interfaces/msg/detail/part__struct.hpp
[5.402s] -- Symlinking: /home/juchan-yoon/FR5_robot_control/ros2_ws/install/vision_interfaces/include/vision_interfaces/vision_interfaces/msg/detail/part__traits.hpp
[5.417s] -- Symlinking: /home/juchan-yoon/FR5_robot_control/ros2_ws/install/vision_interfaces/include/vision_interfaces/vision_interfaces/msg/detail/part__type_support.hpp
[5.429s] -- Symlinking: /home/juchan-yoon/FR5_robot_control/ros2_ws/install/vision_interfaces/include/vision_interfaces/vision_interfaces/msg/detail/vision_status__builder.hpp
[5.442s] -- Symlinking: /home/juchan-yoon/FR5_robot_control/ros2_ws/install/vision_interfaces/include/vision_interfaces/vision_interfaces/msg/detail/vision_status__struct.hpp
[5.461s] -- Symlinking: /home/juchan-yoon/FR5_robot_control/ros2_ws/install/vision_interfaces/include/vision_interfaces/vision_interfaces/msg/detail/vision_status__traits.hpp
[5.481s] -- Symlinking: /home/juchan-yoon/FR5_robot_control/ros2_ws/install/vision_interfaces/include/vision_interfaces/vision_interfaces/msg/detail/vision_status__type_support.hpp
[5.498s] -- Symlinking: /home/juchan-yoon/FR5_robot_control/ros2_ws/install/vision_interfaces/include/vision_interfaces/vision_interfaces/msg/detections.hpp
[5.505s] -- Symlinking: /home/juchan-yoon/FR5_robot_control/ros2_ws/install/vision_interfaces/include/vision_interfaces/vision_interfaces/msg/inspection.hpp
[5.512s] -- Symlinking: /home/juchan-yoon/FR5_robot_control/ros2_ws/install/vision_interfaces/include/vision_interfaces/vision_interfaces/msg/part.hpp
[5.521s] -- Symlinking: /home/juchan-yoon/FR5_robot_control/ros2_ws/install/vision_interfaces/include/vision_interfaces/vision_interfaces/msg/rosidl_generator_cpp__visibility_control.hpp
[5.530s] -- Symlinking: /home/juchan-yoon/FR5_robot_control/ros2_ws/install/vision_interfaces/include/vision_interfaces/vision_interfaces/msg/vision_status.hpp
[5.540s] -- Symlinking: /home/juchan-yoon/FR5_robot_control/ros2_ws/install/vision_interfaces/include/vision_interfaces/vision_interfaces/msg/detail/detections__rosidl_typesupport_fastrtps_cpp.hpp
[5.562s] -- Symlinking: /home/juchan-yoon/FR5_robot_control/ros2_ws/install/vision_interfaces/include/vision_interfaces/vision_interfaces/msg/detail/inspection__rosidl_typesupport_fastrtps_cpp.hpp
[5.581s] -- Symlinking: /home/juchan-yoon/FR5_robot_control/ros2_ws/install/vision_interfaces/include/vision_interfaces/vision_interfaces/msg/detail/part__rosidl_typesupport_fastrtps_cpp.hpp
[5.597s] -- Symlinking: /home/juchan-yoon/FR5_robot_control/ros2_ws/install/vision_interfaces/include/vision_interfaces/vision_interfaces/msg/detail/vision_status__rosidl_typesupport_fastrtps_cpp.hpp
[5.615s] -- Symlinking: /home/juchan-yoon/FR5_robot_control/ros2_ws/install/vision_interfaces/include/vision_interfaces/vision_interfaces/msg/rosidl_typesupport_fastrtps_cpp__visibility_control.h
[5.631s] -- Symlinking: /home/juchan-yoon/FR5_robot_control/ros2_ws/install/vision_interfaces/include/vision_interfaces/vision_interfaces/msg/detail/detections__rosidl_typesupport_introspection_cpp.hpp
[5.641s] -- Symlinking: /home/juchan-yoon/FR5_robot_control/ros2_ws/install/vision_interfaces/include/vision_interfaces/vision_interfaces/msg/detail/inspection__rosidl_typesupport_introspection_cpp.hpp
[5.650s] -- Symlinking: /home/juchan-yoon/FR5_robot_control/ros2_ws/install/vision_interfaces/include/vision_interfaces/vision_interfaces/msg/detail/part__rosidl_typesupport_introspection_cpp.hpp
[5.670s] -- Symlinking: /home/juchan-yoon/FR5_robot_control/ros2_ws/install/vision_interfaces/include/vision_interfaces/vision_interfaces/msg/detail/vision_status__rosidl_typesupport_introspection_cpp.hpp
[5.687s] -- Symlinking: /home/juchan-yoon/FR5_robot_control/ros2_ws/install/vision_interfaces/share/vision_interfaces/environment/pythonpath.sh
[5.708s] -- Symlinking: /home/juchan-yoon/FR5_robot_control/ros2_ws/install/vision_interfaces/share/vision_interfaces/environment/pythonpath.dsv
[5.727s] -- Symlinking: /home/juchan-yoon/FR5_robot_control/ros2_ws/install/vision_interfaces/lib/python3.12/site-packages/vision_interfaces-0.1.0-py3.12.egg-info/PKG-INFO
[5.749s] -- Symlinking: /home/juchan-yoon/FR5_robot_control/ros2_ws/install/vision_interfaces/lib/python3.12/site-packages/vision_interfaces-0.1.0-py3.12.egg-info/SOURCES.txt
[5.767s] -- Symlinking: /home/juchan-yoon/FR5_robot_control/ros2_ws/install/vision_interfaces/lib/python3.12/site-packages/vision_interfaces-0.1.0-py3.12.egg-info/dependency_links.txt
[5.783s] -- Symlinking: /home/juchan-yoon/FR5_robot_control/ros2_ws/install/vision_interfaces/lib/python3.12/site-packages/vision_interfaces-0.1.0-py3.12.egg-info/top_level.txt
[5.792s] -- Symlinking: /home/juchan-yoon/FR5_robot_control/ros2_ws/install/vision_interfaces/lib/python3.12/site-packages/vision_interfaces/__init__.py
[5.800s] -- Symlinking: /home/juchan-yoon/FR5_robot_control/ros2_ws/install/vision_interfaces/lib/python3.12/site-packages/vision_interfaces/_vision_interfaces_s.ep.rosidl_typesupport_c.c
[5.819s] -- Symlinking: /home/juchan-yoon/FR5_robot_control/ros2_ws/install/vision_interfaces/lib/python3.12/site-packages/vision_interfaces/_vision_interfaces_s.ep.rosidl_typesupport_fastrtps_c.c
[5.835s] -- Symlinking: /home/juchan-yoon/FR5_robot_control/ros2_ws/install/vision_interfaces/lib/python3.12/site-packages/vision_interfaces/_vision_interfaces_s.ep.rosidl_typesupport_introspection_c.c
[5.845s] -- Symlinking: /home/juchan-yoon/FR5_robot_control/ros2_ws/install/vision_interfaces/lib/python3.12/site-packages/vision_interfaces/msg/__init__.py
[5.856s] -- Symlinking: /home/juchan-yoon/FR5_robot_control/ros2_ws/install/vision_interfaces/lib/python3.12/site-packages/vision_interfaces/msg/_detections.py
[5.870s] -- Symlinking: /home/juchan-yoon/FR5_robot_control/ros2_ws/install/vision_interfaces/lib/python3.12/site-packages/vision_interfaces/msg/_detections_s.c
[5.882s] -- Symlinking: /home/juchan-yoon/FR5_robot_control/ros2_ws/install/vision_interfaces/lib/python3.12/site-packages/vision_interfaces/msg/_inspection.py
[5.899s] -- Symlinking: /home/juchan-yoon/FR5_robot_control/ros2_ws/install/vision_interfaces/lib/python3.12/site-packages/vision_interfaces/msg/_inspection_s.c
[5.915s] -- Symlinking: /home/juchan-yoon/FR5_robot_control/ros2_ws/install/vision_interfaces/lib/python3.12/site-packages/vision_interfaces/msg/_part.py
[5.925s] -- Symlinking: /home/juchan-yoon/FR5_robot_control/ros2_ws/install/vision_interfaces/lib/python3.12/site-packages/vision_interfaces/msg/_part_s.c
[5.933s] -- Symlinking: /home/juchan-yoon/FR5_robot_control/ros2_ws/install/vision_interfaces/lib/python3.12/site-packages/vision_interfaces/msg/_vision_status.py
[5.950s] -- Symlinking: /home/juchan-yoon/FR5_robot_control/ros2_ws/install/vision_interfaces/lib/python3.12/site-packages/vision_interfaces/msg/_vision_status_s.c
[5.959s] -- Symlinking: /home/juchan-yoon/FR5_robot_control/ros2_ws/install/vision_interfaces/lib/python3.12/site-packages/vision_interfaces/vision_interfaces_s__rosidl_typesupport_c.so
[5.970s] -- Symlinking: /home/juchan-yoon/FR5_robot_control/ros2_ws/install/vision_interfaces/lib/python3.12/site-packages/vision_interfaces/vision_interfaces_s__rosidl_typesupport_fastrtps_c.so
[5.990s] -- Symlinking: /home/juchan-yoon/FR5_robot_control/ros2_ws/install/vision_interfaces/lib/python3.12/site-packages/vision_interfaces/vision_interfaces_s__rosidl_typesupport_introspection_c.so
[6.003s] -- Up-to-date symlink: /home/juchan-yoon/FR5_robot_control/ros2_ws/install/vision_interfaces/lib/python3.12/site-packages/vision_interfaces/vision_interfaces_s__rosidl_typesupport_fastrtps_c.so
[6.003s] -- Up-to-date symlink: /home/juchan-yoon/FR5_robot_control/ros2_ws/install/vision_interfaces/lib/python3.12/site-packages/vision_interfaces/vision_interfaces_s__rosidl_typesupport_introspection_c.so
[6.003s] -- Up-to-date symlink: /home/juchan-yoon/FR5_robot_control/ros2_ws/install/vision_interfaces/lib/python3.12/site-packages/vision_interfaces/vision_interfaces_s__rosidl_typesupport_c.so
[6.003s] -- Symlinking: /home/juchan-yoon/FR5_robot_control/ros2_ws/install/vision_interfaces/share/ament_index/resource_index/rust_packages/vision_interfaces
[6.010s] -- Symlinking: /home/juchan-yoon/FR5_robot_control/ros2_ws/install/vision_interfaces/share/vision_interfaces/rust/Cargo.toml
[6.021s] -- Symlinking: /home/juchan-yoon/FR5_robot_control/ros2_ws/install/vision_interfaces/share/vision_interfaces/rust/build.rs
[6.035s] -- Symlinking: /home/juchan-yoon/FR5_robot_control/ros2_ws/install/vision_interfaces/share/vision_interfaces/rust/src/lib.rs
[6.053s] -- Symlinking: /home/juchan-yoon/FR5_robot_control/ros2_ws/install/vision_interfaces/share/vision_interfaces/rust/src/msg.rs
[6.070s] -- Symlinking: /home/juchan-yoon/FR5_robot_control/ros2_ws/install/vision_interfaces/share/vision_interfaces/rust/src/msg/rmw.rs
[6.080s] -- Symlinking: /home/juchan-yoon/FR5_robot_control/ros2_ws/install/vision_interfaces/share/vision_interfaces/msg/Part.idl
[6.087s] -- Symlinking: /home/juchan-yoon/FR5_robot_control/ros2_ws/install/vision_interfaces/share/vision_interfaces/msg/Detections.idl
[6.100s] -- Symlinking: /home/juchan-yoon/FR5_robot_control/ros2_ws/install/vision_interfaces/share/vision_interfaces/msg/Inspection.idl
[6.112s] -- Symlinking: /home/juchan-yoon/FR5_robot_control/ros2_ws/install/vision_interfaces/share/vision_interfaces/msg/VisionStatus.idl
[6.125s] -- Symlinking: /home/juchan-yoon/FR5_robot_control/ros2_ws/install/vision_interfaces/share/vision_interfaces/msg/Part.msg
[6.133s] -- Symlinking: /home/juchan-yoon/FR5_robot_control/ros2_ws/install/vision_interfaces/share/vision_interfaces/msg/Detections.msg
[6.147s] -- Symlinking: /home/juchan-yoon/FR5_robot_control/ros2_ws/install/vision_interfaces/share/vision_interfaces/msg/Inspection.msg
[6.164s] -- Symlinking: /home/juchan-yoon/FR5_robot_control/ros2_ws/install/vision_interfaces/share/vision_interfaces/msg/VisionStatus.msg
[6.187s] -- Symlinking: /home/juchan-yoon/FR5_robot_control/ros2_ws/install/vision_interfaces/share/ament_index/resource_index/package_run_dependencies/vision_interfaces
[6.206s] -- Symlinking: /home/juchan-yoon/FR5_robot_control/ros2_ws/install/vision_interfaces/share/ament_index/resource_index/parent_prefix_path/vision_interfaces
[6.213s] -- Symlinking: /home/juchan-yoon/FR5_robot_control/ros2_ws/install/vision_interfaces/share/vision_interfaces/environment/ament_prefix_path.sh
[6.219s] -- Symlinking: /home/juchan-yoon/FR5_robot_control/ros2_ws/install/vision_interfaces/share/vision_interfaces/environment/ament_prefix_path.dsv
[6.226s] -- Symlinking: /home/juchan-yoon/FR5_robot_control/ros2_ws/install/vision_interfaces/share/vision_interfaces/environment/path.sh
[6.234s] -- Symlinking: /home/juchan-yoon/FR5_robot_control/ros2_ws/install/vision_interfaces/share/vision_interfaces/environment/path.dsv
[6.240s] -- Symlinking: /home/juchan-yoon/FR5_robot_control/ros2_ws/install/vision_interfaces/share/vision_interfaces/local_setup.bash
[6.245s] -- Symlinking: /home/juchan-yoon/FR5_robot_control/ros2_ws/install/vision_interfaces/share/vision_interfaces/local_setup.sh
[6.252s] -- Symlinking: /home/juchan-yoon/FR5_robot_control/ros2_ws/install/vision_interfaces/share/vision_interfaces/local_setup.zsh
[6.259s] -- Symlinking: /home/juchan-yoon/FR5_robot_control/ros2_ws/install/vision_interfaces/share/vision_interfaces/local_setup.dsv
[6.268s] -- Symlinking: /home/juchan-yoon/FR5_robot_control/ros2_ws/install/vision_interfaces/share/vision_interfaces/package.dsv
[6.274s] -- Symlinking: /home/juchan-yoon/FR5_robot_control/ros2_ws/install/vision_interfaces/share/ament_index/resource_index/packages/vision_interfaces
[6.282s] -- Symlinking: /home/juchan-yoon/FR5_robot_control/ros2_ws/install/vision_interfaces/share/vision_interfaces/cmake/rosidl_cmake-extras.cmake
[6.290s] -- Symlinking: /home/juchan-yoon/FR5_robot_control/ros2_ws/install/vision_interfaces/share/vision_interfaces/cmake/ament_cmake_export_dependencies-extras.cmake
[6.297s] -- Symlinking: /home/juchan-yoon/FR5_robot_control/ros2_ws/install/vision_interfaces/share/vision_interfaces/cmake/ament_cmake_export_include_directories-extras.cmake
[6.303s] -- Symlinking: /home/juchan-yoon/FR5_robot_control/ros2_ws/install/vision_interfaces/share/vision_interfaces/cmake/ament_cmake_export_libraries-extras.cmake
[6.310s] -- Symlinking: /home/juchan-yoon/FR5_robot_control/ros2_ws/install/vision_interfaces/share/vision_interfaces/cmake/ament_cmake_export_targets-extras.cmake
[6.315s] -- Symlinking: /home/juchan-yoon/FR5_robot_control/ros2_ws/install/vision_interfaces/share/vision_interfaces/cmake/rosidl_cmake_export_typesupport_targets-extras.cmake
[6.323s] -- Symlinking: /home/juchan-yoon/FR5_robot_control/ros2_ws/install/vision_interfaces/share/vision_interfaces/cmake/rosidl_cmake_export_typesupport_libraries-extras.cmake
[6.329s] -- Symlinking: /home/juchan-yoon/FR5_robot_control/ros2_ws/install/vision_interfaces/share/vision_interfaces/cmake/vision_interfacesConfig.cmake
[6.338s] -- Symlinking: /home/juchan-yoon/FR5_robot_control/ros2_ws/install/vision_interfaces/share/vision_interfaces/cmake/vision_interfacesConfig-version.cmake
[6.347s] -- Symlinking: /home/juchan-yoon/FR5_robot_control/ros2_ws/install/vision_interfaces/share/vision_interfaces/package.xml
[6.362s] -- Installing: /home/juchan-yoon/FR5_robot_control/ros2_ws/install/vision_interfaces/lib/libvision_interfaces__rosidl_generator_c.so
[6.363s] -- Set non-toolchain portion of runtime path of "/home/juchan-yoon/FR5_robot_control/ros2_ws/install/vision_interfaces/lib/libvision_interfaces__rosidl_generator_c.so" to ""
[6.363s] -- Installing: /home/juchan-yoon/FR5_robot_control/ros2_ws/install/vision_interfaces/lib/libvision_interfaces__rosidl_typesupport_fastrtps_c.so
[6.364s] -- Set non-toolchain portion of runtime path of "/home/juchan-yoon/FR5_robot_control/ros2_ws/install/vision_interfaces/lib/libvision_interfaces__rosidl_typesupport_fastrtps_c.so" to ""
[6.365s] -- Installing: /home/juchan-yoon/FR5_robot_control/ros2_ws/install/vision_interfaces/lib/libvision_interfaces__rosidl_typesupport_introspection_c.so
[6.366s] -- Set non-toolchain portion of runtime path of "/home/juchan-yoon/FR5_robot_control/ros2_ws/install/vision_interfaces/lib/libvision_interfaces__rosidl_typesupport_introspection_c.so" to ""
[6.366s] -- Installing: /home/juchan-yoon/FR5_robot_control/ros2_ws/install/vision_interfaces/lib/libvision_interfaces__rosidl_typesupport_c.so
[6.366s] -- Set non-toolchain portion of runtime path of "/home/juchan-yoon/FR5_robot_control/ros2_ws/install/vision_interfaces/lib/libvision_interfaces__rosidl_typesupport_c.so" to ""
[6.366s] -- Installing: /home/juchan-yoon/FR5_robot_control/ros2_ws/install/vision_interfaces/lib/libvision_interfaces__rosidl_typesupport_fastrtps_cpp.so
[6.366s] -- Set non-toolchain portion of runtime path of "/home/juchan-yoon/FR5_robot_control/ros2_ws/install/vision_interfaces/lib/libvision_interfaces__rosidl_typesupport_fastrtps_cpp.so" to ""
[6.367s] -- Installing: /home/juchan-yoon/FR5_robot_control/ros2_ws/install/vision_interfaces/lib/libvision_interfaces__rosidl_typesupport_introspection_cpp.so
[6.367s] -- Set non-toolchain portion of runtime path of "/home/juchan-yoon/FR5_robot_control/ros2_ws/install/vision_interfaces/lib/libvision_interfaces__rosidl_typesupport_introspection_cpp.so" to ""
[6.367s] -- Installing: /home/juchan-yoon/FR5_robot_control/ros2_ws/install/vision_interfaces/lib/libvision_interfaces__rosidl_typesupport_cpp.so
[6.367s] -- Set non-toolchain portion of runtime path of "/home/juchan-yoon/FR5_robot_control/ros2_ws/install/vision_interfaces/lib/libvision_interfaces__rosidl_typesupport_cpp.so" to ""
[6.404s] Listing '/home/juchan-yoon/FR5_robot_control/ros2_ws/install/vision_interfaces/lib/python3.12/site-packages/vision_interfaces'...
[6.404s] Compiling '/home/juchan-yoon/FR5_robot_control/ros2_ws/install/vision_interfaces/lib/python3.12/site-packages/vision_interfaces/__init__.py'...
[6.404s] Listing '/home/juchan-yoon/FR5_robot_control/ros2_ws/install/vision_interfaces/lib/python3.12/site-packages/vision_interfaces/msg'...
[6.404s] Compiling '/home/juchan-yoon/FR5_robot_control/ros2_ws/install/vision_interfaces/lib/python3.12/site-packages/vision_interfaces/msg/__init__.py'...
[6.404s] Compiling '/home/juchan-yoon/FR5_robot_control/ros2_ws/install/vision_interfaces/lib/python3.12/site-packages/vision_interfaces/msg/_detections.py'...
[6.404s] Compiling '/home/juchan-yoon/FR5_robot_control/ros2_ws/install/vision_interfaces/lib/python3.12/site-packages/vision_interfaces/msg/_inspection.py'...
[6.404s] Compiling '/home/juchan-yoon/FR5_robot_control/ros2_ws/install/vision_interfaces/lib/python3.12/site-packages/vision_interfaces/msg/_part.py'...
[6.404s] Compiling '/home/juchan-yoon/FR5_robot_control/ros2_ws/install/vision_interfaces/lib/python3.12/site-packages/vision_interfaces/msg/_vision_status.py'...
[6.407s] -- Installing: /home/juchan-yoon/FR5_robot_control/ros2_ws/install/vision_interfaces/lib/libvision_interfaces__rosidl_generator_py.so
[6.408s] -- Set non-toolchain portion of runtime path of "/home/juchan-yoon/FR5_robot_control/ros2_ws/install/vision_interfaces/lib/libvision_interfaces__rosidl_generator_py.so" to ""
[6.408s] -- Installing: /home/juchan-yoon/FR5_robot_control/ros2_ws/install/vision_interfaces/share/vision_interfaces/cmake/export_vision_interfaces__rosidl_generator_cExport.cmake
[6.408s] -- Installing: /home/juchan-yoon/FR5_robot_control/ros2_ws/install/vision_interfaces/share/vision_interfaces/cmake/export_vision_interfaces__rosidl_generator_cExport-noconfig.cmake
[6.408s] -- Installing: /home/juchan-yoon/FR5_robot_control/ros2_ws/install/vision_interfaces/share/vision_interfaces/cmake/export_vision_interfaces__rosidl_typesupport_fastrtps_cExport.cmake
[6.408s] -- Installing: /home/juchan-yoon/FR5_robot_control/ros2_ws/install/vision_interfaces/share/vision_interfaces/cmake/export_vision_interfaces__rosidl_typesupport_fastrtps_cExport-noconfig.cmake
[6.408s] -- Installing: /home/juchan-yoon/FR5_robot_control/ros2_ws/install/vision_interfaces/share/vision_interfaces/cmake/vision_interfaces__rosidl_typesupport_introspection_cExport.cmake
[6.408s] -- Installing: /home/juchan-yoon/FR5_robot_control/ros2_ws/install/vision_interfaces/share/vision_interfaces/cmake/vision_interfaces__rosidl_typesupport_introspection_cExport-noconfig.cmake
[6.408s] -- Installing: /home/juchan-yoon/FR5_robot_control/ros2_ws/install/vision_interfaces/share/vision_interfaces/cmake/vision_interfaces__rosidl_typesupport_cExport.cmake
[6.408s] -- Installing: /home/juchan-yoon/FR5_robot_control/ros2_ws/install/vision_interfaces/share/vision_interfaces/cmake/vision_interfaces__rosidl_typesupport_cExport-noconfig.cmake
[6.408s] -- Installing: /home/juchan-yoon/FR5_robot_control/ros2_ws/install/vision_interfaces/share/vision_interfaces/cmake/export_vision_interfaces__rosidl_generator_cppExport.cmake
[6.408s] -- Installing: /home/juchan-yoon/FR5_robot_control/ros2_ws/install/vision_interfaces/share/vision_interfaces/cmake/export_vision_interfaces__rosidl_typesupport_fastrtps_cppExport.cmake
[6.408s] -- Installing: /home/juchan-yoon/FR5_robot_control/ros2_ws/install/vision_interfaces/share/vision_interfaces/cmake/export_vision_interfaces__rosidl_typesupport_fastrtps_cppExport-noconfig.cmake
[6.408s] -- Installing: /home/juchan-yoon/FR5_robot_control/ros2_ws/install/vision_interfaces/share/vision_interfaces/cmake/vision_interfaces__rosidl_typesupport_introspection_cppExport.cmake
[6.408s] -- Installing: /home/juchan-yoon/FR5_robot_control/ros2_ws/install/vision_interfaces/share/vision_interfaces/cmake/vision_interfaces__rosidl_typesupport_introspection_cppExport-noconfig.cmake
[6.408s] -- Installing: /home/juchan-yoon/FR5_robot_control/ros2_ws/install/vision_interfaces/share/vision_interfaces/cmake/vision_interfaces__rosidl_typesupport_cppExport.cmake
[6.408s] -- Installing: /home/juchan-yoon/FR5_robot_control/ros2_ws/install/vision_interfaces/share/vision_interfaces/cmake/vision_interfaces__rosidl_typesupport_cppExport-noconfig.cmake
[6.408s] -- Installing: /home/juchan-yoon/FR5_robot_control/ros2_ws/install/vision_interfaces/share/vision_interfaces/cmake/export_vision_interfaces__rosidl_generator_pyExport.cmake
[6.408s] -- Installing: /home/juchan-yoon/FR5_robot_control/ros2_ws/install/vision_interfaces/share/vision_interfaces/cmake/export_vision_interfaces__rosidl_generator_pyExport-noconfig.cmake
[6.410s] Invoked command in '/home/juchan-yoon/FR5_robot_control/ros2_ws/build/vision_interfaces' returned '0': CMAKE_PREFIX_PATH=${CMAKE_PREFIX_PATH}:/home/juchan-yoon/turtlebot3_ws/install/turtlebot3_test:/home/juchan-yoon/turtlebot3_ws/install/turtlebot3_teleop:/home/juchan-yoon/turtlebot3_ws/install/turtlebot3_example:/opt/ros/jazzy DEBUGINFOD_URLS=https://debuginfod.ubuntu.com /usr/bin/cmake --install /home/juchan-yoon/FR5_robot_control/ros2_ws/build/vision_interfaces
